Archive member included to satisfy reference by file (symbol)

c:/program files/raspberry pi/pico sdk v1.5.1/gcc-arm-none-eabi/bin/../lib/gcc/arm-none-eabi/10.3.1/thumb/v6-m/nofp\libgcc.a(_dvmd_tls.o)
                              CMakeFiles/hw12.dir/C_/Users/hyunk/Documents/Pico-v1.5.1/pico-sdk/src/rp2_common/pico_divider/divider.S.obj (__aeabi_idiv0)
c:/program files/raspberry pi/pico sdk v1.5.1/gcc-arm-none-eabi/bin/../lib/gcc/arm-none-eabi/10.3.1/../../../../arm-none-eabi/lib/thumb/v6-m/nofp\libg.a(lib_a-calloc.o)
                              CMakeFiles/hw12.dir/C_/Users/hyunk/Documents/Pico-v1.5.1/pico-sdk/src/rp2_common/pico_malloc/pico_malloc.c.obj (calloc)
c:/program files/raspberry pi/pico sdk v1.5.1/gcc-arm-none-eabi/bin/../lib/gcc/arm-none-eabi/10.3.1/../../../../arm-none-eabi/lib/thumb/v6-m/nofp\libg.a(lib_a-callocr.o)
                              c:/program files/raspberry pi/pico sdk v1.5.1/gcc-arm-none-eabi/bin/../lib/gcc/arm-none-eabi/10.3.1/../../../../arm-none-eabi/lib/thumb/v6-m/nofp\libg.a(lib_a-calloc.o) (_calloc_r)
c:/program files/raspberry pi/pico sdk v1.5.1/gcc-arm-none-eabi/bin/../lib/gcc/arm-none-eabi/10.3.1/../../../../arm-none-eabi/lib/thumb/v6-m/nofp\libg.a(lib_a-errno.o)
                              c:/program files/raspberry pi/pico sdk v1.5.1/gcc-arm-none-eabi/bin/../lib/gcc/arm-none-eabi/10.3.1/../../../../arm-none-eabi/lib/thumb/v6-m/nofp\libg.a(lib_a-callocr.o) (__errno)
c:/program files/raspberry pi/pico sdk v1.5.1/gcc-arm-none-eabi/bin/../lib/gcc/arm-none-eabi/10.3.1/../../../../arm-none-eabi/lib/thumb/v6-m/nofp\libg.a(lib_a-impure.o)
                              c:/program files/raspberry pi/pico sdk v1.5.1/gcc-arm-none-eabi/bin/../lib/gcc/arm-none-eabi/10.3.1/../../../../arm-none-eabi/lib/thumb/v6-m/nofp\libg.a(lib_a-calloc.o) (_impure_ptr)
c:/program files/raspberry pi/pico sdk v1.5.1/gcc-arm-none-eabi/bin/../lib/gcc/arm-none-eabi/10.3.1/../../../../arm-none-eabi/lib/thumb/v6-m/nofp\libg.a(lib_a-init.o)
                              c:/program files/raspberry pi/pico sdk v1.5.1/gcc-arm-none-eabi/bin/../lib/gcc/arm-none-eabi/10.3.1/../../../../arm-none-eabi/lib/thumb/v6-m/nofp/crt0.o (__libc_init_array)
c:/program files/raspberry pi/pico sdk v1.5.1/gcc-arm-none-eabi/bin/../lib/gcc/arm-none-eabi/10.3.1/../../../../arm-none-eabi/lib/thumb/v6-m/nofp\libg.a(lib_a-malloc.o)
                              CMakeFiles/hw12.dir/C_/Users/hyunk/Documents/Pico-v1.5.1/pico-sdk/src/rp2_common/pico_malloc/pico_malloc.c.obj (malloc)
c:/program files/raspberry pi/pico sdk v1.5.1/gcc-arm-none-eabi/bin/../lib/gcc/arm-none-eabi/10.3.1/../../../../arm-none-eabi/lib/thumb/v6-m/nofp\libg.a(lib_a-mallocr.o)
                              c:/program files/raspberry pi/pico sdk v1.5.1/gcc-arm-none-eabi/bin/../lib/gcc/arm-none-eabi/10.3.1/../../../../arm-none-eabi/lib/thumb/v6-m/nofp\libg.a(lib_a-callocr.o) (_malloc_r)
c:/program files/raspberry pi/pico sdk v1.5.1/gcc-arm-none-eabi/bin/../lib/gcc/arm-none-eabi/10.3.1/../../../../arm-none-eabi/lib/thumb/v6-m/nofp\libg.a(lib_a-mlock.o)
                              c:/program files/raspberry pi/pico sdk v1.5.1/gcc-arm-none-eabi/bin/../lib/gcc/arm-none-eabi/10.3.1/../../../../arm-none-eabi/lib/thumb/v6-m/nofp\libg.a(lib_a-mallocr.o) (__malloc_lock)
c:/program files/raspberry pi/pico sdk v1.5.1/gcc-arm-none-eabi/bin/../lib/gcc/arm-none-eabi/10.3.1/../../../../arm-none-eabi/lib/thumb/v6-m/nofp\libg.a(lib_a-realloc.o)
                              CMakeFiles/hw12.dir/C_/Users/hyunk/Documents/Pico-v1.5.1/pico-sdk/src/rp2_common/pico_malloc/pico_malloc.c.obj (realloc)
c:/program files/raspberry pi/pico sdk v1.5.1/gcc-arm-none-eabi/bin/../lib/gcc/arm-none-eabi/10.3.1/../../../../arm-none-eabi/lib/thumb/v6-m/nofp\libg.a(lib_a-reallocr.o)
                              c:/program files/raspberry pi/pico sdk v1.5.1/gcc-arm-none-eabi/bin/../lib/gcc/arm-none-eabi/10.3.1/../../../../arm-none-eabi/lib/thumb/v6-m/nofp\libg.a(lib_a-realloc.o) (_realloc_r)
c:/program files/raspberry pi/pico sdk v1.5.1/gcc-arm-none-eabi/bin/../lib/gcc/arm-none-eabi/10.3.1/../../../../arm-none-eabi/lib/thumb/v6-m/nofp\libg.a(lib_a-sbrkr.o)
                              c:/program files/raspberry pi/pico sdk v1.5.1/gcc-arm-none-eabi/bin/../lib/gcc/arm-none-eabi/10.3.1/../../../../arm-none-eabi/lib/thumb/v6-m/nofp\libg.a(lib_a-mallocr.o) (_sbrk_r)
c:/program files/raspberry pi/pico sdk v1.5.1/gcc-arm-none-eabi/bin/../lib/gcc/arm-none-eabi/10.3.1/../../../../arm-none-eabi/lib/thumb/v6-m/nofp\libg.a(lib_a-strlen-stub.o)
                              CMakeFiles/hw12.dir/C_/Users/hyunk/Documents/Pico-v1.5.1/pico-sdk/src/rp2_common/pico_stdio/stdio.c.obj (strlen)
c:/program files/raspberry pi/pico sdk v1.5.1/gcc-arm-none-eabi/bin/../lib/gcc/arm-none-eabi/10.3.1/../../../../arm-none-eabi/lib/thumb/v6-m/nofp\libg.a(lib_a-freer.o)
[...]
Memory Configuration

Name             Origin             Length             Attributes
FLASH            0x10000000         0x00200000         xr
RAM              0x20000000         0x00040000         xrw
SCRATCH_X        0x20040000         0x00001000         xrw
SCRATCH_Y        0x20041000         0x00001000         xrw
*default*        0x00000000         0xffffffff

Linker script and memory map

LOAD c:/program files/raspberry pi/pico sdk v1.5.1/gcc-arm-none-eabi/bin/../lib/gcc/arm-none-eabi/10.3.1/thumb/v6-m/nofp/crti.o
LOAD c:/program files/raspberry pi/pico sdk v1.5.1/gcc-arm-none-eabi/bin/../lib/gcc/arm-none-eabi/10.3.1/thumb/v6-m/nofp/crtbegin.o
LOAD c:/program files/raspberry pi/pico sdk v1.5.1/gcc-arm-none-eabi/bin/../lib/gcc/arm-none-eabi/10.3.1/../../../../arm-none-eabi/lib/thumb/v6-m/nofp/crt0.o

.flash_begin    0x10000000        0x0
                0x10000000                __flash_binary_start = .

.boot2          0x10000000      0x100
                0x10000000                __boot2_start__ = .
 *(.boot2)
 .boot2         0x10000000      0x100 C:\Users\hyunk\AppData\Local\Temp\cc4NKKLp.o
                0x10000100                __boot2_end__ = .
                0x00000001                ASSERT (((__boot2_end__ - __boot2_start__) == 0x100), ERROR: Pico second stage bootloader must be 256 bytes in size)

.text           0x10000100     0x6d40
                0x10000100                __logical_binary_start = .
 *(.vectors)
 .vectors       0x10000100       0xd4 CMakeFiles/hw12.dir/C_/Users/hyunk/Documents/Pico-v1.5.1/pico-sdk/src/rp2_common/pico_standard_link/crt0.S.obj
                0x10000100                __VECTOR_TABLE
                0x10000100                __vectors
                0x100001c0                isr_invalid
                0x100001c0                __default_isrs_start
                0x100001c2                isr_nmi
                0x100001c4                isr_hardfault
                0x100001c6                isr_svcall
                0x100001c8                isr_pendsv
                0x100001ca                isr_systick
                0x100001cc                isr_irq23
                0x100001cc                isr_irq18
                0x100001cc                isr_irq11
                0x100001cc                isr_irq28
                0x100001cc                isr_irq19
                0x100001cc                isr_irq0
                0x100001cc                isr_irq6
                0x100001cc                isr_irq5
                0x100001cc                isr_irq12
                0x100001cc                isr_irq22
                0x100001cc                isr_irq31
                0x100001cc                isr_irq17
                0x100001cc                isr_irq27
                0x100001cc                isr_irq30
                0x100001cc                isr_irq2
                0x100001cc                isr_irq10
                0x100001cc                isr_irq8
                0x100001cc                isr_irq24
                0x100001cc                isr_irq1
                0x100001cc                isr_irq7
                0x100001cc                isr_irq21
                0x100001cc                isr_irq20
                0x100001cc                isr_irq15
                0x100001cc                isr_irq25
                0x100001cc                isr_irq13
                0x100001cc                __unhandled_user_irq
                0x100001cc                isr_irq4
                0x100001cc                isr_irq16
                0x100001cc                isr_irq29
                0x100001cc                isr_irq26
                0x100001cc                __default_isrs_end
                0x100001cc                isr_irq3
                0x100001cc                isr_irq14
                0x100001cc                isr_irq9
                0x100001d2                unhandled_user_irq_num_in_r0
 *(.binary_info_header)
 .binary_info_header
                0x100001d4       0x14 CMakeFiles/hw12.dir/C_/Users/hyunk/Documents/Pico-v1.5.1/pico-sdk/src/rp2_common/pico_standard_link/crt0.S.obj
                0x100001e8                __binary_info_header_end = .
 *(.reset)
 .reset         0x100001e8       0xa0 CMakeFiles/hw12.dir/C_/Users/hyunk/Documents/Pico-v1.5.1/pico-sdk/src/rp2_common/pico_standard_link/crt0.S.obj
                0x100001e8                _entry_point
 .reset         0x10000288       0x30 CMakeFiles/hw12.dir/C_/Users/hyunk/Documents/Pico-v1.5.1/pico-sdk/src/rp2_common/pico_standard_link/binary_info.c.obj
 *(.init)
 .init          0x100002b8        0x4 c:/program files/raspberry pi/pico sdk v1.5.1/gcc-arm-none-eabi/bin/../lib/gcc/arm-none-eabi/10.3.1/thumb/v6-m/nofp/crti.o
                0x100002b8                _init
 *(EXCLUDE_FILE(*libm.a: *libc.a:*lib_a-mem*.o *libgcc.a:) .text*)
 .text          0x100002bc       0x48 c:/program files/raspberry pi/pico sdk v1.5.1/gcc-arm-none-eabi/bin/../lib/gcc/arm-none-eabi/10.3.1/thumb/v6-m/nofp/crtbegin.o
 .text.set_degrees
                0x10000304       0x54 CMakeFiles/hw12.dir/hw12.c.obj
                0x10000304                set_degrees
 .text.pwm_cycle_init
                0x10000358       0x34 CMakeFiles/hw12.dir/hw12.c.obj
                0x10000358                pwm_cycle_init
 .text.main     0x1000038c       0x68 CMakeFiles/hw12.dir/hw12.c.obj
                0x1000038c                main
 .text.gpio_set_function
                0x100003f4       0x30 CMakeFiles/hw12.dir/C_/Users/hyunk/Documents/Pico-v1.5.1/pico-sdk/src/rp2_common/hardware_gpio/gpio.c.obj
                0x100003f4                gpio_set_function
 .text.running_on_fpga
                0x10000424       0x14 CMakeFiles/hw12.dir/C_/Users/hyunk/Documents/Pico-v1.5.1/pico-sdk/src/rp2_common/pico_platform/platform.c.obj
                0x10000424                running_on_fpga
 .text.hw_claim_lock
                0x10000438       0x18 CMakeFiles/hw12.dir/C_/Users/hyunk/Documents/Pico-v1.5.1/pico-sdk/src/rp2_common/hardware_claim/claim.c.obj
                0x10000438                hw_claim_lock
 .text.hw_claim_unlock
                0x10000450       0x14 CMakeFiles/hw12.dir/C_/Users/hyunk/Documents/Pico-v1.5.1/pico-sdk/src/rp2_common/hardware_claim/claim.c.obj
                0x10000450                hw_claim_unlock
 .text.hw_claim_or_assert
                0x10000464       0x32 CMakeFiles/hw12.dir/C_/Users/hyunk/Documents/Pico-v1.5.1/pico-sdk/src/rp2_common/hardware_claim/claim.c.obj
                0x10000464                hw_claim_or_assert
 .text.hw_claim_unused_from_range
                0x10000496       0x50 CMakeFiles/hw12.dir/C_/Users/hyunk/Documents/Pico-v1.5.1/pico-sdk/src/rp2_common/hardware_claim/claim.c.obj
                0x10000496                hw_claim_unused_from_range
 *fill*         0x100004e6        0x2 
 .text.spin_locks_reset
                0x100004e8       0x20 CMakeFiles/hw12.dir/C_/Users/hyunk/Documents/Pico-v1.5.1/pico-sdk/src/rp2_common/hardware_sync/sync.c.obj
                0x100004e8                spin_locks_reset
 .text.next_striped_spin_lock_num
                0x10000508       0x1c CMakeFiles/hw12.dir/C_/Users/hyunk/Documents/Pico-v1.5.1/pico-sdk/src/rp2_common/hardware_sync/sync.c.obj
                0x10000508                next_striped_spin_lock_num
 .text.spin_lock_claim_unused
                0x10000524       0x20 CMakeFiles/hw12.dir/C_/Users/hyunk/Documents/Pico-v1.5.1/pico-sdk/src/rp2_common/hardware_sync/sync.c.obj
                0x10000524                spin_lock_claim_unused
 .text.set_raw_irq_handler_and_unlock
                0x10000544       0x28 CMakeFiles/hw12.dir/C_/Users/hyunk/Documents/Pico-v1.5.1/pico-sdk/src/rp2_common/hardware_irq/irq.c.obj
 .text.make_branch
                0x1000056c       0x48 CMakeFiles/hw12.dir/C_/Users/hyunk/Documents/Pico-v1.5.1/pico-sdk/src/rp2_common/hardware_irq/irq.c.obj
 .text.insert_branch_and_link
                0x100005b4       0x40 CMakeFiles/hw12.dir/C_/Users/hyunk/Documents/Pico-v1.5.1/pico-sdk/src/rp2_common/hardware_irq/irq.c.obj
 .text.irq_is_enabled
                0x100005f4       0x18 CMakeFiles/hw12.dir/C_/Users/hyunk/Documents/Pico-v1.5.1/pico-sdk/src/rp2_common/hardware_irq/irq.c.obj
                0x100005f4                irq_is_enabled
 .text.irq_set_mask_enabled
                0x1000060c       0x20 CMakeFiles/hw12.dir/C_/Users/hyunk/Documents/Pico-v1.5.1/pico-sdk/src/rp2_common/hardware_irq/irq.c.obj
                0x1000060c                irq_set_mask_enabled
 .text.irq_set_enabled
                0x1000062c        0xe CMakeFiles/hw12.dir/C_/Users/hyunk/Documents/Pico-v1.5.1/pico-sdk/src/rp2_common/hardware_irq/irq.c.obj
                0x1000062c                irq_set_enabled
 *fill*         0x1000063a        0x2 
 .text.irq_set_pending
                0x1000063c       0x10 CMakeFiles/hw12.dir/C_/Users/hyunk/Documents/Pico-v1.5.1/pico-sdk/src/rp2_common/hardware_irq/irq.c.obj
                0x1000063c                irq_set_pending
 .text.irq_get_vtable_handler
                0x1000064c       0x10 CMakeFiles/hw12.dir/C_/Users/hyunk/Documents/Pico-v1.5.1/pico-sdk/src/rp2_common/hardware_irq/irq.c.obj
                0x1000064c                irq_get_vtable_handler
 .text.irq_has_shared_handler
                0x1000065c       0x24 CMakeFiles/hw12.dir/C_/Users/hyunk/Documents/Pico-v1.5.1/pico-sdk/src/rp2_common/hardware_irq/irq.c.obj
                0x1000065c                irq_has_shared_handler
 .text.irq_set_exclusive_handler
                0x10000680       0x54 CMakeFiles/hw12.dir/C_/Users/hyunk/Documents/Pico-v1.5.1/pico-sdk/src/rp2_common/hardware_irq/irq.c.obj
                0x10000680                irq_set_exclusive_handler
 .text.irq_add_shared_handler
                0x100006d4      0x234 CMakeFiles/hw12.dir/C_/Users/hyunk/Documents/Pico-v1.5.1/pico-sdk/src/rp2_common/hardware_irq/irq.c.obj
                0x100006d4                irq_add_shared_handler
 .text.irq_remove_handler
                0x10000908      0x1ac CMakeFiles/hw12.dir/C_/Users/hyunk/Documents/Pico-v1.5.1/pico-sdk/src/rp2_common/hardware_irq/irq.c.obj
                0x10000908                irq_remove_handler
 .text.irq_add_tail_to_free_list
                0x10000ab4       0xf0 CMakeFiles/hw12.dir/C_/Users/hyunk/Documents/Pico-v1.5.1/pico-sdk/src/rp2_common/hardware_irq/irq.c.obj
                0x10000ab4                irq_add_tail_to_free_list
 .text.irq_init_priorities
                0x10000ba4       0x1c CMakeFiles/hw12.dir/C_/Users/hyunk/Documents/Pico-v1.5.1/pico-sdk/src/rp2_common/hardware_irq/irq.c.obj
                0x10000ba4                irq_init_priorities
 .text.user_irq_claim_unused
                0x10000bc0       0x28 CMakeFiles/hw12.dir/C_/Users/hyunk/Documents/Pico-v1.5.1/pico-sdk/src/rp2_common/hardware_irq/irq.c.obj
                0x10000bc0                user_irq_claim_unused
 .text.lock_init
                0x10000be8       0x10 CMakeFiles/hw12.dir/C_/Users/hyunk/Documents/Pico-v1.5.1/pico-sdk/src/common/pico_sync/lock_core.c.obj
                0x10000be8                lock_init
 .text.mutex_init
                0x10000bf8       0x1a CMakeFiles/hw12.dir/C_/Users/hyunk/Documents/Pico-v1.5.1/pico-sdk/src/common/pico_sync/mutex.c.obj
                0x10000bf8                mutex_init
 .text.recursive_mutex_init
                0x10000c12       0x1e CMakeFiles/hw12.dir/C_/Users/hyunk/Documents/Pico-v1.5.1/pico-sdk/src/common/pico_sync/mutex.c.obj
                0x10000c12                recursive_mutex_init
 .text.critical_section_init_with_lock_num
                0x10000c30       0x14 CMakeFiles/hw12.dir/C_/Users/hyunk/Documents/Pico-v1.5.1/pico-sdk/src/common/pico_sync/critical_section.c.obj
                0x10000c30                critical_section_init_with_lock_num
 .text.critical_section_init
                0x10000c44       0x14 CMakeFiles/hw12.dir/C_/Users/hyunk/Documents/Pico-v1.5.1/pico-sdk/src/common/pico_sync/critical_section.c.obj
                0x10000c44                critical_section_init
 .text.alarm_pool_post_alloc_init
                0x10000c58       0x40 CMakeFiles/hw12.dir/C_/Users/hyunk/Documents/Pico-v1.5.1/pico-sdk/src/common/pico_time/time.c.obj
 .text.sleep_until_callback
                0x10000c98       0x30 CMakeFiles/hw12.dir/C_/Users/hyunk/Documents/Pico-v1.5.1/pico-sdk/src/common/pico_time/time.c.obj
 .text.timer_pool_entry_comparator
                0x10000cc8       0x7c CMakeFiles/hw12.dir/C_/Users/hyunk/Documents/Pico-v1.5.1/pico-sdk/src/common/pico_time/time.c.obj
                0x10000cc8                timer_pool_entry_comparator
 .text.ph_add_child_node
                0x10000d44       0xa4 CMakeFiles/hw12.dir/C_/Users/hyunk/Documents/Pico-v1.5.1/pico-sdk/src/common/pico_time/time.c.obj
 .text.ph_merge_nodes
                0x10000de8       0x3e CMakeFiles/hw12.dir/C_/Users/hyunk/Documents/Pico-v1.5.1/pico-sdk/src/common/pico_time/time.c.obj
 *fill*         0x10000e26        0x2 
 .text.add_alarm_under_lock
                0x10000e28      0x174 CMakeFiles/hw12.dir/C_/Users/hyunk/Documents/Pico-v1.5.1/pico-sdk/src/common/pico_time/time.c.obj
 .text.alarm_pool_alarm_callback
                0x10000f9c      0x33c CMakeFiles/hw12.dir/C_/Users/hyunk/Documents/Pico-v1.5.1/pico-sdk/src/common/pico_time/time.c.obj
 .text.alarm_pool_init_default
                0x100012d8       0x40 CMakeFiles/hw12.dir/C_/Users/hyunk/Documents/Pico-v1.5.1/pico-sdk/src/common/pico_time/time.c.obj
                0x100012d8                alarm_pool_init_default
 .text.alarm_pool_get_default
                0x10001318       0x2c CMakeFiles/hw12.dir/C_/Users/hyunk/Documents/Pico-v1.5.1/pico-sdk/src/common/pico_time/time.c.obj
                0x10001318                alarm_pool_get_default
 .text.alarm_pool_add_alarm_at
                0x10001344      0x168 CMakeFiles/hw12.dir/C_/Users/hyunk/Documents/Pico-v1.5.1/pico-sdk/src/common/pico_time/time.c.obj
                0x10001344                alarm_pool_add_alarm_at
 .text.alarm_pool_cancel_alarm
                0x100014ac       0xf8 CMakeFiles/hw12.dir/C_/Users/hyunk/Documents/Pico-v1.5.1/pico-sdk/src/common/pico_time/time.c.obj
                0x100014ac                alarm_pool_cancel_alarm
 .text.alarm_pool_core_num
                0x100015a4        0x4 CMakeFiles/hw12.dir/C_/Users/hyunk/Documents/Pico-v1.5.1/pico-sdk/src/common/pico_time/time.c.obj
                0x100015a4                alarm_pool_core_num
 .text.sleep_until
                0x100015a8       0xfc CMakeFiles/hw12.dir/C_/Users/hyunk/Documents/Pico-v1.5.1/pico-sdk/src/common/pico_time/time.c.obj
                0x100015a8                sleep_until
 .text.sleep_us
                0x100016a4       0x58 CMakeFiles/hw12.dir/C_/Users/hyunk/Documents/Pico-v1.5.1/pico-sdk/src/common/pico_time/time.c.obj
                0x100016a4                sleep_us
 .text.sleep_ms
                0x100016fc       0x14 CMakeFiles/hw12.dir/C_/Users/hyunk/Documents/Pico-v1.5.1/pico-sdk/src/common/pico_time/time.c.obj
                0x100016fc                sleep_ms
 .text.best_effort_wfe_or_timeout
                0x10001710       0xac CMakeFiles/hw12.dir/C_/Users/hyunk/Documents/Pico-v1.5.1/pico-sdk/src/common/pico_time/time.c.obj
                0x10001710                best_effort_wfe_or_timeout
 .text.hardware_alarm_irq_handler
                0x100017bc       0x90 CMakeFiles/hw12.dir/C_/Users/hyunk/Documents/Pico-v1.5.1/pico-sdk/src/rp2_common/hardware_timer/timer.c.obj
 .text.hardware_alarm_claim
                0x1000184c       0x18 CMakeFiles/hw12.dir/C_/Users/hyunk/Documents/Pico-v1.5.1/pico-sdk/src/rp2_common/hardware_timer/timer.c.obj
                0x1000184c                hardware_alarm_claim
 .text.time_us_64
                0x10001864       0x18 CMakeFiles/hw12.dir/C_/Users/hyunk/Documents/Pico-v1.5.1/pico-sdk/src/rp2_common/hardware_timer/timer.c.obj
                0x10001864                time_us_64
 .text.busy_wait_until
                0x1000187c       0x28 CMakeFiles/hw12.dir/C_/Users/hyunk/Documents/Pico-v1.5.1/pico-sdk/src/rp2_common/hardware_timer/timer.c.obj
                0x1000187c                busy_wait_until
 .text.hardware_alarm_set_callback
                0x100018a4       0x90 CMakeFiles/hw12.dir/C_/Users/hyunk/Documents/Pico-v1.5.1/pico-sdk/src/rp2_common/hardware_timer/timer.c.obj
                0x100018a4                hardware_alarm_set_callback
 .text.hardware_alarm_set_target
                0x10001934       0xe8 CMakeFiles/hw12.dir/C_/Users/hyunk/Documents/Pico-v1.5.1/pico-sdk/src/rp2_common/hardware_timer/timer.c.obj
                0x10001934                hardware_alarm_set_target
 .text.hardware_alarm_cancel
                0x10001a1c       0x40 CMakeFiles/hw12.dir/C_/Users/hyunk/Documents/Pico-v1.5.1/pico-sdk/src/rp2_common/hardware_timer/timer.c.obj
                0x10001a1c                hardware_alarm_cancel
 .text.ph_add_child_node
                0x10001a5c       0xa4 CMakeFiles/hw12.dir/C_/Users/hyunk/Documents/Pico-v1.5.1/pico-sdk/src/common/pico_util/pheap.c.obj
 .text.ph_merge_nodes
                0x10001b00       0x3e CMakeFiles/hw12.dir/C_/Users/hyunk/Documents/Pico-v1.5.1/pico-sdk/src/common/pico_util/pheap.c.obj
 *fill*         0x10001b3e        0x2 
 .text.ph_clear
                0x10001b40       0x70 CMakeFiles/hw12.dir/C_/Users/hyunk/Documents/Pico-v1.5.1/pico-sdk/src/common/pico_util/pheap.c.obj
                0x10001b40                ph_clear
 .text.ph_post_alloc_init
                0x10001bb0        0xe CMakeFiles/hw12.dir/C_/Users/hyunk/Documents/Pico-v1.5.1/pico-sdk/src/common/pico_util/pheap.c.obj
                0x10001bb0                ph_post_alloc_init
 *fill*         0x10001bbe        0x2 
 .text.ph_merge_two_pass
                0x10001bc0       0xa8 CMakeFiles/hw12.dir/C_/Users/hyunk/Documents/Pico-v1.5.1/pico-sdk/src/common/pico_util/pheap.c.obj
                0x10001bc0                ph_merge_two_pass
 .text.ph_remove_any_head
                0x10001c68      0x128 CMakeFiles/hw12.dir/C_/Users/hyunk/Documents/Pico-v1.5.1/pico-sdk/src/common/pico_util/pheap.c.obj
 .text.ph_remove_head
                0x10001d90       0x14 CMakeFiles/hw12.dir/C_/Users/hyunk/Documents/Pico-v1.5.1/pico-sdk/src/common/pico_util/pheap.c.obj
                0x10001d90                ph_remove_head
 .text.ph_remove_and_free_node
                0x10001da4       0xf8 CMakeFiles/hw12.dir/C_/Users/hyunk/Documents/Pico-v1.5.1/pico-sdk/src/common/pico_util/pheap.c.obj
                0x10001da4                ph_remove_and_free_node
 .text.clock_configure
                0x10001e9c      0x108 CMakeFiles/hw12.dir/C_/Users/hyunk/Documents/Pico-v1.5.1/pico-sdk/src/rp2_common/hardware_clocks/clocks.c.obj
                0x10001e9c                clock_configure
 .text.clocks_init
                0x10001fa4      0x100 CMakeFiles/hw12.dir/C_/Users/hyunk/Documents/Pico-v1.5.1/pico-sdk/src/rp2_common/hardware_clocks/clocks.c.obj
                0x10001fa4                clocks_init
 .text.pll_init
                0x100020a4      0x120 CMakeFiles/hw12.dir/C_/Users/hyunk/Documents/Pico-v1.5.1/pico-sdk/src/rp2_common/hardware_pll/pll.c.obj
                0x100020a4                pll_init
 .text.watchdog_start_tick
                0x100021c4       0x10 CMakeFiles/hw12.dir/C_/Users/hyunk/Documents/Pico-v1.5.1/pico-sdk/src/rp2_common/hardware_watchdog/watchdog.c.obj
                0x100021c4                watchdog_start_tick
 .text.watchdog_update
                0x100021d4       0x14 CMakeFiles/hw12.dir/C_/Users/hyunk/Documents/Pico-v1.5.1/pico-sdk/src/rp2_common/hardware_watchdog/watchdog.c.obj
                0x100021d4                watchdog_update
 .text._watchdog_enable
                0x100021e8       0x78 CMakeFiles/hw12.dir/C_/Users/hyunk/Documents/Pico-v1.5.1/pico-sdk/src/rp2_common/hardware_watchdog/watchdog.c.obj
                0x100021e8                _watchdog_enable
 .text.watchdog_reboot
                0x10002260       0x48 CMakeFiles/hw12.dir/C_/Users/hyunk/Documents/Pico-v1.5.1/pico-sdk/src/rp2_common/hardware_watchdog/watchdog.c.obj
                0x10002260                watchdog_reboot
 .text.xosc_init
                0x100022a8       0x28 CMakeFiles/hw12.dir/C_/Users/hyunk/Documents/Pico-v1.5.1/pico-sdk/src/rp2_common/hardware_xosc/xosc.c.obj
                0x100022a8                xosc_init
 .text._exit    0x100022d0        0x4 CMakeFiles/hw12.dir/C_/Users/hyunk/Documents/Pico-v1.5.1/pico-sdk/src/rp2_common/pico_runtime/runtime.c.obj
                0x100022d0                _exit
 .text.exit     0x100022d4        0x6 CMakeFiles/hw12.dir/C_/Users/hyunk/Documents/Pico-v1.5.1/pico-sdk/src/rp2_common/pico_runtime/runtime.c.obj
                0x100022d4                exit
 *fill*         0x100022da        0x2 
 .text.__assert_func
                0x100022dc       0x3c CMakeFiles/hw12.dir/C_/Users/hyunk/Documents/Pico-v1.5.1/pico-sdk/src/rp2_common/pico_runtime/runtime.c.obj
                0x100022dc                __assert_func
 .text.runtime_init
                0x10002318       0xf8 CMakeFiles/hw12.dir/C_/Users/hyunk/Documents/Pico-v1.5.1/pico-sdk/src/rp2_common/pico_runtime/runtime.c.obj
                0x10002318                runtime_init
 .text.panic    0x10002410       0x30 CMakeFiles/hw12.dir/C_/Users/hyunk/Documents/Pico-v1.5.1/pico-sdk/src/rp2_common/pico_runtime/runtime.c.obj
                0x10002410                panic
 .text._out_null
                0x10002440        0x2 CMakeFiles/hw12.dir/C_/Users/hyunk/Documents/Pico-v1.5.1/pico-sdk/src/rp2_common/pico_printf/printf.c.obj
 .text._out_fct
                0x10002442        0xe CMakeFiles/hw12.dir/C_/Users/hyunk/Documents/Pico-v1.5.1/pico-sdk/src/rp2_common/pico_printf/printf.c.obj
 .text._atoi    0x10002450       0x24 CMakeFiles/hw12.dir/C_/Users/hyunk/Documents/Pico-v1.5.1/pico-sdk/src/rp2_common/pico_printf/printf.c.obj
 .text._out_rev
                0x10002474       0xae CMakeFiles/hw12.dir/C_/Users/hyunk/Documents/Pico-v1.5.1/pico-sdk/src/rp2_common/pico_printf/printf.c.obj
 .text._ntoa_format
                0x10002522      0x112 CMakeFiles/hw12.dir/C_/Users/hyunk/Documents/Pico-v1.5.1/pico-sdk/src/rp2_common/pico_printf/printf.c.obj
 .text._ntoa_long
                0x10002634       0xbc CMakeFiles/hw12.dir/C_/Users/hyunk/Documents/Pico-v1.5.1/pico-sdk/src/rp2_common/pico_printf/printf.c.obj
 .text._ntoa_long_long
                0x100026f0       0xe2 CMakeFiles/hw12.dir/C_/Users/hyunk/Documents/Pico-v1.5.1/pico-sdk/src/rp2_common/pico_printf/printf.c.obj
 *fill*         0x100027d2        0x2 
 .text._etoa    0x100027d4      0x414 CMakeFiles/hw12.dir/C_/Users/hyunk/Documents/Pico-v1.5.1/pico-sdk/src/rp2_common/pico_printf/printf.c.obj
 .text._ftoa    0x10002be8      0x354 CMakeFiles/hw12.dir/C_/Users/hyunk/Documents/Pico-v1.5.1/pico-sdk/src/rp2_common/pico_printf/printf.c.obj
 .text._vsnprintf
                0x10002f3c      0x624 CMakeFiles/hw12.dir/C_/Users/hyunk/Documents/Pico-v1.5.1/pico-sdk/src/rp2_common/pico_printf/printf.c.obj
 .text.vfctprintf
                0x10003560       0x20 CMakeFiles/hw12.dir/C_/Users/hyunk/Documents/Pico-v1.5.1/pico-sdk/src/rp2_common/pico_printf/printf.c.obj
                0x10003560                vfctprintf
 .text          0x10003580       0x10 CMakeFiles/hw12.dir/C_/Users/hyunk/Documents/Pico-v1.5.1/pico-sdk/src/rp2_common/pico_bit_ops/bit_ops_aeabi.S.obj
 .text.rom_func_lookup
                0x10003590       0x10 CMakeFiles/hw12.dir/C_/Users/hyunk/Documents/Pico-v1.5.1/pico-sdk/src/rp2_common/pico_bootrom/bootrom.c.obj
                0x10003590                rom_func_lookup
 .text.rom_data_lookup
                0x100035a0       0x10 CMakeFiles/hw12.dir/C_/Users/hyunk/Documents/Pico-v1.5.1/pico-sdk/src/rp2_common/pico_bootrom/bootrom.c.obj
                0x100035a0                rom_data_lookup
 .text.rom_funcs_lookup
                0x100035b0       0x36 CMakeFiles/hw12.dir/C_/Users/hyunk/Documents/Pico-v1.5.1/pico-sdk/src/rp2_common/pico_bootrom/bootrom.c.obj
                0x100035b0                rom_funcs_lookup
 *fill*         0x100035e6        0x2 
 .text.__wrap___aeabi_idiv
                0x100035e8       0x50 CMakeFiles/hw12.dir/C_/Users/hyunk/Documents/Pico-v1.5.1/pico-sdk/src/rp2_common/pico_divider/divider.S.obj
                0x100035e8                __wrap___aeabi_idivmod
                0x100035e8                divmod_s32s32
                0x100035e8                div_s32s32
                0x100035e8                __wrap___aeabi_idiv
                0x100035f0                divmod_s32s32_unsafe
                0x1000361c                divmod_s32s32_savestate
 .text.__wrap___aeabi_uidiv
                0x10003638       0x4c CMakeFiles/hw12.dir/C_/Users/hyunk/Documents/Pico-v1.5.1/pico-sdk/src/rp2_common/pico_divider/divider.S.obj
                0x10003638                __wrap___aeabi_uidiv
                0x10003638                __wrap___aeabi_uidivmod
                0x10003638                div_u32u32
                0x10003638                divmod_u32u32
                0x10003640                divmod_u32u32_unsafe
                0x10003668                divmod_u32u32_savestate
 .text.__wrap___aeabi_ldiv
                0x10003684      0x424 CMakeFiles/hw12.dir/C_/Users/hyunk/Documents/Pico-v1.5.1/pico-sdk/src/rp2_common/pico_divider/divider.S.obj
                0x10003684                div_s64s64
                0x10003684                divmod_s64s64
                0x10003684                __wrap___aeabi_ldivmod
                0x100036b4                divmod_u64u64
                0x100036b4                div_u64u64
                0x100036b4                __wrap___aeabi_uldivmod
                0x100036c4                divmod_u64u64_savestate
                0x100036e4                divmod_s64s64_unsafe
                0x1000376c                divmod_u64u64_unsafe
 .text.__wrap___aeabi_darithmetic
                0x10003aa8       0x80 CMakeFiles/hw12.dir/C_/Users/hyunk/Documents/Pico-v1.5.1/pico-sdk/src/rp2_common/pico_double/double_aeabi.S.obj
                0x10003aa8                __wrap___aeabi_drsub
                0x10003aae                __wrap___aeabi_dsub
                0x10003ac0                __wrap___aeabi_dadd
                0x10003ad2                __wrap___aeabi_ddiv
                0x10003b0e                __wrap___aeabi_dmul
 .text.__wrap___aeabi_cdcmple
                0x10003b28       0x6c CMakeFiles/hw12.dir/C_/Users/hyunk/Documents/Pico-v1.5.1/pico-sdk/src/rp2_common/pico_double/double_aeabi.S.obj
                0x10003b28                __wrap___aeabi_cdrcmple
                0x10003b38                __wrap___aeabi_cdcmpeq
                0x10003b38                __wrap___aeabi_cdcmple
 .text.__wrap___aeabi_dcmplt
                0x10003b94        0xc CMakeFiles/hw12.dir/C_/Users/hyunk/Documents/Pico-v1.5.1/pico-sdk/src/rp2_common/pico_double/double_aeabi.S.obj
                0x10003b94                __wrap___aeabi_dcmplt
 .text.__wrap___aeabi_dcmple
                0x10003ba0       0x10 CMakeFiles/hw12.dir/C_/Users/hyunk/Documents/Pico-v1.5.1/pico-sdk/src/rp2_common/pico_double/double_aeabi.S.obj
                0x10003ba0                __wrap___aeabi_dcmple
 .text.__wrap___aeabi_dcmpge
                0x10003bb0       0x10 CMakeFiles/hw12.dir/C_/Users/hyunk/Documents/Pico-v1.5.1/pico-sdk/src/rp2_common/pico_double/double_aeabi.S.obj
                0x10003bb0                __wrap___aeabi_dcmpge
 .text.__wrap___aeabi_dcmpgt
                0x10003bc0        0xa CMakeFiles/hw12.dir/C_/Users/hyunk/Documents/Pico-v1.5.1/pico-sdk/src/rp2_common/pico_double/double_aeabi.S.obj
                0x10003bc0                __wrap___aeabi_dcmpgt
 .text.__wrap___aeabi_dcmpun
                0x10003bca       0x1c CMakeFiles/hw12.dir/C_/Users/hyunk/Documents/Pico-v1.5.1/pico-sdk/src/rp2_common/pico_double/double_aeabi.S.obj
                0x10003bca                __wrap___aeabi_dcmpun
 *fill*         0x10003be6        0x2 
 .text.__wrap___aeabi_i2d
                0x10003be8       0x38 CMakeFiles/hw12.dir/C_/Users/hyunk/Documents/Pico-v1.5.1/pico-sdk/src/rp2_common/pico_double/double_aeabi.S.obj
                0x10003be8                __wrap___aeabi_ui2d
                0x10003bf0                __wrap___aeabi_i2d
 .text.__wrap___aeabi_d2iz
                0x10003c20       0x48 CMakeFiles/hw12.dir/C_/Users/hyunk/Documents/Pico-v1.5.1/pico-sdk/src/rp2_common/pico_double/double_aeabi.S.obj
                0x10003c20                double2int_z
                0x10003c20                __wrap___aeabi_d2iz
 .text.__wrap___aeabi_d2uiz
                0x10003c68       0x18 CMakeFiles/hw12.dir/C_/Users/hyunk/Documents/Pico-v1.5.1/pico-sdk/src/rp2_common/pico_double/double_aeabi.S.obj
                0x10003c68                __wrap___aeabi_d2uiz
                0x10003c68                double2uint
 .text.__aeabi_double_init
                0x10003c80       0xc8 CMakeFiles/hw12.dir/C_/Users/hyunk/Documents/Pico-v1.5.1/pico-sdk/src/rp2_common/pico_double/double_init_rom.c.obj
                0x10003c80                __aeabi_double_init
 .text.double_table_shim_on_use_helper
                0x10003d48       0x34 CMakeFiles/hw12.dir/C_/Users/hyunk/Documents/Pico-v1.5.1/pico-sdk/src/rp2_common/pico_double/double_v1_rom_shim.S.obj
                0x10003d48                double_table_shim_on_use_helper
 .text.__wrap___aeabi_dsub
                0x10003d7c       0x10 CMakeFiles/hw12.dir/C_/Users/hyunk/Documents/Pico-v1.5.1/pico-sdk/src/rp2_common/pico_double/double_v1_rom_shim.S.obj
                0x10003d7c                drsub_shim
                0x10003d82                dsub_shim
 .text.dadd_shim
                0x10003d8c      0x15c CMakeFiles/hw12.dir/C_/Users/hyunk/Documents/Pico-v1.5.1/pico-sdk/src/rp2_common/pico_double/double_v1_rom_shim.S.obj
                0x10003d8c                dadd_shim
 .text.dmul_shim
                0x10003ee8      0x15c CMakeFiles/hw12.dir/C_/Users/hyunk/Documents/Pico-v1.5.1/pico-sdk/src/rp2_common/pico_double/double_v1_rom_shim.S.obj
                0x10003ee8                dmul_shim
 .text.ddiv_shim
                0x10004044      0x1b0 CMakeFiles/hw12.dir/C_/Users/hyunk/Documents/Pico-v1.5.1/pico-sdk/src/rp2_common/pico_double/double_v1_rom_shim.S.obj
                0x10004044                ddiv_shim
 .text.double2uint_shim
                0x100041f4        0xe CMakeFiles/hw12.dir/C_/Users/hyunk/Documents/Pico-v1.5.1/pico-sdk/src/rp2_common/pico_double/double_v1_rom_shim.S.obj
                0x100041f4                double2uint_shim
                0x100041f6                double2ufix_shim
 *fill*         0x10004202        0x2 
 .text.double2uint64_shim
                0x10004204       0x70 CMakeFiles/hw12.dir/C_/Users/hyunk/Documents/Pico-v1.5.1/pico-sdk/src/rp2_common/pico_double/double_v1_rom_shim.S.obj
                0x10004204                double2uint64_shim
                0x10004206                double2ufix64_shim
                0x10004226                d2fix_a
 .text.dunpacks
                0x10004274       0x3c CMakeFiles/hw12.dir/C_/Users/hyunk/Documents/Pico-v1.5.1/pico-sdk/src/rp2_common/pico_double/double_v1_rom_shim.S.obj
                0x10004274                dunpacks
 .text.__aeabi_lmul
                0x100042b0       0x32 CMakeFiles/hw12.dir/C_/Users/hyunk/Documents/Pico-v1.5.1/pico-sdk/src/rp2_common/pico_int64_ops/pico_int64_ops_aeabi.S.obj
                0x100042b0                __wrap___aeabi_lmul
 *fill*         0x100042e2        0x2 
 .text.__aeabi_float_init
                0x100042e4       0xfc CMakeFiles/hw12.dir/C_/Users/hyunk/Documents/Pico-v1.5.1/pico-sdk/src/rp2_common/pico_float/float_init_rom.c.obj
                0x100042e4                __aeabi_float_init
 .text.float_table_shim_on_use_helper
                0x100043e0       0x34 CMakeFiles/hw12.dir/C_/Users/hyunk/Documents/Pico-v1.5.1/pico-sdk/src/rp2_common/pico_float/float_v1_rom_shim.S.obj
                0x100043e0                float_table_shim_on_use_helper
 .text          0x10004414       0x10 CMakeFiles/hw12.dir/C_/Users/hyunk/Documents/Pico-v1.5.1/pico-sdk/src/rp2_common/pico_mem_ops/mem_ops_aeabi.S.obj
                0x10004414                __aeabi_mem_init
 .text.memset   0x10004424        0xc CMakeFiles/hw12.dir/C_/Users/hyunk/Documents/Pico-v1.5.1/pico-sdk/src/rp2_common/pico_mem_ops/mem_ops_aeabi.S.obj
                0x10004424                __wrap_memset
 .text.memcpy   0x10004430        0xc CMakeFiles/hw12.dir/C_/Users/hyunk/Documents/Pico-v1.5.1/pico-sdk/src/rp2_common/pico_mem_ops/mem_ops_aeabi.S.obj
                0x10004430                __wrap_memcpy
                0x10004430                __wrap___aeabi_memcpy
 .text.stdio_out_chars_no_crlf
                0x1000443c        0xe CMakeFiles/hw12.dir/C_/Users/hyunk/Documents/Pico-v1.5.1/pico-sdk/src/rp2_common/pico_stdio/stdio.c.obj
 *fill*         0x1000444a        0x2 
 .text.stdio_out_chars_crlf
                0x1000444c       0x80 CMakeFiles/hw12.dir/C_/Users/hyunk/Documents/Pico-v1.5.1/pico-sdk/src/rp2_common/pico_stdio/stdio.c.obj
 .text.stdio_stack_buffer_flush
                0x100044cc       0x44 CMakeFiles/hw12.dir/C_/Users/hyunk/Documents/Pico-v1.5.1/pico-sdk/src/rp2_common/pico_stdio/stdio.c.obj
 .text.stdio_buffered_printer
                0x10004510       0x20 CMakeFiles/hw12.dir/C_/Users/hyunk/Documents/Pico-v1.5.1/pico-sdk/src/rp2_common/pico_stdio/stdio.c.obj
 .text.stdout_serialize_begin
                0x10004530       0x5c CMakeFiles/hw12.dir/C_/Users/hyunk/Documents/Pico-v1.5.1/pico-sdk/src/rp2_common/pico_stdio/stdio.c.obj
                0x10004530                stdout_serialize_begin
 .text.stdout_serialize_end
                0x1000458c       0x10 CMakeFiles/hw12.dir/C_/Users/hyunk/Documents/Pico-v1.5.1/pico-sdk/src/rp2_common/pico_stdio/stdio.c.obj
                0x1000458c                stdout_serialize_end
 .text.stdio_put_string
                0x1000459c       0x98 CMakeFiles/hw12.dir/C_/Users/hyunk/Documents/Pico-v1.5.1/pico-sdk/src/rp2_common/pico_stdio/stdio.c.obj
 .text.stdio_set_driver_enabled
                0x10004634       0x2c CMakeFiles/hw12.dir/C_/Users/hyunk/Documents/Pico-v1.5.1/pico-sdk/src/rp2_common/pico_stdio/stdio.c.obj
                0x10004634                stdio_set_driver_enabled
 .text.stdio_flush
                0x10004660       0x20 CMakeFiles/hw12.dir/C_/Users/hyunk/Documents/Pico-v1.5.1/pico-sdk/src/rp2_common/pico_stdio/stdio.c.obj
                0x10004660                stdio_flush
 .text.__wrap_puts
                0x10004680       0x1e CMakeFiles/hw12.dir/C_/Users/hyunk/Documents/Pico-v1.5.1/pico-sdk/src/rp2_common/pico_stdio/stdio.c.obj
                0x10004680                __wrap_puts
 *fill*         0x1000469e        0x2 
 .text.__wrap_vprintf
                0x100046a0       0x40 CMakeFiles/hw12.dir/C_/Users/hyunk/Documents/Pico-v1.5.1/pico-sdk/src/rp2_common/pico_stdio/stdio.c.obj
                0x100046a0                __wrap_vprintf
 .text.__wrap_printf
                0x100046e0       0x18 CMakeFiles/hw12.dir/C_/Users/hyunk/Documents/Pico-v1.5.1/pico-sdk/src/rp2_common/pico_stdio/stdio.c.obj
                0x100046e0                __wrap_printf
 .text.stdio_init_all
                0x100046f8        0x8 CMakeFiles/hw12.dir/C_/Users/hyunk/Documents/Pico-v1.5.1/pico-sdk/src/rp2_common/pico_stdio/stdio.c.obj
                0x100046f8                stdio_init_all
 .text.resetd_init
                0x10004700        0x2 CMakeFiles/hw12.dir/C_/Users/hyunk/Documents/Pico-v1.5.1/pico-sdk/src/rp2_common/pico_stdio_usb/reset_interface.c.obj
 *fill*         0x10004702        0x2 
 .text.resetd_reset
                0x10004704        0xc CMakeFiles/hw12.dir/C_/Users/hyunk/Documents/Pico-v1.5.1/pico-sdk/src/rp2_common/pico_stdio_usb/reset_interface.c.obj
 .text.resetd_open
                0x10004710       0x34 CMakeFiles/hw12.dir/C_/Users/hyunk/Documents/Pico-v1.5.1/pico-sdk/src/rp2_common/pico_stdio_usb/reset_interface.c.obj
 .text.resetd_xfer_cb
                0x10004744        0x4 CMakeFiles/hw12.dir/C_/Users/hyunk/Documents/Pico-v1.5.1/pico-sdk/src/rp2_common/pico_stdio_usb/reset_interface.c.obj
 .text.reset_usb_boot
                0x10004748       0x18 CMakeFiles/hw12.dir/C_/Users/hyunk/Documents/Pico-v1.5.1/pico-sdk/src/rp2_common/pico_stdio_usb/reset_interface.c.obj
 .text.resetd_control_xfer_cb
                0x10004760       0x5c CMakeFiles/hw12.dir/C_/Users/hyunk/Documents/Pico-v1.5.1/pico-sdk/src/rp2_common/pico_stdio_usb/reset_interface.c.obj
 .text.usbd_app_driver_get_cb
                0x100047bc        0xc CMakeFiles/hw12.dir/C_/Users/hyunk/Documents/Pico-v1.5.1/pico-sdk/src/rp2_common/pico_stdio_usb/reset_interface.c.obj
                0x100047bc                usbd_app_driver_get_cb
 .text.tud_cdc_line_coding_cb
                0x100047c8       0x28 CMakeFiles/hw12.dir/C_/Users/hyunk/Documents/Pico-v1.5.1/pico-sdk/src/rp2_common/pico_stdio_usb/reset_interface.c.obj
                0x100047c8                tud_cdc_line_coding_cb
 .text.stdio_usb_set_chars_available_callback
                0x100047f0       0x14 CMakeFiles/hw12.dir/C_/Users/hyunk/Documents/Pico-v1.5.1/pico-sdk/src/rp2_common/pico_stdio_usb/stdio_usb.c.obj
                0x100047f0                stdio_usb_set_chars_available_callback
 .text.usb_irq  0x10004804       0x10 CMakeFiles/hw12.dir/C_/Users/hyunk/Documents/Pico-v1.5.1/pico-sdk/src/rp2_common/pico_stdio_usb/stdio_usb.c.obj
 .text.timer_task
                0x10004814       0x5c CMakeFiles/hw12.dir/C_/Users/hyunk/Documents/Pico-v1.5.1/pico-sdk/src/rp2_common/pico_stdio_usb/stdio_usb.c.obj
 .text.low_priority_worker_irq
                0x10004870       0xdc CMakeFiles/hw12.dir/C_/Users/hyunk/Documents/Pico-v1.5.1/pico-sdk/src/rp2_common/pico_stdio_usb/stdio_usb.c.obj
 .text.tud_cdc_rx_cb
                0x1000494c       0x20 CMakeFiles/hw12.dir/C_/Users/hyunk/Documents/Pico-v1.5.1/pico-sdk/src/rp2_common/pico_stdio_usb/stdio_usb.c.obj
                0x1000494c                tud_cdc_rx_cb
 .text.stdio_usb_init
                0x1000496c      0x11c CMakeFiles/hw12.dir/C_/Users/hyunk/Documents/Pico-v1.5.1/pico-sdk/src/rp2_common/pico_stdio_usb/stdio_usb.c.obj
                0x1000496c                stdio_usb_init
 .text.stdio_usb_connected
                0x10004a88        0xa CMakeFiles/hw12.dir/C_/Users/hyunk/Documents/Pico-v1.5.1/pico-sdk/src/rp2_common/pico_stdio_usb/stdio_usb.c.obj
                0x10004a88                stdio_usb_connected
 *fill*         0x10004a92        0x2 
 .text.stdio_usb_in_chars
                0x10004a94       0xc4 CMakeFiles/hw12.dir/C_/Users/hyunk/Documents/Pico-v1.5.1/pico-sdk/src/rp2_common/pico_stdio_usb/stdio_usb.c.obj
                0x10004a94                stdio_usb_in_chars
 .text.stdio_usb_out_chars
                0x10004b58      0x114 CMakeFiles/hw12.dir/C_/Users/hyunk/Documents/Pico-v1.5.1/pico-sdk/src/rp2_common/pico_stdio_usb/stdio_usb.c.obj
 .text.tud_descriptor_device_cb
                0x10004c6c        0x8 CMakeFiles/hw12.dir/C_/Users/hyunk/Documents/Pico-v1.5.1/pico-sdk/src/rp2_common/pico_stdio_usb/stdio_usb_descriptors.c.obj
                0x10004c6c                tud_descriptor_device_cb
 .text.tud_descriptor_configuration_cb
                0x10004c74        0x8 CMakeFiles/hw12.dir/C_/Users/hyunk/Documents/Pico-v1.5.1/pico-sdk/src/rp2_common/pico_stdio_usb/stdio_usb_descriptors.c.obj
                0x10004c74                tud_descriptor_configuration_cb
 .text.tud_descriptor_string_cb
                0x10004c7c       0x6c CMakeFiles/hw12.dir/C_/Users/hyunk/Documents/Pico-v1.5.1/pico-sdk/src/rp2_common/pico_stdio_usb/stdio_usb_descriptors.c.obj
                0x10004c7c                tud_descriptor_string_cb
 .text._retrieve_unique_id_on_boot
                0x10004ce8       0x10 CMakeFiles/hw12.dir/C_/Users/hyunk/Documents/Pico-v1.5.1/pico-sdk/src/rp2_common/pico_unique_id/unique_id.c.obj
 .text.pico_get_unique_board_id_string
                0x10004cf8       0x60 CMakeFiles/hw12.dir/C_/Users/hyunk/Documents/Pico-v1.5.1/pico-sdk/src/rp2_common/pico_unique_id/unique_id.c.obj
                0x10004cf8                pico_get_unique_board_id_string
 .text.flash_get_unique_id
                0x10004d58       0x46 CMakeFiles/hw12.dir/C_/Users/hyunk/Documents/Pico-v1.5.1/pico-sdk/src/rp2_common/hardware_flash/flash.c.obj
                0x10004d58                flash_get_unique_id
 *fill*         0x10004d9e        0x2 
 .text.hw_endpoint_get_by_addr
                0x10004da0       0x18 CMakeFiles/hw12.dir/C_/Users/hyunk/Documents/Pico-v1.5.1/pico-sdk/lib/tinyusb/src/portable/raspberrypi/rp2040/dcd_rp2040.c.obj
 .text._hw_endpoint_alloc
                0x10004db8       0x70 CMakeFiles/hw12.dir/C_/Users/hyunk/Documents/Pico-v1.5.1/pico-sdk/lib/tinyusb/src/portable/raspberrypi/rp2040/dcd_rp2040.c.obj
 .text.hw_endpoint_init
                0x10004e28       0x88 CMakeFiles/hw12.dir/C_/Users/hyunk/Documents/Pico-v1.5.1/pico-sdk/lib/tinyusb/src/portable/raspberrypi/rp2040/dcd_rp2040.c.obj
 .text.hw_endpoint_xfer
                0x10004eb0       0x14 CMakeFiles/hw12.dir/C_/Users/hyunk/Documents/Pico-v1.5.1/pico-sdk/lib/tinyusb/src/portable/raspberrypi/rp2040/dcd_rp2040.c.obj
 .text.dcd_int_enable
                0x10004ec4       0x2c CMakeFiles/hw12.dir/C_/Users/hyunk/Documents/Pico-v1.5.1/pico-sdk/lib/tinyusb/src/portable/raspberrypi/rp2040/dcd_rp2040.c.obj
                0x10004ec4                dcd_int_enable
 .text.dcd_set_address
                0x10004ef0       0x2c CMakeFiles/hw12.dir/C_/Users/hyunk/Documents/Pico-v1.5.1/pico-sdk/lib/tinyusb/src/portable/raspberrypi/rp2040/dcd_rp2040.c.obj
                0x10004ef0                dcd_set_address
 .text.dcd_connect
                0x10004f1c       0x10 CMakeFiles/hw12.dir/C_/Users/hyunk/Documents/Pico-v1.5.1/pico-sdk/lib/tinyusb/src/portable/raspberrypi/rp2040/dcd_rp2040.c.obj
                0x10004f1c                dcd_connect
 .text.dcd_init
                0x10004f2c       0x80 CMakeFiles/hw12.dir/C_/Users/hyunk/Documents/Pico-v1.5.1/pico-sdk/lib/tinyusb/src/portable/raspberrypi/rp2040/dcd_rp2040.c.obj
                0x10004f2c                dcd_init
 .text.dcd_edpt0_status_complete
                0x10004fac       0x1c CMakeFiles/hw12.dir/C_/Users/hyunk/Documents/Pico-v1.5.1/pico-sdk/lib/tinyusb/src/portable/raspberrypi/rp2040/dcd_rp2040.c.obj
                0x10004fac                dcd_edpt0_status_complete
 .text.dcd_edpt_open
                0x10004fc8       0x40 CMakeFiles/hw12.dir/C_/Users/hyunk/Documents/Pico-v1.5.1/pico-sdk/lib/tinyusb/src/portable/raspberrypi/rp2040/dcd_rp2040.c.obj
                0x10004fc8                dcd_edpt_open
 .text.dcd_edpt_close_all
                0x10005008        0x8 CMakeFiles/hw12.dir/C_/Users/hyunk/Documents/Pico-v1.5.1/pico-sdk/lib/tinyusb/src/portable/raspberrypi/rp2040/dcd_rp2040.c.obj
                0x10005008                dcd_edpt_close_all
 .text.dcd_edpt_xfer
                0x10005010       0x34 CMakeFiles/hw12.dir/C_/Users/hyunk/Documents/Pico-v1.5.1/pico-sdk/lib/tinyusb/src/portable/raspberrypi/rp2040/dcd_rp2040.c.obj
                0x10005010                dcd_edpt_xfer
 .text.dcd_edpt_stall
                0x10005044       0x2c CMakeFiles/hw12.dir/C_/Users/hyunk/Documents/Pico-v1.5.1/pico-sdk/lib/tinyusb/src/portable/raspberrypi/rp2040/dcd_rp2040.c.obj
                0x10005044                dcd_edpt_stall
 .text.dcd_edpt_clear_stall
                0x10005070       0x20 CMakeFiles/hw12.dir/C_/Users/hyunk/Documents/Pico-v1.5.1/pico-sdk/lib/tinyusb/src/portable/raspberrypi/rp2040/dcd_rp2040.c.obj
                0x10005070                dcd_edpt_clear_stall
 .text.rp2040_usb_init
                0x10005090       0x4c CMakeFiles/hw12.dir/C_/Users/hyunk/Documents/Pico-v1.5.1/pico-sdk/lib/tinyusb/src/portable/raspberrypi/rp2040/rp2040_usb.c.obj
                0x10005090                rp2040_usb_init
 .text.hw_endpoint_xfer_start
                0x100050dc       0x50 CMakeFiles/hw12.dir/C_/Users/hyunk/Documents/Pico-v1.5.1/pico-sdk/lib/tinyusb/src/portable/raspberrypi/rp2040/rp2040_usb.c.obj
                0x100050dc                hw_endpoint_xfer_start
 .text.configuration_reset
                0x1000512c       0x84 CMakeFiles/hw12.dir/C_/Users/hyunk/Documents/Pico-v1.5.1/pico-sdk/lib/tinyusb/src/device/usbd.c.obj
 .text.usbd_reset
                0x100051b0        0xc CMakeFiles/hw12.dir/C_/Users/hyunk/Documents/Pico-v1.5.1/pico-sdk/lib/tinyusb/src/device/usbd.c.obj
 .text.invoke_class_control
                0x100051bc       0x1a CMakeFiles/hw12.dir/C_/Users/hyunk/Documents/Pico-v1.5.1/pico-sdk/lib/tinyusb/src/device/usbd.c.obj
 *fill*         0x100051d6        0x2 
 .text.process_set_config
                0x100051d8      0x178 CMakeFiles/hw12.dir/C_/Users/hyunk/Documents/Pico-v1.5.1/pico-sdk/lib/tinyusb/src/device/usbd.c.obj
 .text.process_get_descriptor
                0x10005350       0xdc CMakeFiles/hw12.dir/C_/Users/hyunk/Documents/Pico-v1.5.1/pico-sdk/lib/tinyusb/src/device/usbd.c.obj
 .text.tud_mounted
                0x1000542c       0x10 CMakeFiles/hw12.dir/C_/Users/hyunk/Documents/Pico-v1.5.1/pico-sdk/lib/tinyusb/src/device/usbd.c.obj
                0x1000542c                tud_mounted
 .text.tud_suspended
                0x1000543c       0x10 CMakeFiles/hw12.dir/C_/Users/hyunk/Documents/Pico-v1.5.1/pico-sdk/lib/tinyusb/src/device/usbd.c.obj
                0x1000543c                tud_suspended
 .text.tud_inited
                0x1000544c       0x14 CMakeFiles/hw12.dir/C_/Users/hyunk/Documents/Pico-v1.5.1/pico-sdk/lib/tinyusb/src/device/usbd.c.obj
                0x1000544c                tud_inited
 .text.tud_init
                0x10005460       0xcc CMakeFiles/hw12.dir/C_/Users/hyunk/Documents/Pico-v1.5.1/pico-sdk/lib/tinyusb/src/device/usbd.c.obj
                0x10005460                tud_init
 .text.usbd_defer_func
                0x1000552c       0x2a CMakeFiles/hw12.dir/C_/Users/hyunk/Documents/Pico-v1.5.1/pico-sdk/lib/tinyusb/src/device/usbd.c.obj
                0x1000552c                usbd_defer_func
 *fill*         0x10005556        0x2 
 .text.usbd_edpt_open
                0x10005558       0x34 CMakeFiles/hw12.dir/C_/Users/hyunk/Documents/Pico-v1.5.1/pico-sdk/lib/tinyusb/src/device/usbd.c.obj
                0x10005558                usbd_edpt_open
 .text.usbd_open_edpt_pair
                0x1000558c       0x62 CMakeFiles/hw12.dir/C_/Users/hyunk/Documents/Pico-v1.5.1/pico-sdk/lib/tinyusb/src/device/usbd.c.obj
                0x1000558c                usbd_open_edpt_pair
 *fill*         0x100055ee        0x2 
 .text.usbd_edpt_claim
                0x100055f0       0x28 CMakeFiles/hw12.dir/C_/Users/hyunk/Documents/Pico-v1.5.1/pico-sdk/lib/tinyusb/src/device/usbd.c.obj
                0x100055f0                usbd_edpt_claim
 .text.usbd_edpt_release
                0x10005618       0x28 CMakeFiles/hw12.dir/C_/Users/hyunk/Documents/Pico-v1.5.1/pico-sdk/lib/tinyusb/src/device/usbd.c.obj
                0x10005618                usbd_edpt_release
 .text.usbd_edpt_xfer
                0x10005640       0x78 CMakeFiles/hw12.dir/C_/Users/hyunk/Documents/Pico-v1.5.1/pico-sdk/lib/tinyusb/src/device/usbd.c.obj
                0x10005640                usbd_edpt_xfer
 .text.usbd_edpt_stall
                0x100056b8       0x48 CMakeFiles/hw12.dir/C_/Users/hyunk/Documents/Pico-v1.5.1/pico-sdk/lib/tinyusb/src/device/usbd.c.obj
                0x100056b8                usbd_edpt_stall
 .text.usbd_edpt_clear_stall
                0x10005700       0x48 CMakeFiles/hw12.dir/C_/Users/hyunk/Documents/Pico-v1.5.1/pico-sdk/lib/tinyusb/src/device/usbd.c.obj
                0x10005700                usbd_edpt_clear_stall
 .text.usbd_edpt_stalled
                0x10005748       0x1c CMakeFiles/hw12.dir/C_/Users/hyunk/Documents/Pico-v1.5.1/pico-sdk/lib/tinyusb/src/device/usbd.c.obj
                0x10005748                usbd_edpt_stalled
 .text.process_control_request
                0x10005764      0x37c CMakeFiles/hw12.dir/C_/Users/hyunk/Documents/Pico-v1.5.1/pico-sdk/lib/tinyusb/src/device/usbd.c.obj
 .text.tud_task_ext
                0x10005ae0      0x1b8 CMakeFiles/hw12.dir/C_/Users/hyunk/Documents/Pico-v1.5.1/pico-sdk/lib/tinyusb/src/device/usbd.c.obj
                0x10005ae0                tud_task_ext
 .text._data_stage_xact
                0x10005c98       0x58 CMakeFiles/hw12.dir/C_/Users/hyunk/Documents/Pico-v1.5.1/pico-sdk/lib/tinyusb/src/device/usbd_control.c.obj
 .text.tud_control_status
                0x10005cf0       0x38 CMakeFiles/hw12.dir/C_/Users/hyunk/Documents/Pico-v1.5.1/pico-sdk/lib/tinyusb/src/device/usbd_control.c.obj
                0x10005cf0                tud_control_status
 .text.tud_control_xfer
                0x10005d28       0x74 CMakeFiles/hw12.dir/C_/Users/hyunk/Documents/Pico-v1.5.1/pico-sdk/lib/tinyusb/src/device/usbd_control.c.obj
                0x10005d28                tud_control_xfer
 .text.usbd_control_reset
                0x10005d9c       0x14 CMakeFiles/hw12.dir/C_/Users/hyunk/Documents/Pico-v1.5.1/pico-sdk/lib/tinyusb/src/device/usbd_control.c.obj
                0x10005d9c                usbd_control_reset
 .text.usbd_control_set_complete_callback
                0x10005db0        0xc CMakeFiles/hw12.dir/C_/Users/hyunk/Documents/Pico-v1.5.1/pico-sdk/lib/tinyusb/src/device/usbd_control.c.obj
                0x10005db0                usbd_control_set_complete_callback
 .text.usbd_control_set_request
                0x10005dbc       0x1c CMakeFiles/hw12.dir/C_/Users/hyunk/Documents/Pico-v1.5.1/pico-sdk/lib/tinyusb/src/device/usbd_control.c.obj
                0x10005dbc                usbd_control_set_request
 .text.usbd_control_xfer_cb
                0x10005dd8       0xcc CMakeFiles/hw12.dir/C_/Users/hyunk/Documents/Pico-v1.5.1/pico-sdk/lib/tinyusb/src/device/usbd_control.c.obj
                0x10005dd8                usbd_control_xfer_cb
 .text._prep_out_transaction
                0x10005ea4       0x4a CMakeFiles/hw12.dir/C_/Users/hyunk/Documents/Pico-v1.5.1/pico-sdk/lib/tinyusb/src/class/cdc/cdc_device.c.obj
 *fill*         0x10005eee        0x2 
 .text.tud_cdc_n_connected
                0x10005ef0       0x44 CMakeFiles/hw12.dir/C_/Users/hyunk/Documents/Pico-v1.5.1/pico-sdk/lib/tinyusb/src/class/cdc/cdc_device.c.obj
                0x10005ef0                tud_cdc_n_connected
 .text.tud_cdc_n_available
                0x10005f34       0x18 CMakeFiles/hw12.dir/C_/Users/hyunk/Documents/Pico-v1.5.1/pico-sdk/lib/tinyusb/src/class/cdc/cdc_device.c.obj
                0x10005f34                tud_cdc_n_available
 .text.tud_cdc_n_read
                0x10005f4c       0x28 CMakeFiles/hw12.dir/C_/Users/hyunk/Documents/Pico-v1.5.1/pico-sdk/lib/tinyusb/src/class/cdc/cdc_device.c.obj
                0x10005f4c                tud_cdc_n_read
 .text.tud_cdc_n_write_flush
                0x10005f74       0xb8 CMakeFiles/hw12.dir/C_/Users/hyunk/Documents/Pico-v1.5.1/pico-sdk/lib/tinyusb/src/class/cdc/cdc_device.c.obj
                0x10005f74                tud_cdc_n_write_flush
 .text.tud_cdc_n_write
                0x1000602c       0x38 CMakeFiles/hw12.dir/C_/Users/hyunk/Documents/Pico-v1.5.1/pico-sdk/lib/tinyusb/src/class/cdc/cdc_device.c.obj
                0x1000602c                tud_cdc_n_write
 .text.tud_cdc_n_write_available
                0x10006064       0x1c CMakeFiles/hw12.dir/C_/Users/hyunk/Documents/Pico-v1.5.1/pico-sdk/lib/tinyusb/src/class/cdc/cdc_device.c.obj
                0x10006064                tud_cdc_n_write_available
 .text.cdcd_init
                0x10006080       0xbc CMakeFiles/hw12.dir/C_/Users/hyunk/Documents/Pico-v1.5.1/pico-sdk/lib/tinyusb/src/class/cdc/cdc_device.c.obj
                0x10006080                cdcd_init
 .text.cdcd_reset
                0x1000613c       0x44 CMakeFiles/hw12.dir/C_/Users/hyunk/Documents/Pico-v1.5.1/pico-sdk/lib/tinyusb/src/class/cdc/cdc_device.c.obj
                0x1000613c                cdcd_reset
 .text.cdcd_open
                0x10006180       0xcc CMakeFiles/hw12.dir/C_/Users/hyunk/Documents/Pico-v1.5.1/pico-sdk/lib/tinyusb/src/class/cdc/cdc_device.c.obj
                0x10006180                cdcd_open
 .text.cdcd_control_xfer_cb
                0x1000624c      0x134 CMakeFiles/hw12.dir/C_/Users/hyunk/Documents/Pico-v1.5.1/pico-sdk/lib/tinyusb/src/class/cdc/cdc_device.c.obj
                0x1000624c                cdcd_control_xfer_cb
 .text.cdcd_xfer_cb
                0x10006380      0x130 CMakeFiles/hw12.dir/C_/Users/hyunk/Documents/Pico-v1.5.1/pico-sdk/lib/tinyusb/src/class/cdc/cdc_device.c.obj
                0x10006380                cdcd_xfer_cb
 .text.tusb_init
                0x100064b0        0xa CMakeFiles/hw12.dir/C_/Users/hyunk/Documents/Pico-v1.5.1/pico-sdk/lib/tinyusb/src/tusb.c.obj
                0x100064b0                tusb_init
 .text.tusb_inited
                0x100064ba        0xe CMakeFiles/hw12.dir/C_/Users/hyunk/Documents/Pico-v1.5.1/pico-sdk/lib/tinyusb/src/tusb.c.obj
                0x100064ba                tusb_inited
 .text.tu_edpt_claim
                0x100064c8       0x50 CMakeFiles/hw12.dir/C_/Users/hyunk/Documents/Pico-v1.5.1/pico-sdk/lib/tinyusb/src/tusb.c.obj
                0x100064c8                tu_edpt_claim
 .text.tu_edpt_release
                0x10006518       0x3c CMakeFiles/hw12.dir/C_/Users/hyunk/Documents/Pico-v1.5.1/pico-sdk/lib/tinyusb/src/tusb.c.obj
                0x10006518                tu_edpt_release
 .text.tu_edpt_validate
                0x10006554       0x78 CMakeFiles/hw12.dir/C_/Users/hyunk/Documents/Pico-v1.5.1/pico-sdk/lib/tinyusb/src/tusb.c.obj
                0x10006554                tu_edpt_validate
 .text.tu_edpt_bind_driver
                0x100065cc       0x26 CMakeFiles/hw12.dir/C_/Users/hyunk/Documents/Pico-v1.5.1/pico-sdk/lib/tinyusb/src/tusb.c.obj
                0x100065cc                tu_edpt_bind_driver
 .text.advance_index
                0x100065f2       0x1a CMakeFiles/hw12.dir/C_/Users/hyunk/Documents/Pico-v1.5.1/pico-sdk/lib/tinyusb/src/common/tusb_fifo.c.obj
 .text._tu_fifo_peek
                0x1000660c       0x56 CMakeFiles/hw12.dir/C_/Users/hyunk/Documents/Pico-v1.5.1/pico-sdk/lib/tinyusb/src/common/tusb_fifo.c.obj
 .text._ff_pull_const_addr
                0x10006662       0x4c CMakeFiles/hw12.dir/C_/Users/hyunk/Documents/Pico-v1.5.1/pico-sdk/lib/tinyusb/src/common/tusb_fifo.c.obj
 .text._ff_pull_n
                0x100066ae      0x110 CMakeFiles/hw12.dir/C_/Users/hyunk/Documents/Pico-v1.5.1/pico-sdk/lib/tinyusb/src/common/tusb_fifo.c.obj
 .text._tu_fifo_peek_n
                0x100067be       0x6a CMakeFiles/hw12.dir/C_/Users/hyunk/Documents/Pico-v1.5.1/pico-sdk/lib/tinyusb/src/common/tusb_fifo.c.obj
 .text._tu_fifo_read_n
                0x10006828       0x4e CMakeFiles/hw12.dir/C_/Users/hyunk/Documents/Pico-v1.5.1/pico-sdk/lib/tinyusb/src/common/tusb_fifo.c.obj
 .text._ff_push_const_addr
                0x10006876       0x40 CMakeFiles/hw12.dir/C_/Users/hyunk/Documents/Pico-v1.5.1/pico-sdk/lib/tinyusb/src/common/tusb_fifo.c.obj
 .text._ff_push_n
                0x100068b6      0x10c CMakeFiles/hw12.dir/C_/Users/hyunk/Documents/Pico-v1.5.1/pico-sdk/lib/tinyusb/src/common/tusb_fifo.c.obj
 .text._tu_fifo_write_n
                0x100069c2       0xf0 CMakeFiles/hw12.dir/C_/Users/hyunk/Documents/Pico-v1.5.1/pico-sdk/lib/tinyusb/src/common/tusb_fifo.c.obj
 .text.tu_fifo_config
                0x10006ab2       0x7c CMakeFiles/hw12.dir/C_/Users/hyunk/Documents/Pico-v1.5.1/pico-sdk/lib/tinyusb/src/common/tusb_fifo.c.obj
                0x10006ab2                tu_fifo_config
 .text.tu_fifo_count
                0x10006b2e       0x2a CMakeFiles/hw12.dir/C_/Users/hyunk/Documents/Pico-v1.5.1/pico-sdk/lib/tinyusb/src/common/tusb_fifo.c.obj
                0x10006b2e                tu_fifo_count
 .text.tu_fifo_empty
                0x10006b58       0x10 CMakeFiles/hw12.dir/C_/Users/hyunk/Documents/Pico-v1.5.1/pico-sdk/lib/tinyusb/src/common/tusb_fifo.c.obj
                0x10006b58                tu_fifo_empty
 .text.tu_fifo_full
                0x10006b68       0x28 CMakeFiles/hw12.dir/C_/Users/hyunk/Documents/Pico-v1.5.1/pico-sdk/lib/tinyusb/src/common/tusb_fifo.c.obj
                0x10006b68                tu_fifo_full
 .text.tu_fifo_remaining
                0x10006b90       0x2c CMakeFiles/hw12.dir/C_/Users/hyunk/Documents/Pico-v1.5.1/pico-sdk/lib/tinyusb/src/common/tusb_fifo.c.obj
                0x10006b90                tu_fifo_remaining
 .text.tu_fifo_read
                0x10006bbc       0x42 CMakeFiles/hw12.dir/C_/Users/hyunk/Documents/Pico-v1.5.1/pico-sdk/lib/tinyusb/src/common/tusb_fifo.c.obj
                0x10006bbc                tu_fifo_read
 .text.tu_fifo_read_n
                0x10006bfe        0xa CMakeFiles/hw12.dir/C_/Users/hyunk/Documents/Pico-v1.5.1/pico-sdk/lib/tinyusb/src/common/tusb_fifo.c.obj
                0x10006bfe                tu_fifo_read_n
 .text.tu_fifo_write
                0x10006c08       0x64 CMakeFiles/hw12.dir/C_/Users/hyunk/Documents/Pico-v1.5.1/pico-sdk/lib/tinyusb/src/common/tusb_fifo.c.obj
                0x10006c08                tu_fifo_write
 .text.tu_fifo_write_n
                0x10006c6c        0xa CMakeFiles/hw12.dir/C_/Users/hyunk/Documents/Pico-v1.5.1/pico-sdk/lib/tinyusb/src/common/tusb_fifo.c.obj
                0x10006c6c                tu_fifo_write_n
 .text.tu_fifo_clear
                0x10006c76       0x3e CMakeFiles/hw12.dir/C_/Users/hyunk/Documents/Pico-v1.5.1/pico-sdk/lib/tinyusb/src/common/tusb_fifo.c.obj
                0x10006c76                tu_fifo_clear
 .text.tu_fifo_set_overwritable
                0x10006cb4       0x46 CMakeFiles/hw12.dir/C_/Users/hyunk/Documents/Pico-v1.5.1/pico-sdk/lib/tinyusb/src/common/tusb_fifo.c.obj
                0x10006cb4                tu_fifo_set_overwritable
 *fill*         0x10006cfa        0x2 
 .text.strlen   0x10006cfc       0x5c c:/program files/raspberry pi/pico sdk v1.5.1/gcc-arm-none-eabi/bin/../lib/gcc/arm-none-eabi/10.3.1/../../../../arm-none-eabi/lib/thumb/v6-m/nofp\libg.a(lib_a-strlen-stub.o)
                0x10006cfc                strlen
 *(.fini)
 .fini          0x10006d58        0x4 c:/program files/raspberry pi/pico sdk v1.5.1/gcc-arm-none-eabi/bin/../lib/gcc/arm-none-eabi/10.3.1/thumb/v6-m/nofp/crti.o
                0x10006d58                _fini
 *fill*         0x10006d5c        0x4 
 .fini.__stub   0x10006d60       0xe0 linker stubs
 *crtbegin.o(.ctors)
 *crtbegin?.o(.ctors)
 *(EXCLUDE_FILE(*crtend.o *crtend?.o) .ctors)
 *(SORT_BY_NAME(.ctors.*))
 *(.ctors)
 *crtbegin.o(.dtors)
 *crtbegin?.o(.dtors)
 *(EXCLUDE_FILE(*crtend.o *crtend?.o) .dtors)
 *(SORT_BY_NAME(.dtors.*))
 *(.dtors)
 *(.eh_frame*)
 .eh_frame      0x10006e40        0x0 c:/program files/raspberry pi/pico sdk v1.5.1/gcc-arm-none-eabi/bin/../lib/gcc/arm-none-eabi/10.3.1/thumb/v6-m/nofp/crtbegin.o
                0x10006e40                . = ALIGN (0x4)

.glue_7         0x10006e40        0x0
 .glue_7        0x10006e40        0x0 linker stubs

.glue_7t        0x10006e40        0x0
 .glue_7t       0x10006e40        0x0 linker stubs

.vfp11_veneer   0x10006e40        0x0
 .vfp11_veneer  0x10006e40        0x0 linker stubs

.v4_bx          0x10006e40        0x0
 .v4_bx         0x10006e40        0x0 linker stubs

.iplt           0x10006e40        0x0
 .iplt          0x10006e40        0x0 c:/program files/raspberry pi/pico sdk v1.5.1/gcc-arm-none-eabi/bin/../lib/gcc/arm-none-eabi/10.3.1/thumb/v6-m/nofp/crtbegin.o

.rodata         0x10006e40     0x1688
 *(EXCLUDE_FILE(*libm.a: *libc.a:*lib_a-mem*.o *libgcc.a:) .rodata*)
 .rodata.spin_lock_claim_unused.str1.4
                0x10006e40       0x1b CMakeFiles/hw12.dir/C_/Users/hyunk/Documents/Pico-v1.5.1/pico-sdk/src/rp2_common/hardware_sync/sync.c.obj
 *fill*         0x10006e5b        0x1 
 .rodata.make_branch.str1.4
                0x10006e5c       0x80 CMakeFiles/hw12.dir/C_/Users/hyunk/Documents/Pico-v1.5.1/pico-sdk/src/rp2_common/hardware_irq/irq.c.obj
 .rodata.insert_branch_and_link.str1.4
                0x10006edc       0x10 CMakeFiles/hw12.dir/C_/Users/hyunk/Documents/Pico-v1.5.1/pico-sdk/src/rp2_common/hardware_irq/irq.c.obj
 .rodata.irq_set_exclusive_handler.str1.4
                0x10006eec       0x36 CMakeFiles/hw12.dir/C_/Users/hyunk/Documents/Pico-v1.5.1/pico-sdk/src/rp2_common/hardware_irq/irq.c.obj
 *fill*         0x10006f22        0x2 
 .rodata.irq_add_shared_handler.str1.4
                0x10006f24       0xd9 CMakeFiles/hw12.dir/C_/Users/hyunk/Documents/Pico-v1.5.1/pico-sdk/src/rp2_common/hardware_irq/irq.c.obj
 *fill*         0x10006ffd        0x3 
 .rodata.irq_remove_handler.str1.4
                0x10007000       0x3a CMakeFiles/hw12.dir/C_/Users/hyunk/Documents/Pico-v1.5.1/pico-sdk/src/rp2_common/hardware_irq/irq.c.obj
 *fill*         0x1000703a        0x2 
 .rodata.irq_add_tail_to_free_list.str1.4
                0x1000703c       0x3a CMakeFiles/hw12.dir/C_/Users/hyunk/Documents/Pico-v1.5.1/pico-sdk/src/rp2_common/hardware_irq/irq.c.obj
 *fill*         0x10007076        0x2 
 .rodata.user_irq_claim_unused.str1.4
                0x10007078       0x1b CMakeFiles/hw12.dir/C_/Users/hyunk/Documents/Pico-v1.5.1/pico-sdk/src/rp2_common/hardware_irq/irq.c.obj
 *fill*         0x10007093        0x1 
 .rodata.__func__.0
                0x10007094       0x1a CMakeFiles/hw12.dir/C_/Users/hyunk/Documents/Pico-v1.5.1/pico-sdk/src/rp2_common/hardware_irq/irq.c.obj
 *fill*         0x100070ae        0x2 
 .rodata.__func__.1
                0x100070b0       0x17 CMakeFiles/hw12.dir/C_/Users/hyunk/Documents/Pico-v1.5.1/pico-sdk/src/rp2_common/hardware_irq/irq.c.obj
 *fill*         0x100070c7        0x1 
 .rodata.__func__.2
                0x100070c8       0x13 CMakeFiles/hw12.dir/C_/Users/hyunk/Documents/Pico-v1.5.1/pico-sdk/src/rp2_common/hardware_irq/irq.c.obj
 *fill*         0x100070db        0x1 
 .rodata.__func__.3
                0x100070dc        0xc CMakeFiles/hw12.dir/C_/Users/hyunk/Documents/Pico-v1.5.1/pico-sdk/src/rp2_common/hardware_irq/irq.c.obj
 .rodata.__func__.4
                0x100070e8        0xf CMakeFiles/hw12.dir/C_/Users/hyunk/Documents/Pico-v1.5.1/pico-sdk/src/rp2_common/hardware_irq/irq.c.obj
 *fill*         0x100070f7        0x1 
 .rodata.__func__.5
                0x100070f8       0x17 CMakeFiles/hw12.dir/C_/Users/hyunk/Documents/Pico-v1.5.1/pico-sdk/src/rp2_common/hardware_irq/irq.c.obj
 *fill*         0x1000710f        0x1 
 .rodata.__func__.6
                0x10007110       0x1a CMakeFiles/hw12.dir/C_/Users/hyunk/Documents/Pico-v1.5.1/pico-sdk/src/rp2_common/hardware_irq/irq.c.obj
 *fill*         0x1000712a        0x2 
 .rodata.str1.4
                0x1000712c      0x111 CMakeFiles/hw12.dir/C_/Users/hyunk/Documents/Pico-v1.5.1/pico-sdk/src/common/pico_sync/mutex.c.obj
 *fill*         0x1000723d        0x3 
 .rodata.__func__.1
                0x10007240        0xb CMakeFiles/hw12.dir/C_/Users/hyunk/Documents/Pico-v1.5.1/pico-sdk/src/common/pico_sync/mutex.c.obj
 *fill*         0x1000724b        0x1 
 .rodata.__func__.3
                0x1000724c       0x18 CMakeFiles/hw12.dir/C_/Users/hyunk/Documents/Pico-v1.5.1/pico-sdk/src/common/pico_sync/mutex.c.obj
 .rodata.__func__.4
                0x10007264       0x15 CMakeFiles/hw12.dir/C_/Users/hyunk/Documents/Pico-v1.5.1/pico-sdk/src/common/pico_sync/mutex.c.obj
 *fill*         0x10007279        0x3 
 .rodata.repeating_timer_callback.str1.4
                0x1000727c       0x5e CMakeFiles/hw12.dir/C_/Users/hyunk/Documents/Pico-v1.5.1/pico-sdk/src/common/pico_time/time.c.obj
 *fill*         0x100072da        0x2 
 .rodata.timer_pool_entry_comparator.str1.4
                0x100072dc       0x22 CMakeFiles/hw12.dir/C_/Users/hyunk/Documents/Pico-v1.5.1/pico-sdk/src/common/pico_time/time.c.obj
 *fill*         0x100072fe        0x2 
 .rodata.ph_add_child_node.str1.4
                0x10007300       0xaa CMakeFiles/hw12.dir/C_/Users/hyunk/Documents/Pico-v1.5.1/pico-sdk/src/common/pico_time/time.c.obj
 *fill*         0x100073aa        0x2 
 .rodata.add_alarm_under_lock.str1.4
                0x100073ac       0x28 CMakeFiles/hw12.dir/C_/Users/hyunk/Documents/Pico-v1.5.1/pico-sdk/src/common/pico_time/time.c.obj
                                 0x2b (size before relaxing)
 .rodata.alarm_pool_alarm_callback.str1.4
                0x100073d4       0x98 CMakeFiles/hw12.dir/C_/Users/hyunk/Documents/Pico-v1.5.1/pico-sdk/src/common/pico_time/time.c.obj
                                0x10c (size before relaxing)
 .rodata.alarm_pool_get_default.str1.4
                0x1000746c       0x21 CMakeFiles/hw12.dir/C_/Users/hyunk/Documents/Pico-v1.5.1/pico-sdk/src/common/pico_time/time.c.obj
 *fill*         0x1000748d        0x3 
 .rodata.alarm_pool_cancel_alarm.str1.4
                0x10007490       0x27 CMakeFiles/hw12.dir/C_/Users/hyunk/Documents/Pico-v1.5.1/pico-sdk/src/common/pico_time/time.c.obj
 *fill*         0x100074b7        0x1 
 .rodata.sleep_until.str1.4
                0x100074b8       0x4d CMakeFiles/hw12.dir/C_/Users/hyunk/Documents/Pico-v1.5.1/pico-sdk/src/common/pico_time/time.c.obj
 *fill*         0x10007505        0x3 
 .rodata.__func__.1
                0x10007508       0x18 CMakeFiles/hw12.dir/C_/Users/hyunk/Documents/Pico-v1.5.1/pico-sdk/src/common/pico_time/time.c.obj
 .rodata.__func__.10
                0x10007520       0x15 CMakeFiles/hw12.dir/C_/Users/hyunk/Documents/Pico-v1.5.1/pico-sdk/src/common/pico_time/time.c.obj
 *fill*         0x10007535        0x3 
 .rodata.__func__.11
                0x10007538       0x1a CMakeFiles/hw12.dir/C_/Users/hyunk/Documents/Pico-v1.5.1/pico-sdk/src/common/pico_time/time.c.obj
 *fill*         0x10007552        0x2 
 .rodata.__func__.12
                0x10007554        0xa CMakeFiles/hw12.dir/C_/Users/hyunk/Documents/Pico-v1.5.1/pico-sdk/src/common/pico_time/time.c.obj
 *fill*         0x1000755e        0x2 
 .rodata.__func__.3
                0x10007560       0x17 CMakeFiles/hw12.dir/C_/Users/hyunk/Documents/Pico-v1.5.1/pico-sdk/src/common/pico_time/time.c.obj
 *fill*         0x10007577        0x1 
 .rodata.__func__.4
                0x10007578       0x12 CMakeFiles/hw12.dir/C_/Users/hyunk/Documents/Pico-v1.5.1/pico-sdk/src/common/pico_time/time.c.obj
 *fill*         0x1000758a        0x2 
 .rodata.__func__.5
                0x1000758c        0xd CMakeFiles/hw12.dir/C_/Users/hyunk/Documents/Pico-v1.5.1/pico-sdk/src/common/pico_time/time.c.obj
 *fill*         0x10007599        0x3 
 .rodata.__func__.6
                0x1000759c       0x12 CMakeFiles/hw12.dir/C_/Users/hyunk/Documents/Pico-v1.5.1/pico-sdk/src/common/pico_time/time.c.obj
 *fill*         0x100075ae        0x2 
 .rodata.__func__.7
                0x100075b0        0xf CMakeFiles/hw12.dir/C_/Users/hyunk/Documents/Pico-v1.5.1/pico-sdk/src/common/pico_time/time.c.obj
 *fill*         0x100075bf        0x1 
 .rodata.__func__.8
                0x100075c0        0xc CMakeFiles/hw12.dir/C_/Users/hyunk/Documents/Pico-v1.5.1/pico-sdk/src/common/pico_time/time.c.obj
 .rodata.__func__.9
                0x100075cc       0x15 CMakeFiles/hw12.dir/C_/Users/hyunk/Documents/Pico-v1.5.1/pico-sdk/src/common/pico_time/time.c.obj
 *fill*         0x100075e1        0x3 
 .rodata.hardware_alarm_claim.str1.4
                0x100075e4       0x22 CMakeFiles/hw12.dir/C_/Users/hyunk/Documents/Pico-v1.5.1/pico-sdk/src/rp2_common/hardware_timer/timer.c.obj
 *fill*         0x10007606        0x2 
 .rodata.hardware_alarm_set_target.str1.4
                0x10007608       0x78 CMakeFiles/hw12.dir/C_/Users/hyunk/Documents/Pico-v1.5.1/pico-sdk/src/rp2_common/hardware_timer/timer.c.obj
 .rodata.__func__.0
                0x10007680       0x1a CMakeFiles/hw12.dir/C_/Users/hyunk/Documents/Pico-v1.5.1/pico-sdk/src/rp2_common/hardware_timer/timer.c.obj
 .rodata.ph_add_child_node.str1.4
                0x1000769a       0xaa CMakeFiles/hw12.dir/C_/Users/hyunk/Documents/Pico-v1.5.1/pico-sdk/src/common/pico_util/pheap.c.obj
 *fill*         0x1000769a        0x2 
 .rodata.ph_remove_any_head.str1.4
                0x1000769c       0xa0 CMakeFiles/hw12.dir/C_/Users/hyunk/Documents/Pico-v1.5.1/pico-sdk/src/common/pico_util/pheap.c.obj
                                 0xb4 (size before relaxing)
 .rodata.ph_remove_and_free_node.str1.4
                0x1000773c       0x1e CMakeFiles/hw12.dir/C_/Users/hyunk/Documents/Pico-v1.5.1/pico-sdk/src/common/pico_util/pheap.c.obj
                                 0x26 (size before relaxing)
 *fill*         0x1000775a        0x2 
 .rodata.__func__.0
                0x1000775c       0x18 CMakeFiles/hw12.dir/C_/Users/hyunk/Documents/Pico-v1.5.1/pico-sdk/src/common/pico_util/pheap.c.obj
 .rodata.__func__.1
                0x10007774       0x13 CMakeFiles/hw12.dir/C_/Users/hyunk/Documents/Pico-v1.5.1/pico-sdk/src/common/pico_util/pheap.c.obj
 *fill*         0x10007787        0x1 
 .rodata.__func__.2
                0x10007788       0x12 CMakeFiles/hw12.dir/C_/Users/hyunk/Documents/Pico-v1.5.1/pico-sdk/src/common/pico_util/pheap.c.obj
 *fill*         0x1000779a        0x2 
 .rodata.__func__.3
                0x1000779c        0xc CMakeFiles/hw12.dir/C_/Users/hyunk/Documents/Pico-v1.5.1/pico-sdk/src/common/pico_util/pheap.c.obj
 .rodata.clock_configure.str1.4
                0x100077a8       0x6a CMakeFiles/hw12.dir/C_/Users/hyunk/Documents/Pico-v1.5.1/pico-sdk/src/rp2_common/hardware_clocks/clocks.c.obj
 *fill*         0x10007812        0x2 
 .rodata.__func__.1
                0x10007814       0x10 CMakeFiles/hw12.dir/C_/Users/hyunk/Documents/Pico-v1.5.1/pico-sdk/src/rp2_common/hardware_clocks/clocks.c.obj
 .rodata.pll_init.str1.4
                0x10007824      0x134 CMakeFiles/hw12.dir/C_/Users/hyunk/Documents/Pico-v1.5.1/pico-sdk/src/rp2_common/hardware_pll/pll.c.obj
 .rodata.__func__.0
                0x10007958        0x9 CMakeFiles/hw12.dir/C_/Users/hyunk/Documents/Pico-v1.5.1/pico-sdk/src/rp2_common/hardware_pll/pll.c.obj
 *fill*         0x10007961        0x3 
 .rodata.__assert_func.str1.4
                0x10007964       0x3f CMakeFiles/hw12.dir/C_/Users/hyunk/Documents/Pico-v1.5.1/pico-sdk/src/rp2_common/pico_runtime/runtime.c.obj
                                 0x43 (size before relaxing)
 *fill*         0x100079a3        0x1 
 .rodata.runtime_init.str1.4
                0x100079a4       0x74 CMakeFiles/hw12.dir/C_/Users/hyunk/Documents/Pico-v1.5.1/pico-sdk/src/rp2_common/pico_runtime/runtime.c.obj
 .rodata.panic.str1.4
                0x10007a18       0x12 CMakeFiles/hw12.dir/C_/Users/hyunk/Documents/Pico-v1.5.1/pico-sdk/src/rp2_common/pico_runtime/runtime.c.obj
 *fill*         0x10007a2a        0x2 
 .rodata.__func__.2
                0x10007a2c        0xd CMakeFiles/hw12.dir/C_/Users/hyunk/Documents/Pico-v1.5.1/pico-sdk/src/rp2_common/pico_runtime/runtime.c.obj
 *fill*         0x10007a39        0x3 
 .rodata._ftoa.str1.4
                0x10007a3c       0x15 CMakeFiles/hw12.dir/C_/Users/hyunk/Documents/Pico-v1.5.1/pico-sdk/src/rp2_common/pico_printf/printf.c.obj
 *fill*         0x10007a51        0x3 
 .rodata._vsnprintf
                0x10007a54      0x1e0 CMakeFiles/hw12.dir/C_/Users/hyunk/Documents/Pico-v1.5.1/pico-sdk/src/rp2_common/pico_printf/printf.c.obj
 *fill*         0x10007c34        0x4 
 .rodata.pow10.0
                0x10007c38       0x50 CMakeFiles/hw12.dir/C_/Users/hyunk/Documents/Pico-v1.5.1/pico-sdk/src/rp2_common/pico_printf/printf.c.obj
 .rodata.__aeabi_double_init.str1.4
                0x10007c88       0xaf CMakeFiles/hw12.dir/C_/Users/hyunk/Documents/Pico-v1.5.1/pico-sdk/src/rp2_common/pico_double/double_init_rom.c.obj
 *fill*         0x10007d37        0x1 
 .rodata.__func__.0
                0x10007d38       0x14 CMakeFiles/hw12.dir/C_/Users/hyunk/Documents/Pico-v1.5.1/pico-sdk/src/rp2_common/pico_double/double_init_rom.c.obj
 .rodata.__aeabi_float_init.str1.4
                0x10007d4c       0x8d CMakeFiles/hw12.dir/C_/Users/hyunk/Documents/Pico-v1.5.1/pico-sdk/src/rp2_common/pico_float/float_init_rom.c.obj
                                 0x91 (size before relaxing)
 *fill*         0x10007dd9        0x3 
 .rodata.__func__.0
                0x10007ddc       0x13 CMakeFiles/hw12.dir/C_/Users/hyunk/Documents/Pico-v1.5.1/pico-sdk/src/rp2_common/pico_float/float_init_rom.c.obj
 *fill*         0x10007def        0x1 
 .rodata.str1.4
                0x10007df0       0x3c CMakeFiles/hw12.dir/C_/Users/hyunk/Documents/Pico-v1.5.1/pico-sdk/src/rp2_common/pico_standard_link/binary_info.c.obj
 .rodata.__bi_44
                0x10007e2c        0xc CMakeFiles/hw12.dir/C_/Users/hyunk/Documents/Pico-v1.5.1/pico-sdk/src/rp2_common/pico_standard_link/binary_info.c.obj
 .rodata.__bi_75
                0x10007e38        0xc CMakeFiles/hw12.dir/C_/Users/hyunk/Documents/Pico-v1.5.1/pico-sdk/src/rp2_common/pico_standard_link/binary_info.c.obj
 .rodata.__bi_81
                0x10007e44        0xc CMakeFiles/hw12.dir/C_/Users/hyunk/Documents/Pico-v1.5.1/pico-sdk/src/rp2_common/pico_standard_link/binary_info.c.obj
 .rodata.stdout_serialize_begin.str1.4
                0x10007e50       0x74 CMakeFiles/hw12.dir/C_/Users/hyunk/Documents/Pico-v1.5.1/pico-sdk/src/rp2_common/pico_stdio/stdio.c.obj
 .rodata.__func__.3
                0x10007e50       0x15 CMakeFiles/hw12.dir/C_/Users/hyunk/Documents/Pico-v1.5.1/pico-sdk/src/rp2_common/pico_stdio/stdio.c.obj
 *fill*         0x10007e65        0x3 
 .rodata.crlf_str.2
                0x10007e68        0x2 CMakeFiles/hw12.dir/C_/Users/hyunk/Documents/Pico-v1.5.1/pico-sdk/src/rp2_common/pico_stdio/stdio.c.obj
 *fill*         0x10007e6a        0x2 
 .rodata._resetd_driver
                0x10007e6c       0x18 CMakeFiles/hw12.dir/C_/Users/hyunk/Documents/Pico-v1.5.1/pico-sdk/src/rp2_common/pico_stdio_usb/reset_interface.c.obj
 .rodata.low_priority_worker_irq.str1.4
                0x10007e84       0x74 CMakeFiles/hw12.dir/C_/Users/hyunk/Documents/Pico-v1.5.1/pico-sdk/src/rp2_common/pico_stdio_usb/stdio_usb.c.obj
 .rodata.stdio_usb_init.str1.4
                0x10007e84       0x58 CMakeFiles/hw12.dir/C_/Users/hyunk/Documents/Pico-v1.5.1/pico-sdk/src/rp2_common/pico_stdio_usb/stdio_usb.c.obj
                                 0x60 (size before relaxing)
 .rodata.str1.4
                0x10007edc       0x13 CMakeFiles/hw12.dir/C_/Users/hyunk/Documents/Pico-v1.5.1/pico-sdk/src/rp2_common/pico_stdio_usb/stdio_usb.c.obj
 *fill*         0x10007eef        0x1 
 .rodata.__bi_182.0
                0x10007ef0        0xc CMakeFiles/hw12.dir/C_/Users/hyunk/Documents/Pico-v1.5.1/pico-sdk/src/rp2_common/pico_stdio_usb/stdio_usb.c.obj
 .rodata.__func__.1
                0x10007efc        0xf CMakeFiles/hw12.dir/C_/Users/hyunk/Documents/Pico-v1.5.1/pico-sdk/src/rp2_common/pico_stdio_usb/stdio_usb.c.obj
 *fill*         0x10007f0b        0x1 
 .rodata.__func__.3
                0x10007f0c       0x15 CMakeFiles/hw12.dir/C_/Users/hyunk/Documents/Pico-v1.5.1/pico-sdk/src/rp2_common/pico_stdio_usb/stdio_usb.c.obj
 *fill*         0x10007f21        0x3 
 .rodata.str1.4
                0x10007f24       0x2a CMakeFiles/hw12.dir/C_/Users/hyunk/Documents/Pico-v1.5.1/pico-sdk/src/rp2_common/pico_stdio_usb/stdio_usb_descriptors.c.obj
 *fill*         0x10007f4e        0x2 
 .rodata.usbd_desc_cfg
                0x10007f50       0x54 CMakeFiles/hw12.dir/C_/Users/hyunk/Documents/Pico-v1.5.1/pico-sdk/src/rp2_common/pico_stdio_usb/stdio_usb_descriptors.c.obj
 .rodata.usbd_desc_device
                0x10007fa4       0x12 CMakeFiles/hw12.dir/C_/Users/hyunk/Documents/Pico-v1.5.1/pico-sdk/src/rp2_common/pico_stdio_usb/stdio_usb_descriptors.c.obj
 *fill*         0x10007fb6        0x2 
 .rodata.usbd_desc_str
                0x10007fb8       0x18 CMakeFiles/hw12.dir/C_/Users/hyunk/Documents/Pico-v1.5.1/pico-sdk/src/rp2_common/pico_stdio_usb/stdio_usb_descriptors.c.obj
 .rodata.pico_get_unique_board_id_string.str1.4
                0x10007fd0       0x60 CMakeFiles/hw12.dir/C_/Users/hyunk/Documents/Pico-v1.5.1/pico-sdk/src/rp2_common/pico_unique_id/unique_id.c.obj
 .rodata.__func__.0
                0x10008030       0x20 CMakeFiles/hw12.dir/C_/Users/hyunk/Documents/Pico-v1.5.1/pico-sdk/src/rp2_common/pico_unique_id/unique_id.c.obj
 .rodata.str1.4
                0x10008050      0x16a CMakeFiles/hw12.dir/C_/Users/hyunk/Documents/Pico-v1.5.1/pico-sdk/src/rp2_common/hardware_flash/flash.c.obj
 *fill*         0x100081ba        0x2 
 .rodata.__func__.0
                0x100081bc        0xd CMakeFiles/hw12.dir/C_/Users/hyunk/Documents/Pico-v1.5.1/pico-sdk/src/rp2_common/hardware_flash/flash.c.obj
 *fill*         0x100081c9        0x3 
 .rodata._hw_endpoint_alloc.str1.4
                0x100081cc       0xc9 CMakeFiles/hw12.dir/C_/Users/hyunk/Documents/Pico-v1.5.1/pico-sdk/lib/tinyusb/src/portable/raspberrypi/rp2040/dcd_rp2040.c.obj
 *fill*         0x10008295        0x3 
 .rodata.str1.4
                0x10008298       0x14 CMakeFiles/hw12.dir/C_/Users/hyunk/Documents/Pico-v1.5.1/pico-sdk/lib/tinyusb/src/portable/raspberrypi/rp2040/dcd_rp2040.c.obj
 .rodata.dcd_int_enable.str1.4
                0x100082ac        0xc CMakeFiles/hw12.dir/C_/Users/hyunk/Documents/Pico-v1.5.1/pico-sdk/lib/tinyusb/src/portable/raspberrypi/rp2040/dcd_rp2040.c.obj
 .rodata.__func__.0
                0x100082b8        0xe CMakeFiles/hw12.dir/C_/Users/hyunk/Documents/Pico-v1.5.1/pico-sdk/lib/tinyusb/src/portable/raspberrypi/rp2040/dcd_rp2040.c.obj
 *fill*         0x100082c6        0x2 
 .rodata.__func__.1
                0x100082c8        0xe CMakeFiles/hw12.dir/C_/Users/hyunk/Documents/Pico-v1.5.1/pico-sdk/lib/tinyusb/src/portable/raspberrypi/rp2040/dcd_rp2040.c.obj
 *fill*         0x100082d6        0x2 
 .rodata.__func__.3
                0x100082d8       0x10 CMakeFiles/hw12.dir/C_/Users/hyunk/Documents/Pico-v1.5.1/pico-sdk/lib/tinyusb/src/portable/raspberrypi/rp2040/dcd_rp2040.c.obj
 .rodata.__func__.5
                0x100082e8        0xf CMakeFiles/hw12.dir/C_/Users/hyunk/Documents/Pico-v1.5.1/pico-sdk/lib/tinyusb/src/portable/raspberrypi/rp2040/dcd_rp2040.c.obj
 *fill*         0x100082f7        0x1 
 .rodata.__func__.6
                0x100082f8       0x13 CMakeFiles/hw12.dir/C_/Users/hyunk/Documents/Pico-v1.5.1/pico-sdk/lib/tinyusb/src/portable/raspberrypi/rp2040/dcd_rp2040.c.obj
 *fill*         0x1000830b        0x1 
 .rodata.__func__.7
                0x1000830c        0x9 CMakeFiles/hw12.dir/C_/Users/hyunk/Documents/Pico-v1.5.1/pico-sdk/lib/tinyusb/src/portable/raspberrypi/rp2040/dcd_rp2040.c.obj
 *fill*         0x10008315        0x3 
 .rodata.str1.4
                0x10008318       0xfb CMakeFiles/hw12.dir/C_/Users/hyunk/Documents/Pico-v1.5.1/pico-sdk/lib/tinyusb/src/portable/raspberrypi/rp2040/rp2040_usb.c.obj
 *fill*         0x10008413        0x1 
 .rodata.__func__.0
                0x10008414        0xf CMakeFiles/hw12.dir/C_/Users/hyunk/Documents/Pico-v1.5.1/pico-sdk/lib/tinyusb/src/portable/raspberrypi/rp2040/rp2040_usb.c.obj
 *fill*         0x10008423        0x1 
 .rodata.process_get_descriptor
                0x10008424       0x40 CMakeFiles/hw12.dir/C_/Users/hyunk/Documents/Pico-v1.5.1/pico-sdk/lib/tinyusb/src/device/usbd.c.obj
 .rodata.process_control_request
                0x10008464       0x28 CMakeFiles/hw12.dir/C_/Users/hyunk/Documents/Pico-v1.5.1/pico-sdk/lib/tinyusb/src/device/usbd.c.obj
 .rodata.tud_task_ext
                0x1000848c       0x24 CMakeFiles/hw12.dir/C_/Users/hyunk/Documents/Pico-v1.5.1/pico-sdk/lib/tinyusb/src/device/usbd.c.obj
 .rodata._usbd_driver
                0x100084b0       0x18 CMakeFiles/hw12.dir/C_/Users/hyunk/Documents/Pico-v1.5.1/pico-sdk/lib/tinyusb/src/device/usbd.c.obj
                0x100084c8                . = ALIGN (0x4)
 *(SORT_BY_ALIGNMENT(SORT_BY_NAME(.flashdata*)))
                0x100084c8                . = ALIGN (0x4)

.ARM.extab
 *(.ARM.extab* .gnu.linkonce.armextab.*)
                0x100084c8                __exidx_start = .

.ARM.exidx
 *(.ARM.exidx* .gnu.linkonce.armexidx.*)
                0x100084c8                __exidx_end = .
                0x100084c8                . = ALIGN (0x4)
                0x100084c8                __binary_info_start = .

.binary_info    0x100084c8       0x20
 *(.binary_info.keep.*)
 .binary_info.keep.__bi_ptr22
                0x100084c8        0x4 CMakeFiles/hw12.dir/C_/Users/hyunk/Documents/Pico-v1.5.1/pico-sdk/src/rp2_common/pico_standard_link/binary_info.c.obj
 .binary_info.keep.__bi_ptr30
                0x100084cc        0x4 CMakeFiles/hw12.dir/C_/Users/hyunk/Documents/Pico-v1.5.1/pico-sdk/src/rp2_common/pico_standard_link/binary_info.c.obj
 .binary_info.keep.__bi_ptr38
                0x100084d0        0x4 CMakeFiles/hw12.dir/C_/Users/hyunk/Documents/Pico-v1.5.1/pico-sdk/src/rp2_common/pico_standard_link/binary_info.c.obj
 .binary_info.keep.__bi_ptr44
                0x100084d4        0x4 CMakeFiles/hw12.dir/C_/Users/hyunk/Documents/Pico-v1.5.1/pico-sdk/src/rp2_common/pico_standard_link/binary_info.c.obj
 .binary_info.keep.__bi_ptr50
                0x100084d8        0x4 CMakeFiles/hw12.dir/C_/Users/hyunk/Documents/Pico-v1.5.1/pico-sdk/src/rp2_common/pico_standard_link/binary_info.c.obj
 .binary_info.keep.__bi_ptr75
                0x100084dc        0x4 CMakeFiles/hw12.dir/C_/Users/hyunk/Documents/Pico-v1.5.1/pico-sdk/src/rp2_common/pico_standard_link/binary_info.c.obj
 .binary_info.keep.__bi_ptr81
                0x100084e0        0x4 CMakeFiles/hw12.dir/C_/Users/hyunk/Documents/Pico-v1.5.1/pico-sdk/src/rp2_common/pico_standard_link/binary_info.c.obj
 *(.binary_info.*)
 .binary_info.__bi_ptr182
                0x100084e4        0x4 CMakeFiles/hw12.dir/C_/Users/hyunk/Documents/Pico-v1.5.1/pico-sdk/src/rp2_common/pico_stdio_usb/stdio_usb.c.obj
                0x100084e8                __binary_info_end = .

.rel.dyn        0x100084e8        0x0
 .rel.iplt      0x100084e8        0x0 c:/program files/raspberry pi/pico sdk v1.5.1/gcc-arm-none-eabi/bin/../lib/gcc/arm-none-eabi/10.3.1/thumb/v6-m/nofp/crtbegin.o
                0x100084e8                . = ALIGN (0x4)

.ram_vector_table
                0x20000000       0xc0
 *(.ram_vector_table)
 .ram_vector_table
                0x20000000       0xc0 CMakeFiles/hw12.dir/C_/Users/hyunk/Documents/Pico-v1.5.1/pico-sdk/src/rp2_common/pico_runtime/runtime.c.obj
                0x20000000                ram_vector_table

.data           0x200000c0      0xbf0 load address 0x100084e8
                0x200000c0                __data_start__ = .
 *(vtable)
 *(.time_critical*)
 .time_critical.mutex_try_enter
                0x200000c0       0x46 CMakeFiles/hw12.dir/C_/Users/hyunk/Documents/Pico-v1.5.1/pico-sdk/src/common/pico_sync/mutex.c.obj
                0x200000c0                mutex_try_enter
 *fill*         0x20000106        0x2 
 .time_critical.mutex_enter_block_until
                0x20000108       0x8c CMakeFiles/hw12.dir/C_/Users/hyunk/Documents/Pico-v1.5.1/pico-sdk/src/common/pico_sync/mutex.c.obj
                0x20000108                mutex_enter_block_until
 .time_critical.mutex_try_enter_block_until
                0x20000194       0x34 CMakeFiles/hw12.dir/C_/Users/hyunk/Documents/Pico-v1.5.1/pico-sdk/src/common/pico_sync/mutex.c.obj
                0x20000194                mutex_try_enter_block_until
 .time_critical.mutex_enter_timeout_ms
                0x200001c8       0x68 CMakeFiles/hw12.dir/C_/Users/hyunk/Documents/Pico-v1.5.1/pico-sdk/src/common/pico_sync/mutex.c.obj
                0x200001c8                mutex_enter_timeout_ms
 .time_critical.mutex_exit
                0x20000230       0x4c CMakeFiles/hw12.dir/C_/Users/hyunk/Documents/Pico-v1.5.1/pico-sdk/src/common/pico_sync/mutex.c.obj
                0x20000230                mutex_exit
 .time_critical.flash_init_boot2_copyout
                0x2000027c       0x30 CMakeFiles/hw12.dir/C_/Users/hyunk/Documents/Pico-v1.5.1/pico-sdk/src/rp2_common/hardware_flash/flash.c.obj
 .time_critical.flash_enable_xip_via_boot2
                0x200002ac       0x10 CMakeFiles/hw12.dir/C_/Users/hyunk/Documents/Pico-v1.5.1/pico-sdk/src/rp2_common/hardware_flash/flash.c.obj
 .time_critical.flash_cs_force
                0x200002bc       0x28 CMakeFiles/hw12.dir/C_/Users/hyunk/Documents/Pico-v1.5.1/pico-sdk/src/rp2_common/hardware_flash/flash.c.obj
 .time_critical.flash_do_cmd
                0x200002e4       0xd8 CMakeFiles/hw12.dir/C_/Users/hyunk/Documents/Pico-v1.5.1/pico-sdk/src/rp2_common/hardware_flash/flash.c.obj
                0x200002e4                flash_do_cmd
 .time_critical.reset_non_control_endpoints
                0x200003bc       0x40 CMakeFiles/hw12.dir/C_/Users/hyunk/Documents/Pico-v1.5.1/pico-sdk/lib/tinyusb/src/portable/raspberrypi/rp2040/dcd_rp2040.c.obj
 .time_critical.hw_handle_buff_status
                0x200003fc       0xa4 CMakeFiles/hw12.dir/C_/Users/hyunk/Documents/Pico-v1.5.1/pico-sdk/lib/tinyusb/src/portable/raspberrypi/rp2040/dcd_rp2040.c.obj
 .time_critical.dcd_rp2040_irq
                0x200004a0      0x1cc CMakeFiles/hw12.dir/C_/Users/hyunk/Documents/Pico-v1.5.1/pico-sdk/lib/tinyusb/src/portable/raspberrypi/rp2040/dcd_rp2040.c.obj
 .time_critical.e15_is_bulkin_ep
                0x2000066c       0x2c CMakeFiles/hw12.dir/C_/Users/hyunk/Documents/Pico-v1.5.1/pico-sdk/lib/tinyusb/src/portable/raspberrypi/rp2040/rp2040_usb.c.obj
 .time_critical.e15_is_critical_frame_period
                0x20000698       0x30 CMakeFiles/hw12.dir/C_/Users/hyunk/Documents/Pico-v1.5.1/pico-sdk/lib/tinyusb/src/portable/raspberrypi/rp2040/rp2040_usb.c.obj
 .time_critical.prepare_ep_buffer
                0x200006c8       0x70 CMakeFiles/hw12.dir/C_/Users/hyunk/Documents/Pico-v1.5.1/pico-sdk/lib/tinyusb/src/portable/raspberrypi/rp2040/rp2040_usb.c.obj
 .time_critical.sync_ep_buffer
                0x20000738       0x80 CMakeFiles/hw12.dir/C_/Users/hyunk/Documents/Pico-v1.5.1/pico-sdk/lib/tinyusb/src/portable/raspberrypi/rp2040/rp2040_usb.c.obj
 .time_critical._hw_endpoint_xfer_sync
                0x200007b8       0x28 CMakeFiles/hw12.dir/C_/Users/hyunk/Documents/Pico-v1.5.1/pico-sdk/lib/tinyusb/src/portable/raspberrypi/rp2040/rp2040_usb.c.obj
 .time_critical.hw_endpoint_reset_transfer
                0x200007e0        0xc CMakeFiles/hw12.dir/C_/Users/hyunk/Documents/Pico-v1.5.1/pico-sdk/lib/tinyusb/src/portable/raspberrypi/rp2040/rp2040_usb.c.obj
                0x200007e0                hw_endpoint_reset_transfer
 .time_critical._hw_endpoint_buffer_control_update32
                0x200007ec       0x58 CMakeFiles/hw12.dir/C_/Users/hyunk/Documents/Pico-v1.5.1/pico-sdk/lib/tinyusb/src/portable/raspberrypi/rp2040/rp2040_usb.c.obj
                0x200007ec                _hw_endpoint_buffer_control_update32
 .time_critical.hw_endpoint_start_next_buffer
                0x20000844       0x88 CMakeFiles/hw12.dir/C_/Users/hyunk/Documents/Pico-v1.5.1/pico-sdk/lib/tinyusb/src/portable/raspberrypi/rp2040/rp2040_usb.c.obj
                0x20000844                hw_endpoint_start_next_buffer
 .time_critical.hw_endpoint_xfer_continue
                0x200008cc       0x50 CMakeFiles/hw12.dir/C_/Users/hyunk/Documents/Pico-v1.5.1/pico-sdk/lib/tinyusb/src/portable/raspberrypi/rp2040/rp2040_usb.c.obj
                0x200008cc                hw_endpoint_xfer_continue
 .time_critical.tinyusb
                0x2000091c      0x200 CMakeFiles/hw12.dir/C_/Users/hyunk/Documents/Pico-v1.5.1/pico-sdk/lib/tinyusb/src/device/usbd.c.obj
                0x2000091c                dcd_event_handler
 *(.text*)
 .text          0x20000b1c        0x4 c:/program files/raspberry pi/pico sdk v1.5.1/gcc-arm-none-eabi/bin/../lib/gcc/arm-none-eabi/10.3.1/thumb/v6-m/nofp\libgcc.a(_dvmd_tls.o)
                0x20000b1c                __aeabi_idiv0
                0x20000b1c                __aeabi_ldiv0
 .text.__stub   0x20000b20       0x90 linker stubs
                0x20000bb0                . = ALIGN (0x4)
 *(.rodata*)
                0x20000bb0                . = ALIGN (0x4)
 *(.data*)
 .data.striped_spin_lock_num
                0x20000bb0        0x1 CMakeFiles/hw12.dir/C_/Users/hyunk/Documents/Pico-v1.5.1/pico-sdk/src/rp2_common/hardware_sync/sync.c.obj
 *fill*         0x20000bb1        0x3 
 .data          0x20000bb4       0x48 CMakeFiles/hw12.dir/C_/Users/hyunk/Documents/Pico-v1.5.1/pico-sdk/src/rp2_common/hardware_irq/irq_handler_chain.S.obj
                0x20000bb4                irq_handler_chain_slots
                0x20000be4                irq_handler_chain_first_slot
                0x20000bee                irq_handler_chain_remove_tail
 .data.default_alarm_pool
                0x20000bfc       0x18 CMakeFiles/hw12.dir/C_/Users/hyunk/Documents/Pico-v1.5.1/pico-sdk/src/common/pico_time/time.c.obj
 .data.default_alarm_pool_heap
                0x20000c14       0x10 CMakeFiles/hw12.dir/C_/Users/hyunk/Documents/Pico-v1.5.1/pico-sdk/src/common/pico_time/time.c.obj
 *fill*         0x20000c24        0xc 
 .data.aeabi_bits_funcs
                0x20000c30       0x10 CMakeFiles/hw12.dir/C_/Users/hyunk/Documents/Pico-v1.5.1/pico-sdk/src/rp2_common/pico_bit_ops/bit_ops_aeabi.S.obj
                0x20000c30                aeabi_bits_funcs
                0x20000c40                aeabi_bits_funcs_end
 .data.aeabi_mem_funcs
                0x20000c40       0x10 CMakeFiles/hw12.dir/C_/Users/hyunk/Documents/Pico-v1.5.1/pico-sdk/src/rp2_common/pico_mem_ops/mem_ops_aeabi.S.obj
                0x20000c40                aeabi_mem_funcs
                0x20000c50                aeabi_mem_funcs_end
 .data.stdio_usb
                0x20000c50       0x18 CMakeFiles/hw12.dir/C_/Users/hyunk/Documents/Pico-v1.5.1/pico-sdk/src/rp2_common/pico_stdio_usb/stdio_usb.c.obj
                0x20000c50                stdio_usb
 .data.ep_dir_string
                0x20000c68        0x8 CMakeFiles/hw12.dir/C_/Users/hyunk/Documents/Pico-v1.5.1/pico-sdk/lib/tinyusb/src/portable/raspberrypi/rp2040/rp2040_usb.c.obj
                0x20000c68                ep_dir_string
 .data._usbd_qdef
                0x20000c70       0x1c CMakeFiles/hw12.dir/C_/Users/hyunk/Documents/Pico-v1.5.1/pico-sdk/lib/tinyusb/src/device/usbd.c.obj
                0x20000c70                _usbd_qdef
 .data._usbd_rhport
                0x20000c8c        0x1 CMakeFiles/hw12.dir/C_/Users/hyunk/Documents/Pico-v1.5.1/pico-sdk/lib/tinyusb/src/device/usbd.c.obj
                0x20000c90                . = ALIGN (0x4)
 *fill*         0x20000c8d        0x3 
 *(.after_data.*)
                0x20000c90                . = ALIGN (0x4)
                0x20000c90                PROVIDE (__mutex_array_start = .)
 *(SORT_BY_NAME(.mutex_array.*))
 *(.mutex_array)
 .mutex_array   0x20000c90        0x8 CMakeFiles/hw12.dir/C_/Users/hyunk/Documents/Pico-v1.5.1/pico-sdk/src/rp2_common/pico_stdio/stdio.c.obj
                0x20000c98                PROVIDE (__mutex_array_end = .)
                0x20000c98                . = ALIGN (0x4)
                0x20000c98                PROVIDE (__preinit_array_start = .)
 *(SORT_BY_NAME(.preinit_array.*))
 .preinit_array.00001
                0x20000c98        0x4 CMakeFiles/hw12.dir/C_/Users/hyunk/Documents/Pico-v1.5.1/pico-sdk/src/rp2_common/pico_mem_ops/mem_ops_aeabi.S.obj
 .preinit_array.00010
                0x20000c9c        0x4 CMakeFiles/hw12.dir/C_/Users/hyunk/Documents/Pico-v1.5.1/pico-sdk/src/rp2_common/pico_bit_ops/bit_ops_aeabi.S.obj
 .preinit_array.00020
                0x20000ca0        0x4 CMakeFiles/hw12.dir/C_/Users/hyunk/Documents/Pico-v1.5.1/pico-sdk/src/rp2_common/pico_double/double_aeabi.S.obj
 .preinit_array.00020
                0x20000ca4        0x4 CMakeFiles/hw12.dir/C_/Users/hyunk/Documents/Pico-v1.5.1/pico-sdk/src/rp2_common/pico_float/float_aeabi.S.obj
 *(.preinit_array)
                0x20000ca8                PROVIDE (__preinit_array_end = .)
                0x20000ca8                . = ALIGN (0x4)
                0x20000ca8                PROVIDE (__init_array_start = .)
 *(SORT_BY_NAME(.init_array.*))
 *(.init_array)
 .init_array    0x20000ca8        0x4 c:/program files/raspberry pi/pico sdk v1.5.1/gcc-arm-none-eabi/bin/../lib/gcc/arm-none-eabi/10.3.1/thumb/v6-m/nofp/crtbegin.o
 .init_array    0x20000cac        0x4 CMakeFiles/hw12.dir/C_/Users/hyunk/Documents/Pico-v1.5.1/pico-sdk/src/rp2_common/pico_unique_id/unique_id.c.obj
                0x20000cb0                PROVIDE (__init_array_end = .)
                0x20000cb0                . = ALIGN (0x4)
                [!provide]                PROVIDE (__fini_array_start = .)
 *(SORT_BY_NAME(.fini_array.*))
 *(.fini_array)
                [!provide]                PROVIDE (__fini_array_end = .)
 *(.jcr)
                0x20000cb0                . = ALIGN (0x4)
                0x20000cb0                __data_end__ = .
                0x100084e8                __etext = LOADADDR (.data)

.igot.plt       0x20000cb0        0x0 load address 0x100090d8
 .igot.plt      0x20000cb0        0x0 c:/program files/raspberry pi/pico sdk v1.5.1/gcc-arm-none-eabi/bin/../lib/gcc/arm-none-eabi/10.3.1/thumb/v6-m/nofp/crtbegin.o

.uninitialized_data
                0x20000cb0        0x0 load address 0x100090d8
                0x20000cb0                . = ALIGN (0x4)
 *(.uninitialized_data*)

.scratch_x      0x20040000        0x0 load address 0x100090d8
                0x20040000                __scratch_x_start__ = .
 *(.scratch_x.*)
                0x20040000                . = ALIGN (0x4)
                0x20040000                __scratch_x_end__ = .
                0x100090d8                __scratch_x_source__ = LOADADDR (.scratch_x)

.scratch_y      0x20041000        0x0 load address 0x100090d8
                0x20041000                __scratch_y_start__ = .
 *(.scratch_y.*)
                0x20041000                . = ALIGN (0x4)
                0x20041000                __scratch_y_end__ = .
                0x100090d8                __scratch_y_source__ = LOADADDR (.scratch_y)

.bss            0x20000cb0      0xd84
                0x20000cb0                . = ALIGN (0x4)
                0x20000cb0                __bss_start__ = .
 *(SORT_BY_ALIGNMENT(SORT_BY_NAME(.bss*)))
 .bss.default_alarm_pool_entries
                0x20000cb0      0x100 CMakeFiles/hw12.dir/C_/Users/hyunk/Documents/Pico-v1.5.1/pico-sdk/src/common/pico_time/time.c.obj
 .bss.last_avail_time.2
                0x20000db0        0x8 CMakeFiles/hw12.dir/C_/Users/hyunk/Documents/Pico-v1.5.1/pico-sdk/src/rp2_common/pico_stdio_usb/stdio_usb.c.obj
 .bss           0x20000db8       0x1c c:/program files/raspberry pi/pico sdk v1.5.1/gcc-arm-none-eabi/bin/../lib/gcc/arm-none-eabi/10.3.1/thumb/v6-m/nofp/crtbegin.o
 .bss._app_driver
                0x20000dd4        0x4 CMakeFiles/hw12.dir/C_/Users/hyunk/Documents/Pico-v1.5.1/pico-sdk/lib/tinyusb/src/device/usbd.c.obj
 .bss._cdcd_itf