Archive member included to satisfy reference by file (symbol)

c:/program files/raspberry pi/pico sdk v1.5.1/gcc-arm-none-eabi/bin/../lib/gcc/arm-none-eabi/10.3.1/thumb/v6-m/nofp\libgcc.a(_dvmd_tls.o)
                              CMakeFiles/hw5.dir/C_/Users/hyunk/Documents/Pico-v1.5.1/pico-sdk/src/rp2_common/pico_divider/divider.S.obj (__aeabi_idiv0)
c:/program files/raspberry pi/pico sdk v1.5.1/gcc-arm-none-eabi/bin/../lib/gcc/arm-none-eabi/10.3.1/../../../../arm-none-eabi/lib/thumb/v6-m/nofp\libg.a(lib_a-calloc.o)
                              CMakeFiles/hw5.dir/C_/Users/hyunk/Documents/Pico-v1.5.1/pico-sdk/src/rp2_common/pico_malloc/pico_malloc.c.obj (calloc)
c:/program files/raspberry pi/pico sdk v1.5.1/gcc-arm-none-eabi/bin/../lib/gcc/arm-none-eabi/10.3.1/../../../../arm-none-eabi/lib/thumb/v6-m/nofp\libg.a(lib_a-callocr.o)
                              c:/program files/raspberry pi/pico sdk v1.5.1/gcc-arm-none-eabi/bin/../lib/gcc/arm-none-eabi/10.3.1/../../../../arm-none-eabi/lib/thumb/v6-m/nofp\libg.a(lib_a-calloc.o) (_calloc_r)
c:/program files/raspberry pi/pico sdk v1.5.1/gcc-arm-none-eabi/bin/../lib/gcc/arm-none-eabi/10.3.1/../../../../arm-none-eabi/lib/thumb/v6-m/nofp\libg.a(lib_a-errno.o)
                              c:/program files/raspberry pi/pico sdk v1.5.1/gcc-arm-none-eabi/bin/../lib/gcc/arm-none-eabi/10.3.1/../../../../arm-none-eabi/lib/thumb/v6-m/nofp\libg.a(lib_a-callocr.o) (__errno)
c:/program files/raspberry pi/pico sdk v1.5.1/gcc-arm-none-eabi/bin/../lib/gcc/arm-none-eabi/10.3.1/../../../../arm-none-eabi/lib/thumb/v6-m/nofp\libg.a(lib_a-impure.o)
                              c:/program files/raspberry pi/pico sdk v1.5.1/gcc-arm-none-eabi/bin/../lib/gcc/arm-none-eabi/10.3.1/../../../../arm-none-eabi/lib/thumb/v6-m/nofp\libg.a(lib_a-calloc.o) (_impure_ptr)
c:/program files/raspberry pi/pico sdk v1.5.1/gcc-arm-none-eabi/bin/../lib/gcc/arm-none-eabi/10.3.1/../../../../arm-none-eabi/lib/thumb/v6-m/nofp\libg.a(lib_a-init.o)
                              c:/program files/raspberry pi/pico sdk v1.5.1/gcc-arm-none-eabi/bin/../lib/gcc/arm-none-eabi/10.3.1/../../../../arm-none-eabi/lib/thumb/v6-m/nofp/crt0.o (__libc_init_array)
c:/program files/raspberry pi/pico sdk v1.5.1/gcc-arm-none-eabi/bin/../lib/gcc/arm-none-eabi/10.3.1/../../../../arm-none-eabi/lib/thumb/v6-m/nofp\libg.a(lib_a-malloc.o)
                              CMakeFiles/hw5.dir/C_/Users/hyunk/Documents/Pico-v1.5.1/pico-sdk/src/rp2_common/pico_malloc/pico_malloc.c.obj (malloc)
c:/program files/raspberry pi/pico sdk v1.5.1/gcc-arm-none-eabi/bin/../lib/gcc/arm-none-eabi/10.3.1/../../../../arm-none-eabi/lib/thumb/v6-m/nofp\libg.a(lib_a-mallocr.o)
                              c:/program files/raspberry pi/pico sdk v1.5.1/gcc-arm-none-eabi/bin/../lib/gcc/arm-none-eabi/10.3.1/../../../../arm-none-eabi/lib/thumb/v6-m/nofp\libg.a(lib_a-callocr.o) (_malloc_r)
c:/program files/raspberry pi/pico sdk v1.5.1/gcc-arm-none-eabi/bin/../lib/gcc/arm-none-eabi/10.3.1/../../../../arm-none-eabi/lib/thumb/v6-m/nofp\libg.a(lib_a-mlock.o)
                              c:/program files/raspberry pi/pico sdk v1.5.1/gcc-arm-none-eabi/bin/../lib/gcc/arm-none-eabi/10.3.1/../../../../arm-none-eabi/lib/thumb/v6-m/nofp\libg.a(lib_a-mallocr.o) (__malloc_lock)
c:/program files/raspberry pi/pico sdk v1.5.1/gcc-arm-none-eabi/bin/../lib/gcc/arm-none-eabi/10.3.1/../../../../arm-none-eabi/lib/thumb/v6-m/nofp\libg.a(lib_a-realloc.o)
                              CMakeFiles/hw5.dir/C_/Users/hyunk/Documents/Pico-v1.5.1/pico-sdk/src/rp2_common/pico_malloc/pico_malloc.c.obj (realloc)
c:/program files/raspberry pi/pico sdk v1.5.1/gcc-arm-none-eabi/bin/../lib/gcc/arm-none-eabi/10.3.1/../../../../arm-none-eabi/lib/thumb/v6-m/nofp\libg.a(lib_a-reallocr.o)
                              c:/program files/raspberry pi/pico sdk v1.5.1/gcc-arm-none-eabi/bin/../lib/gcc/arm-none-eabi/10.3.1/../../../../arm-none-eabi/lib/thumb/v6-m/nofp\libg.a(lib_a-realloc.o) (_realloc_r)
c:/program files/raspberry pi/pico sdk v1.5.1/gcc-arm-none-eabi/bin/../lib/gcc/arm-none-eabi/10.3.1/../../../../arm-none-eabi/lib/thumb/v6-m/nofp\libg.a(lib_a-sbrkr.o)
                              c:/program files/raspberry pi/pico sdk v1.5.1/gcc-arm-none-eabi/bin/../lib/gcc/arm-none-eabi/10.3.1/../../../../arm-none-eabi/lib/thumb/v6-m/nofp\libg.a(lib_a-mallocr.o) (_sbrk_r)
c:/program files/raspberry pi/pico sdk v1.5.1/gcc-arm-none-eabi/bin/../lib/gcc/arm-none-eabi/10.3.1/../../../../arm-none-eabi/lib/thumb/v6-m/nofp\libg.a(lib_a-strlen-stub.o)
                              CMakeFiles/hw5.dir/C_/Users/hyunk/Documents/Pico-v1.5.1/pico-sdk/src/rp2_common/pico_stdio/stdio.c.obj (strlen)
c:/program files/raspberry pi/pico sdk v1.5.1/gcc-arm-none-eabi/bin/../lib/gcc/arm-none-eabi/10.3.1/../../../../arm-none-eabi/lib/thumb/v6-m/nofp\libg.a(lib_a-freer.o)
[...]
Memory Configuration

Name             Origin             Length             Attributes
FLASH            0x10000000         0x00200000         xr
RAM              0x20000000         0x00040000         xrw
SCRATCH_X        0x20040000         0x00001000         xrw
SCRATCH_Y        0x20041000         0x00001000         xrw
*default*        0x00000000         0xffffffff

Linker script and memory map

LOAD c:/program files/raspberry pi/pico sdk v1.5.1/gcc-arm-none-eabi/bin/../lib/gcc/arm-none-eabi/10.3.1/thumb/v6-m/nofp/crti.o
LOAD c:/program files/raspberry pi/pico sdk v1.5.1/gcc-arm-none-eabi/bin/../lib/gcc/arm-none-eabi/10.3.1/thumb/v6-m/nofp/crtbegin.o
LOAD c:/program files/raspberry pi/pico sdk v1.5.1/gcc-arm-none-eabi/bin/../lib/gcc/arm-none-eabi/10.3.1/../../../../arm-none-eabi/lib/thumb/v6-m/nofp/crt0.o

.flash_begin    0x10000000        0x0
                0x10000000                __flash_binary_start = .

.boot2          0x10000000      0x100
                0x10000000                __boot2_start__ = .
 *(.boot2)
 .boot2         0x10000000      0x100 C:\Users\hyunk\AppData\Local\Temp\ccs0Z8XN.o
                0x10000100                __boot2_end__ = .
                0x00000001                ASSERT (((__boot2_end__ - __boot2_start__) == 0x100), ERROR: Pico second stage bootloader must be 256 bytes in size)

.text           0x10000100     0x4a60
                0x10000100                __logical_binary_start = .
 *(.vectors)
 .vectors       0x10000100       0xd4 CMakeFiles/hw5.dir/C_/Users/hyunk/Documents/Pico-v1.5.1/pico-sdk/src/rp2_common/pico_standard_link/crt0.S.obj
                0x10000100                __VECTOR_TABLE
                0x10000100                __vectors
                0x100001c0                isr_invalid
                0x100001c0                __default_isrs_start
                0x100001c2                isr_nmi
                0x100001c4                isr_hardfault
                0x100001c6                isr_svcall
                0x100001c8                isr_pendsv
                0x100001ca                isr_systick
                0x100001cc                isr_irq23
                0x100001cc                isr_irq18
                0x100001cc                isr_irq11
                0x100001cc                isr_irq28
                0x100001cc                isr_irq19
                0x100001cc                isr_irq0
                0x100001cc                isr_irq6
                0x100001cc                isr_irq5
                0x100001cc                isr_irq12
                0x100001cc                isr_irq22
                0x100001cc                isr_irq31
                0x100001cc                isr_irq17
                0x100001cc                isr_irq27
                0x100001cc                isr_irq30
                0x100001cc                isr_irq2
                0x100001cc                isr_irq10
                0x100001cc                isr_irq8
                0x100001cc                isr_irq24
                0x100001cc                isr_irq1
                0x100001cc                isr_irq7
                0x100001cc                isr_irq21
                0x100001cc                isr_irq20
                0x100001cc                isr_irq15
                0x100001cc                isr_irq25
                0x100001cc                isr_irq13
                0x100001cc                __unhandled_user_irq
                0x100001cc                isr_irq4
                0x100001cc                isr_irq16
                0x100001cc                isr_irq29
                0x100001cc                isr_irq26
                0x100001cc                __default_isrs_end
                0x100001cc                isr_irq3
                0x100001cc                isr_irq14
                0x100001cc                isr_irq9
                0x100001d2                unhandled_user_irq_num_in_r0
 *(.binary_info_header)
 .binary_info_header
                0x100001d4       0x14 CMakeFiles/hw5.dir/C_/Users/hyunk/Documents/Pico-v1.5.1/pico-sdk/src/rp2_common/pico_standard_link/crt0.S.obj
                0x100001e8                __binary_info_header_end = .
 *(.reset)
 .reset         0x100001e8       0xa0 CMakeFiles/hw5.dir/C_/Users/hyunk/Documents/Pico-v1.5.1/pico-sdk/src/rp2_common/pico_standard_link/crt0.S.obj
                0x100001e8                _entry_point
 .reset         0x10000288       0x30 CMakeFiles/hw5.dir/C_/Users/hyunk/Documents/Pico-v1.5.1/pico-sdk/src/rp2_common/pico_standard_link/binary_info.c.obj
 *(.init)
 .init          0x100002b8        0x4 c:/program files/raspberry pi/pico sdk v1.5.1/gcc-arm-none-eabi/bin/../lib/gcc/arm-none-eabi/10.3.1/thumb/v6-m/nofp/crti.o
                0x100002b8                _init
 *(EXCLUDE_FILE(*libm.a: *libc.a:*lib_a-mem*.o *libgcc.a:) .text*)
 .text          0x100002bc       0x48 c:/program files/raspberry pi/pico sdk v1.5.1/gcc-arm-none-eabi/bin/../lib/gcc/arm-none-eabi/10.3.1/thumb/v6-m/nofp/crtbegin.o
 .text.chip_init
                0x10000304       0x28 CMakeFiles/hw5.dir/hw5.c.obj
                0x10000304                chip_init
 .text.set      0x1000032c       0x28 CMakeFiles/hw5.dir/hw5.c.obj
                0x1000032c                set
 .text.read     0x10000354       0x44 CMakeFiles/hw5.dir/hw5.c.obj
                0x10000354                read
 .text.main     0x10000398       0x68 CMakeFiles/hw5.dir/hw5.c.obj
                0x10000398                main
 .text.gpio_set_function
                0x10000400       0x30 CMakeFiles/hw5.dir/C_/Users/hyunk/Documents/Pico-v1.5.1/pico-sdk/src/rp2_common/hardware_gpio/gpio.c.obj
                0x10000400                gpio_set_function
 .text.gpio_init
                0x10000430       0x16 CMakeFiles/hw5.dir/C_/Users/hyunk/Documents/Pico-v1.5.1/pico-sdk/src/rp2_common/hardware_gpio/gpio.c.obj
                0x10000430                gpio_init
 *fill*         0x10000446        0x2 
 .text.running_on_fpga
                0x10000448       0x14 CMakeFiles/hw5.dir/C_/Users/hyunk/Documents/Pico-v1.5.1/pico-sdk/src/rp2_common/pico_platform/platform.c.obj
                0x10000448                running_on_fpga
 .text.hw_claim_lock
                0x1000045c       0x18 CMakeFiles/hw5.dir/C_/Users/hyunk/Documents/Pico-v1.5.1/pico-sdk/src/rp2_common/hardware_claim/claim.c.obj
                0x1000045c                hw_claim_lock
 .text.hw_claim_unlock
                0x10000474       0x14 CMakeFiles/hw5.dir/C_/Users/hyunk/Documents/Pico-v1.5.1/pico-sdk/src/rp2_common/hardware_claim/claim.c.obj
                0x10000474                hw_claim_unlock
 .text.hw_claim_or_assert
                0x10000488       0x32 CMakeFiles/hw5.dir/C_/Users/hyunk/Documents/Pico-v1.5.1/pico-sdk/src/rp2_common/hardware_claim/claim.c.obj
                0x10000488                hw_claim_or_assert
 *fill*         0x100004ba        0x2 
 .text.spin_locks_reset
                0x100004bc       0x20 CMakeFiles/hw5.dir/C_/Users/hyunk/Documents/Pico-v1.5.1/pico-sdk/src/rp2_common/hardware_sync/sync.c.obj
                0x100004bc                spin_locks_reset
 .text.next_striped_spin_lock_num
                0x100004dc       0x1c CMakeFiles/hw5.dir/C_/Users/hyunk/Documents/Pico-v1.5.1/pico-sdk/src/rp2_common/hardware_sync/sync.c.obj
                0x100004dc                next_striped_spin_lock_num
 .text.set_raw_irq_handler_and_unlock
                0x100004f8       0x28 CMakeFiles/hw5.dir/C_/Users/hyunk/Documents/Pico-v1.5.1/pico-sdk/src/rp2_common/hardware_irq/irq.c.obj
 .text.make_branch
                0x10000520       0x48 CMakeFiles/hw5.dir/C_/Users/hyunk/Documents/Pico-v1.5.1/pico-sdk/src/rp2_common/hardware_irq/irq.c.obj
 .text.insert_branch_and_link
                0x10000568       0x40 CMakeFiles/hw5.dir/C_/Users/hyunk/Documents/Pico-v1.5.1/pico-sdk/src/rp2_common/hardware_irq/irq.c.obj
 .text.irq_is_enabled
                0x100005a8       0x18 CMakeFiles/hw5.dir/C_/Users/hyunk/Documents/Pico-v1.5.1/pico-sdk/src/rp2_common/hardware_irq/irq.c.obj
                0x100005a8                irq_is_enabled
 .text.irq_set_mask_enabled
                0x100005c0       0x20 CMakeFiles/hw5.dir/C_/Users/hyunk/Documents/Pico-v1.5.1/pico-sdk/src/rp2_common/hardware_irq/irq.c.obj
                0x100005c0                irq_set_mask_enabled
 .text.irq_set_enabled
                0x100005e0        0xe CMakeFiles/hw5.dir/C_/Users/hyunk/Documents/Pico-v1.5.1/pico-sdk/src/rp2_common/hardware_irq/irq.c.obj
                0x100005e0                irq_set_enabled
 *fill*         0x100005ee        0x2 
 .text.irq_get_vtable_handler
                0x100005f0       0x10 CMakeFiles/hw5.dir/C_/Users/hyunk/Documents/Pico-v1.5.1/pico-sdk/src/rp2_common/hardware_irq/irq.c.obj
                0x100005f0                irq_get_vtable_handler
 .text.irq_set_exclusive_handler
                0x10000600       0x54 CMakeFiles/hw5.dir/C_/Users/hyunk/Documents/Pico-v1.5.1/pico-sdk/src/rp2_common/hardware_irq/irq.c.obj
                0x10000600                irq_set_exclusive_handler
 .text.irq_remove_handler
                0x10000654      0x1ac CMakeFiles/hw5.dir/C_/Users/hyunk/Documents/Pico-v1.5.1/pico-sdk/src/rp2_common/hardware_irq/irq.c.obj
                0x10000654                irq_remove_handler
 .text.irq_add_tail_to_free_list
                0x10000800       0xf0 CMakeFiles/hw5.dir/C_/Users/hyunk/Documents/Pico-v1.5.1/pico-sdk/src/rp2_common/hardware_irq/irq.c.obj
                0x10000800                irq_add_tail_to_free_list
 .text.irq_init_priorities
                0x100008f0       0x1c CMakeFiles/hw5.dir/C_/Users/hyunk/Documents/Pico-v1.5.1/pico-sdk/src/rp2_common/hardware_irq/irq.c.obj
                0x100008f0                irq_init_priorities
 .text.lock_init
                0x1000090c       0x10 CMakeFiles/hw5.dir/C_/Users/hyunk/Documents/Pico-v1.5.1/pico-sdk/src/common/pico_sync/lock_core.c.obj
                0x1000090c                lock_init
 .text.mutex_init
                0x1000091c       0x1a CMakeFiles/hw5.dir/C_/Users/hyunk/Documents/Pico-v1.5.1/pico-sdk/src/common/pico_sync/mutex.c.obj
                0x1000091c                mutex_init
 .text.recursive_mutex_init
                0x10000936       0x1e CMakeFiles/hw5.dir/C_/Users/hyunk/Documents/Pico-v1.5.1/pico-sdk/src/common/pico_sync/mutex.c.obj
                0x10000936                recursive_mutex_init
 .text.alarm_pool_post_alloc_init
                0x10000954       0x40 CMakeFiles/hw5.dir/C_/Users/hyunk/Documents/Pico-v1.5.1/pico-sdk/src/common/pico_time/time.c.obj
 .text.sleep_until_callback
                0x10000994       0x30 CMakeFiles/hw5.dir/C_/Users/hyunk/Documents/Pico-v1.5.1/pico-sdk/src/common/pico_time/time.c.obj
 .text.timer_pool_entry_comparator
                0x100009c4       0x7c CMakeFiles/hw5.dir/C_/Users/hyunk/Documents/Pico-v1.5.1/pico-sdk/src/common/pico_time/time.c.obj
                0x100009c4                timer_pool_entry_comparator
 .text.ph_add_child_node
                0x10000a40       0xa4 CMakeFiles/hw5.dir/C_/Users/hyunk/Documents/Pico-v1.5.1/pico-sdk/src/common/pico_time/time.c.obj
 .text.ph_merge_nodes
                0x10000ae4       0x3e CMakeFiles/hw5.dir/C_/Users/hyunk/Documents/Pico-v1.5.1/pico-sdk/src/common/pico_time/time.c.obj
 *fill*         0x10000b22        0x2 
 .text.add_alarm_under_lock
                0x10000b24      0x174 CMakeFiles/hw5.dir/C_/Users/hyunk/Documents/Pico-v1.5.1/pico-sdk/src/common/pico_time/time.c.obj
 .text.alarm_pool_alarm_callback
                0x10000c98      0x33c CMakeFiles/hw5.dir/C_/Users/hyunk/Documents/Pico-v1.5.1/pico-sdk/src/common/pico_time/time.c.obj
 .text.alarm_pool_init_default
                0x10000fd4       0x40 CMakeFiles/hw5.dir/C_/Users/hyunk/Documents/Pico-v1.5.1/pico-sdk/src/common/pico_time/time.c.obj
                0x10000fd4                alarm_pool_init_default
 .text.alarm_pool_get_default
                0x10001014       0x2c CMakeFiles/hw5.dir/C_/Users/hyunk/Documents/Pico-v1.5.1/pico-sdk/src/common/pico_time/time.c.obj
                0x10001014                alarm_pool_get_default
 .text.alarm_pool_add_alarm_at
                0x10001040      0x168 CMakeFiles/hw5.dir/C_/Users/hyunk/Documents/Pico-v1.5.1/pico-sdk/src/common/pico_time/time.c.obj
                0x10001040                alarm_pool_add_alarm_at
 .text.alarm_pool_cancel_alarm
                0x100011a8       0xf8 CMakeFiles/hw5.dir/C_/Users/hyunk/Documents/Pico-v1.5.1/pico-sdk/src/common/pico_time/time.c.obj
                0x100011a8                alarm_pool_cancel_alarm
 .text.sleep_until
                0x100012a0       0xfc CMakeFiles/hw5.dir/C_/Users/hyunk/Documents/Pico-v1.5.1/pico-sdk/src/common/pico_time/time.c.obj
                0x100012a0                sleep_until
 .text.sleep_us
                0x1000139c       0x58 CMakeFiles/hw5.dir/C_/Users/hyunk/Documents/Pico-v1.5.1/pico-sdk/src/common/pico_time/time.c.obj
                0x1000139c                sleep_us
 .text.sleep_ms
                0x100013f4       0x14 CMakeFiles/hw5.dir/C_/Users/hyunk/Documents/Pico-v1.5.1/pico-sdk/src/common/pico_time/time.c.obj
                0x100013f4                sleep_ms
 .text.best_effort_wfe_or_timeout
                0x10001408       0xac CMakeFiles/hw5.dir/C_/Users/hyunk/Documents/Pico-v1.5.1/pico-sdk/src/common/pico_time/time.c.obj
                0x10001408                best_effort_wfe_or_timeout
 .text.hardware_alarm_irq_handler
                0x100014b4       0x90 CMakeFiles/hw5.dir/C_/Users/hyunk/Documents/Pico-v1.5.1/pico-sdk/src/rp2_common/hardware_timer/timer.c.obj
 .text.hardware_alarm_claim
                0x10001544       0x18 CMakeFiles/hw5.dir/C_/Users/hyunk/Documents/Pico-v1.5.1/pico-sdk/src/rp2_common/hardware_timer/timer.c.obj
                0x10001544                hardware_alarm_claim
 .text.time_us_64
                0x1000155c       0x18 CMakeFiles/hw5.dir/C_/Users/hyunk/Documents/Pico-v1.5.1/pico-sdk/src/rp2_common/hardware_timer/timer.c.obj
                0x1000155c                time_us_64
 .text.busy_wait_until
                0x10001574       0x28 CMakeFiles/hw5.dir/C_/Users/hyunk/Documents/Pico-v1.5.1/pico-sdk/src/rp2_common/hardware_timer/timer.c.obj
                0x10001574                busy_wait_until
 .text.busy_wait_us
                0x1000159c       0x48 CMakeFiles/hw5.dir/C_/Users/hyunk/Documents/Pico-v1.5.1/pico-sdk/src/rp2_common/hardware_timer/timer.c.obj
                0x1000159c                busy_wait_us
 .text.hardware_alarm_set_callback
                0x100015e4       0x90 CMakeFiles/hw5.dir/C_/Users/hyunk/Documents/Pico-v1.5.1/pico-sdk/src/rp2_common/hardware_timer/timer.c.obj
                0x100015e4                hardware_alarm_set_callback
 .text.hardware_alarm_set_target
                0x10001674       0xe8 CMakeFiles/hw5.dir/C_/Users/hyunk/Documents/Pico-v1.5.1/pico-sdk/src/rp2_common/hardware_timer/timer.c.obj
                0x10001674                hardware_alarm_set_target
 .text.hardware_alarm_cancel
                0x1000175c       0x40 CMakeFiles/hw5.dir/C_/Users/hyunk/Documents/Pico-v1.5.1/pico-sdk/src/rp2_common/hardware_timer/timer.c.obj
                0x1000175c                hardware_alarm_cancel
 .text.ph_add_child_node
                0x1000179c       0xa4 CMakeFiles/hw5.dir/C_/Users/hyunk/Documents/Pico-v1.5.1/pico-sdk/src/common/pico_util/pheap.c.obj
 .text.ph_merge_nodes
                0x10001840       0x3e CMakeFiles/hw5.dir/C_/Users/hyunk/Documents/Pico-v1.5.1/pico-sdk/src/common/pico_util/pheap.c.obj
 *fill*         0x1000187e        0x2 
 .text.ph_clear
                0x10001880       0x70 CMakeFiles/hw5.dir/C_/Users/hyunk/Documents/Pico-v1.5.1/pico-sdk/src/common/pico_util/pheap.c.obj
                0x10001880                ph_clear
 .text.ph_post_alloc_init
                0x100018f0        0xe CMakeFiles/hw5.dir/C_/Users/hyunk/Documents/Pico-v1.5.1/pico-sdk/src/common/pico_util/pheap.c.obj
                0x100018f0                ph_post_alloc_init
 *fill*         0x100018fe        0x2 
 .text.ph_merge_two_pass
                0x10001900       0xa8 CMakeFiles/hw5.dir/C_/Users/hyunk/Documents/Pico-v1.5.1/pico-sdk/src/common/pico_util/pheap.c.obj
                0x10001900                ph_merge_two_pass
 .text.ph_remove_any_head
                0x100019a8      0x128 CMakeFiles/hw5.dir/C_/Users/hyunk/Documents/Pico-v1.5.1/pico-sdk/src/common/pico_util/pheap.c.obj
 .text.ph_remove_head
                0x10001ad0       0x14 CMakeFiles/hw5.dir/C_/Users/hyunk/Documents/Pico-v1.5.1/pico-sdk/src/common/pico_util/pheap.c.obj
                0x10001ad0                ph_remove_head
 .text.ph_remove_and_free_node
                0x10001ae4       0xf8 CMakeFiles/hw5.dir/C_/Users/hyunk/Documents/Pico-v1.5.1/pico-sdk/src/common/pico_util/pheap.c.obj
                0x10001ae4                ph_remove_and_free_node
 .text.uart_disable_before_lcr_write
                0x10001bdc       0x48 CMakeFiles/hw5.dir/C_/Users/hyunk/Documents/Pico-v1.5.1/pico-sdk/src/rp2_common/hardware_uart/uart.c.obj
 .text.uart_write_lcr_bits_masked
                0x10001c24       0x22 CMakeFiles/hw5.dir/C_/Users/hyunk/Documents/Pico-v1.5.1/pico-sdk/src/rp2_common/hardware_uart/uart.c.obj
 *fill*         0x10001c46        0x2 
 .text.uart_set_baudrate
                0x10001c48       0x5c CMakeFiles/hw5.dir/C_/Users/hyunk/Documents/Pico-v1.5.1/pico-sdk/src/rp2_common/hardware_uart/uart.c.obj
                0x10001c48                uart_set_baudrate
 .text.uart_set_format
                0x10001ca4       0x2c CMakeFiles/hw5.dir/C_/Users/hyunk/Documents/Pico-v1.5.1/pico-sdk/src/rp2_common/hardware_uart/uart.c.obj
                0x10001ca4                uart_set_format
 .text.uart_set_translate_crlf
                0x10001cd0       0x28 CMakeFiles/hw5.dir/C_/Users/hyunk/Documents/Pico-v1.5.1/pico-sdk/src/rp2_common/hardware_uart/uart.c.obj
                0x10001cd0                uart_set_translate_crlf
 .text.uart_init
                0x10001cf8       0x80 CMakeFiles/hw5.dir/C_/Users/hyunk/Documents/Pico-v1.5.1/pico-sdk/src/rp2_common/hardware_uart/uart.c.obj
                0x10001cf8                uart_init
 .text.clock_configure
                0x10001d78      0x108 CMakeFiles/hw5.dir/C_/Users/hyunk/Documents/Pico-v1.5.1/pico-sdk/src/rp2_common/hardware_clocks/clocks.c.obj
                0x10001d78                clock_configure
 .text.clocks_init
                0x10001e80      0x100 CMakeFiles/hw5.dir/C_/Users/hyunk/Documents/Pico-v1.5.1/pico-sdk/src/rp2_common/hardware_clocks/clocks.c.obj
                0x10001e80                clocks_init
 .text.clock_get_hz
                0x10001f80        0xc CMakeFiles/hw5.dir/C_/Users/hyunk/Documents/Pico-v1.5.1/pico-sdk/src/rp2_common/hardware_clocks/clocks.c.obj
                0x10001f80                clock_get_hz
 .text.pll_init
                0x10001f8c      0x120 CMakeFiles/hw5.dir/C_/Users/hyunk/Documents/Pico-v1.5.1/pico-sdk/src/rp2_common/hardware_pll/pll.c.obj
                0x10001f8c                pll_init
 .text.watchdog_start_tick
                0x100020ac       0x10 CMakeFiles/hw5.dir/C_/Users/hyunk/Documents/Pico-v1.5.1/pico-sdk/src/rp2_common/hardware_watchdog/watchdog.c.obj
                0x100020ac                watchdog_start_tick
 .text.xosc_init
                0x100020bc       0x28 CMakeFiles/hw5.dir/C_/Users/hyunk/Documents/Pico-v1.5.1/pico-sdk/src/rp2_common/hardware_xosc/xosc.c.obj
                0x100020bc                xosc_init
 .text._exit    0x100020e4        0x4 CMakeFiles/hw5.dir/C_/Users/hyunk/Documents/Pico-v1.5.1/pico-sdk/src/rp2_common/pico_runtime/runtime.c.obj
                0x100020e4                _exit
 .text.exit     0x100020e8        0x6 CMakeFiles/hw5.dir/C_/Users/hyunk/Documents/Pico-v1.5.1/pico-sdk/src/rp2_common/pico_runtime/runtime.c.obj
                0x100020e8                exit
 *fill*         0x100020ee        0x2 
 .text.__assert_func
                0x100020f0       0x3c CMakeFiles/hw5.dir/C_/Users/hyunk/Documents/Pico-v1.5.1/pico-sdk/src/rp2_common/pico_runtime/runtime.c.obj
                0x100020f0                __assert_func
 .text.runtime_init
                0x1000212c       0xf8 CMakeFiles/hw5.dir/C_/Users/hyunk/Documents/Pico-v1.5.1/pico-sdk/src/rp2_common/pico_runtime/runtime.c.obj
                0x1000212c                runtime_init
 .text.panic    0x10002224       0x30 CMakeFiles/hw5.dir/C_/Users/hyunk/Documents/Pico-v1.5.1/pico-sdk/src/rp2_common/pico_runtime/runtime.c.obj
                0x10002224                panic
 .text._out_null
                0x10002254        0x2 CMakeFiles/hw5.dir/C_/Users/hyunk/Documents/Pico-v1.5.1/pico-sdk/src/rp2_common/pico_printf/printf.c.obj
 .text._out_fct
                0x10002256        0xe CMakeFiles/hw5.dir/C_/Users/hyunk/Documents/Pico-v1.5.1/pico-sdk/src/rp2_common/pico_printf/printf.c.obj
 .text._atoi    0x10002264       0x24 CMakeFiles/hw5.dir/C_/Users/hyunk/Documents/Pico-v1.5.1/pico-sdk/src/rp2_common/pico_printf/printf.c.obj
 .text._out_rev
                0x10002288       0xae CMakeFiles/hw5.dir/C_/Users/hyunk/Documents/Pico-v1.5.1/pico-sdk/src/rp2_common/pico_printf/printf.c.obj
 .text._ntoa_format
                0x10002336      0x112 CMakeFiles/hw5.dir/C_/Users/hyunk/Documents/Pico-v1.5.1/pico-sdk/src/rp2_common/pico_printf/printf.c.obj
 .text._ntoa_long
                0x10002448       0xbc CMakeFiles/hw5.dir/C_/Users/hyunk/Documents/Pico-v1.5.1/pico-sdk/src/rp2_common/pico_printf/printf.c.obj
 .text._ntoa_long_long
                0x10002504       0xe2 CMakeFiles/hw5.dir/C_/Users/hyunk/Documents/Pico-v1.5.1/pico-sdk/src/rp2_common/pico_printf/printf.c.obj
 *fill*         0x100025e6        0x2 
 .text._etoa    0x100025e8      0x414 CMakeFiles/hw5.dir/C_/Users/hyunk/Documents/Pico-v1.5.1/pico-sdk/src/rp2_common/pico_printf/printf.c.obj
 .text._ftoa    0x100029fc      0x354 CMakeFiles/hw5.dir/C_/Users/hyunk/Documents/Pico-v1.5.1/pico-sdk/src/rp2_common/pico_printf/printf.c.obj
 .text._vsnprintf
                0x10002d50      0x624 CMakeFiles/hw5.dir/C_/Users/hyunk/Documents/Pico-v1.5.1/pico-sdk/src/rp2_common/pico_printf/printf.c.obj
 .text.vfctprintf
                0x10003374       0x20 CMakeFiles/hw5.dir/C_/Users/hyunk/Documents/Pico-v1.5.1/pico-sdk/src/rp2_common/pico_printf/printf.c.obj
                0x10003374                vfctprintf
 .text          0x10003394       0x10 CMakeFiles/hw5.dir/C_/Users/hyunk/Documents/Pico-v1.5.1/pico-sdk/src/rp2_common/pico_bit_ops/bit_ops_aeabi.S.obj
 .text.rom_func_lookup
                0x100033a4       0x10 CMakeFiles/hw5.dir/C_/Users/hyunk/Documents/Pico-v1.5.1/pico-sdk/src/rp2_common/pico_bootrom/bootrom.c.obj
                0x100033a4                rom_func_lookup
 .text.rom_data_lookup
                0x100033b4       0x10 CMakeFiles/hw5.dir/C_/Users/hyunk/Documents/Pico-v1.5.1/pico-sdk/src/rp2_common/pico_bootrom/bootrom.c.obj
                0x100033b4                rom_data_lookup
 .text.rom_funcs_lookup
                0x100033c4       0x36 CMakeFiles/hw5.dir/C_/Users/hyunk/Documents/Pico-v1.5.1/pico-sdk/src/rp2_common/pico_bootrom/bootrom.c.obj
                0x100033c4                rom_funcs_lookup
 *fill*         0x100033fa        0x2 
 .text.__wrap___aeabi_idiv
                0x100033fc       0x50 CMakeFiles/hw5.dir/C_/Users/hyunk/Documents/Pico-v1.5.1/pico-sdk/src/rp2_common/pico_divider/divider.S.obj
                0x100033fc                __wrap___aeabi_idivmod
                0x100033fc                divmod_s32s32
                0x100033fc                div_s32s32
                0x100033fc                __wrap___aeabi_idiv
                0x10003404                divmod_s32s32_unsafe
                0x10003430                divmod_s32s32_savestate
 .text.__wrap___aeabi_uidiv
                0x1000344c       0x4c CMakeFiles/hw5.dir/C_/Users/hyunk/Documents/Pico-v1.5.1/pico-sdk/src/rp2_common/pico_divider/divider.S.obj
                0x1000344c                __wrap___aeabi_uidiv
                0x1000344c                __wrap___aeabi_uidivmod
                0x1000344c                div_u32u32
                0x1000344c                divmod_u32u32
                0x10003454                divmod_u32u32_unsafe
                0x1000347c                divmod_u32u32_savestate
 .text.__wrap___aeabi_ldiv
                0x10003498      0x424 CMakeFiles/hw5.dir/C_/Users/hyunk/Documents/Pico-v1.5.1/pico-sdk/src/rp2_common/pico_divider/divider.S.obj
                0x10003498                div_s64s64
                0x10003498                divmod_s64s64
                0x10003498                __wrap___aeabi_ldivmod
                0x100034c8                divmod_u64u64
                0x100034c8                div_u64u64
                0x100034c8                __wrap___aeabi_uldivmod
                0x100034d8                divmod_u64u64_savestate
                0x100034f8                divmod_s64s64_unsafe
                0x10003580                divmod_u64u64_unsafe
 .text.__wrap___aeabi_darithmetic
                0x100038bc       0x80 CMakeFiles/hw5.dir/C_/Users/hyunk/Documents/Pico-v1.5.1/pico-sdk/src/rp2_common/pico_double/double_aeabi.S.obj
                0x100038bc                __wrap___aeabi_drsub
                0x100038c2                __wrap___aeabi_dsub
                0x100038d4                __wrap___aeabi_dadd
                0x100038e6                __wrap___aeabi_ddiv
                0x10003922                __wrap___aeabi_dmul
 .text.__wrap___aeabi_cdcmple
                0x1000393c       0x6c CMakeFiles/hw5.dir/C_/Users/hyunk/Documents/Pico-v1.5.1/pico-sdk/src/rp2_common/pico_double/double_aeabi.S.obj
                0x1000393c                __wrap___aeabi_cdrcmple
                0x1000394c                __wrap___aeabi_cdcmpeq
                0x1000394c                __wrap___aeabi_cdcmple
 .text.__wrap___aeabi_dcmplt
                0x100039a8        0xc CMakeFiles/hw5.dir/C_/Users/hyunk/Documents/Pico-v1.5.1/pico-sdk/src/rp2_common/pico_double/double_aeabi.S.obj
                0x100039a8                __wrap___aeabi_dcmplt
 .text.__wrap___aeabi_dcmple
                0x100039b4       0x10 CMakeFiles/hw5.dir/C_/Users/hyunk/Documents/Pico-v1.5.1/pico-sdk/src/rp2_common/pico_double/double_aeabi.S.obj
                0x100039b4                __wrap___aeabi_dcmple
 .text.__wrap___aeabi_dcmpge
                0x100039c4       0x10 CMakeFiles/hw5.dir/C_/Users/hyunk/Documents/Pico-v1.5.1/pico-sdk/src/rp2_common/pico_double/double_aeabi.S.obj
                0x100039c4                __wrap___aeabi_dcmpge
 .text.__wrap___aeabi_dcmpgt
                0x100039d4        0xa CMakeFiles/hw5.dir/C_/Users/hyunk/Documents/Pico-v1.5.1/pico-sdk/src/rp2_common/pico_double/double_aeabi.S.obj
                0x100039d4                __wrap___aeabi_dcmpgt
 .text.__wrap___aeabi_dcmpun
                0x100039de       0x1c CMakeFiles/hw5.dir/C_/Users/hyunk/Documents/Pico-v1.5.1/pico-sdk/src/rp2_common/pico_double/double_aeabi.S.obj
                0x100039de                __wrap___aeabi_dcmpun
 *fill*         0x100039fa        0x2 
 .text.__wrap___aeabi_i2d
                0x100039fc       0x38 CMakeFiles/hw5.dir/C_/Users/hyunk/Documents/Pico-v1.5.1/pico-sdk/src/rp2_common/pico_double/double_aeabi.S.obj
                0x100039fc                __wrap___aeabi_ui2d
                0x10003a04                __wrap___aeabi_i2d
 .text.__wrap___aeabi_d2iz
                0x10003a34       0x48 CMakeFiles/hw5.dir/C_/Users/hyunk/Documents/Pico-v1.5.1/pico-sdk/src/rp2_common/pico_double/double_aeabi.S.obj
                0x10003a34                double2int_z
                0x10003a34                __wrap___aeabi_d2iz
 .text.__wrap___aeabi_d2uiz
                0x10003a7c       0x18 CMakeFiles/hw5.dir/C_/Users/hyunk/Documents/Pico-v1.5.1/pico-sdk/src/rp2_common/pico_double/double_aeabi.S.obj
                0x10003a7c                __wrap___aeabi_d2uiz
                0x10003a7c                double2uint
 .text.__aeabi_double_init
                0x10003a94       0xc8 CMakeFiles/hw5.dir/C_/Users/hyunk/Documents/Pico-v1.5.1/pico-sdk/src/rp2_common/pico_double/double_init_rom.c.obj
                0x10003a94                __aeabi_double_init
 .text.double_table_shim_on_use_helper
                0x10003b5c       0x34 CMakeFiles/hw5.dir/C_/Users/hyunk/Documents/Pico-v1.5.1/pico-sdk/src/rp2_common/pico_double/double_v1_rom_shim.S.obj
                0x10003b5c                double_table_shim_on_use_helper
 .text.__wrap___aeabi_dsub
                0x10003b90       0x10 CMakeFiles/hw5.dir/C_/Users/hyunk/Documents/Pico-v1.5.1/pico-sdk/src/rp2_common/pico_double/double_v1_rom_shim.S.obj
                0x10003b90                drsub_shim
                0x10003b96                dsub_shim
 .text.dadd_shim
                0x10003ba0      0x15c CMakeFiles/hw5.dir/C_/Users/hyunk/Documents/Pico-v1.5.1/pico-sdk/src/rp2_common/pico_double/double_v1_rom_shim.S.obj
                0x10003ba0                dadd_shim
 .text.dmul_shim
                0x10003cfc      0x15c CMakeFiles/hw5.dir/C_/Users/hyunk/Documents/Pico-v1.5.1/pico-sdk/src/rp2_common/pico_double/double_v1_rom_shim.S.obj
                0x10003cfc                dmul_shim
 .text.ddiv_shim
                0x10003e58      0x1b0 CMakeFiles/hw5.dir/C_/Users/hyunk/Documents/Pico-v1.5.1/pico-sdk/src/rp2_common/pico_double/double_v1_rom_shim.S.obj
                0x10003e58                ddiv_shim
 .text.double2uint_shim
                0x10004008        0xe CMakeFiles/hw5.dir/C_/Users/hyunk/Documents/Pico-v1.5.1/pico-sdk/src/rp2_common/pico_double/double_v1_rom_shim.S.obj
                0x10004008                double2uint_shim
                0x1000400a                double2ufix_shim
 *fill*         0x10004016        0x2 
 .text.double2uint64_shim
                0x10004018       0x70 CMakeFiles/hw5.dir/C_/Users/hyunk/Documents/Pico-v1.5.1/pico-sdk/src/rp2_common/pico_double/double_v1_rom_shim.S.obj
                0x10004018                double2uint64_shim
                0x1000401a                double2ufix64_shim
                0x1000403a                d2fix_a
 .text.dunpacks
                0x10004088       0x3c CMakeFiles/hw5.dir/C_/Users/hyunk/Documents/Pico-v1.5.1/pico-sdk/src/rp2_common/pico_double/double_v1_rom_shim.S.obj
                0x10004088                dunpacks
 .text.__aeabi_lmul
                0x100040c4       0x32 CMakeFiles/hw5.dir/C_/Users/hyunk/Documents/Pico-v1.5.1/pico-sdk/src/rp2_common/pico_int64_ops/pico_int64_ops_aeabi.S.obj
                0x100040c4                __wrap___aeabi_lmul
 *fill*         0x100040f6        0x2 
 .text.__aeabi_float_init
                0x100040f8       0xfc CMakeFiles/hw5.dir/C_/Users/hyunk/Documents/Pico-v1.5.1/pico-sdk/src/rp2_common/pico_float/float_init_rom.c.obj
                0x100040f8                __aeabi_float_init
 .text.float_table_shim_on_use_helper
                0x100041f4       0x34 CMakeFiles/hw5.dir/C_/Users/hyunk/Documents/Pico-v1.5.1/pico-sdk/src/rp2_common/pico_float/float_v1_rom_shim.S.obj
                0x100041f4                float_table_shim_on_use_helper
 .text          0x10004228       0x10 CMakeFiles/hw5.dir/C_/Users/hyunk/Documents/Pico-v1.5.1/pico-sdk/src/rp2_common/pico_mem_ops/mem_ops_aeabi.S.obj
                0x10004228                __aeabi_mem_init
 .text.memcpy   0x10004238        0xc CMakeFiles/hw5.dir/C_/Users/hyunk/Documents/Pico-v1.5.1/pico-sdk/src/rp2_common/pico_mem_ops/mem_ops_aeabi.S.obj
                0x10004238                __wrap_memcpy
                0x10004238                __wrap___aeabi_memcpy
 .text.stdio_out_chars_no_crlf
                0x10004244        0xe CMakeFiles/hw5.dir/C_/Users/hyunk/Documents/Pico-v1.5.1/pico-sdk/src/rp2_common/pico_stdio/stdio.c.obj
 *fill*         0x10004252        0x2 
 .text.stdio_out_chars_crlf
                0x10004254       0x80 CMakeFiles/hw5.dir/C_/Users/hyunk/Documents/Pico-v1.5.1/pico-sdk/src/rp2_common/pico_stdio/stdio.c.obj
 .text.stdio_stack_buffer_flush
                0x100042d4       0x44 CMakeFiles/hw5.dir/C_/Users/hyunk/Documents/Pico-v1.5.1/pico-sdk/src/rp2_common/pico_stdio/stdio.c.obj
 .text.stdio_buffered_printer
                0x10004318       0x20 CMakeFiles/hw5.dir/C_/Users/hyunk/Documents/Pico-v1.5.1/pico-sdk/src/rp2_common/pico_stdio/stdio.c.obj
 .text.stdout_serialize_begin
                0x10004338       0x5c CMakeFiles/hw5.dir/C_/Users/hyunk/Documents/Pico-v1.5.1/pico-sdk/src/rp2_common/pico_stdio/stdio.c.obj
                0x10004338                stdout_serialize_begin
 .text.stdout_serialize_end
                0x10004394       0x10 CMakeFiles/hw5.dir/C_/Users/hyunk/Documents/Pico-v1.5.1/pico-sdk/src/rp2_common/pico_stdio/stdio.c.obj
                0x10004394                stdout_serialize_end
 .text.stdio_put_string
                0x100043a4       0x98 CMakeFiles/hw5.dir/C_/Users/hyunk/Documents/Pico-v1.5.1/pico-sdk/src/rp2_common/pico_stdio/stdio.c.obj
 .text.stdio_set_driver_enabled
                0x1000443c       0x2c CMakeFiles/hw5.dir/C_/Users/hyunk/Documents/Pico-v1.5.1/pico-sdk/src/rp2_common/pico_stdio/stdio.c.obj
                0x1000443c                stdio_set_driver_enabled
 .text.stdio_flush
                0x10004468       0x20 CMakeFiles/hw5.dir/C_/Users/hyunk/Documents/Pico-v1.5.1/pico-sdk/src/rp2_common/pico_stdio/stdio.c.obj
                0x10004468                stdio_flush
 .text.__wrap_puts
                0x10004488       0x1e CMakeFiles/hw5.dir/C_/Users/hyunk/Documents/Pico-v1.5.1/pico-sdk/src/rp2_common/pico_stdio/stdio.c.obj
                0x10004488                __wrap_puts
 *fill*         0x100044a6        0x2 
 .text.__wrap_vprintf
                0x100044a8       0x40 CMakeFiles/hw5.dir/C_/Users/hyunk/Documents/Pico-v1.5.1/pico-sdk/src/rp2_common/pico_stdio/stdio.c.obj
                0x100044a8                __wrap_vprintf
 .text.__wrap_printf
                0x100044e8       0x18 CMakeFiles/hw5.dir/C_/Users/hyunk/Documents/Pico-v1.5.1/pico-sdk/src/rp2_common/pico_stdio/stdio.c.obj
                0x100044e8                __wrap_printf
 .text.stdio_init_all
                0x10004500        0xa CMakeFiles/hw5.dir/C_/Users/hyunk/Documents/Pico-v1.5.1/pico-sdk/src/rp2_common/pico_stdio/stdio.c.obj
                0x10004500                stdio_init_all
 *fill*         0x1000450a        0x2 
 .text.stdio_uart_out_chars
                0x1000450c       0x74 CMakeFiles/hw5.dir/C_/Users/hyunk/Documents/Pico-v1.5.1/pico-sdk/src/rp2_common/pico_stdio_uart/stdio_uart.c.obj
 .text.stdio_uart_in_chars
                0x10004580       0x80 CMakeFiles/hw5.dir/C_/Users/hyunk/Documents/Pico-v1.5.1/pico-sdk/src/rp2_common/pico_stdio_uart/stdio_uart.c.obj
                0x10004580                stdio_uart_in_chars
 .text.on_uart_rx
                0x10004600       0x28 CMakeFiles/hw5.dir/C_/Users/hyunk/Documents/Pico-v1.5.1/pico-sdk/src/rp2_common/pico_stdio_uart/stdio_uart.c.obj
 .text.stdio_uart_set_chars_available_callback
                0x10004628       0x8c CMakeFiles/hw5.dir/C_/Users/hyunk/Documents/Pico-v1.5.1/pico-sdk/src/rp2_common/pico_stdio_uart/stdio_uart.c.obj
 .text.stdio_uart_init_full
                0x100046b4       0x44 CMakeFiles/hw5.dir/C_/Users/hyunk/Documents/Pico-v1.5.1/pico-sdk/src/rp2_common/pico_stdio_uart/stdio_uart.c.obj
                0x100046b4                stdio_uart_init_full
 .text.stdio_uart_init
                0x100046f8       0x28 CMakeFiles/hw5.dir/C_/Users/hyunk/Documents/Pico-v1.5.1/pico-sdk/src/rp2_common/pico_stdio_uart/stdio_uart.c.obj
                0x100046f8                stdio_uart_init
 .text.i2c_write_blocking_internal
                0x10004720      0x140 CMakeFiles/hw5.dir/C_/Users/hyunk/Documents/Pico-v1.5.1/pico-sdk/src/rp2_common/hardware_i2c/i2c.c.obj
 .text.i2c_read_blocking_internal
                0x10004860       0xe6 CMakeFiles/hw5.dir/C_/Users/hyunk/Documents/Pico-v1.5.1/pico-sdk/src/rp2_common/hardware_i2c/i2c.c.obj
 *fill*         0x10004946        0x2 
 .text.i2c_set_baudrate
                0x10004948       0xf0 CMakeFiles/hw5.dir/C_/Users/hyunk/Documents/Pico-v1.5.1/pico-sdk/src/rp2_common/hardware_i2c/i2c.c.obj
                0x10004948                i2c_set_baudrate
 .text.i2c_init
                0x10004a38       0x58 CMakeFiles/hw5.dir/C_/Users/hyunk/Documents/Pico-v1.5.1/pico-sdk/src/rp2_common/hardware_i2c/i2c.c.obj
                0x10004a38                i2c_init
 .text.i2c_write_blocking
                0x10004a90       0x18 CMakeFiles/hw5.dir/C_/Users/hyunk/Documents/Pico-v1.5.1/pico-sdk/src/rp2_common/hardware_i2c/i2c.c.obj
                0x10004a90                i2c_write_blocking
 .text.i2c_read_blocking
                0x10004aa8       0x18 CMakeFiles/hw5.dir/C_/Users/hyunk/Documents/Pico-v1.5.1/pico-sdk/src/rp2_common/hardware_i2c/i2c.c.obj
                0x10004aa8                i2c_read_blocking
 .text.strlen   0x10004ac0       0x5c c:/program files/raspberry pi/pico sdk v1.5.1/gcc-arm-none-eabi/bin/../lib/gcc/arm-none-eabi/10.3.1/../../../../arm-none-eabi/lib/thumb/v6-m/nofp\libg.a(lib_a-strlen-stub.o)
                0x10004ac0                strlen
 *(.fini)
 .fini          0x10004b1c        0x4 c:/program files/raspberry pi/pico sdk v1.5.1/gcc-arm-none-eabi/bin/../lib/gcc/arm-none-eabi/10.3.1/thumb/v6-m/nofp/crti.o
                0x10004b1c                _fini
 .fini.__stub   0x10004b20       0x40 linker stubs
 *crtbegin.o(.ctors)
 *crtbegin?.o(.ctors)
 *(EXCLUDE_FILE(*crtend.o *crtend?.o) .ctors)
 *(SORT_BY_NAME(.ctors.*))
 *(.ctors)
 *crtbegin.o(.dtors)
 *crtbegin?.o(.dtors)
 *(EXCLUDE_FILE(*crtend.o *crtend?.o) .dtors)
 *(SORT_BY_NAME(.dtors.*))
 *(.dtors)
 *(.eh_frame*)
 .eh_frame      0x10004b60        0x0 c:/program files/raspberry pi/pico sdk v1.5.1/gcc-arm-none-eabi/bin/../lib/gcc/arm-none-eabi/10.3.1/thumb/v6-m/nofp/crtbegin.o
                0x10004b60                . = ALIGN (0x4)

.glue_7         0x10004b60        0x0
 .glue_7        0x10004b60        0x0 linker stubs

.glue_7t        0x10004b60        0x0
 .glue_7t       0x10004b60        0x0 linker stubs

.vfp11_veneer   0x10004b60        0x0
 .vfp11_veneer  0x10004b60        0x0 linker stubs

.v4_bx          0x10004b60        0x0
 .v4_bx         0x10004b60        0x0 linker stubs

.iplt           0x10004b60        0x0
 .iplt          0x10004b60        0x0 c:/program files/raspberry pi/pico sdk v1.5.1/gcc-arm-none-eabi/bin/../lib/gcc/arm-none-eabi/10.3.1/thumb/v6-m/nofp/crtbegin.o

.rodata         0x10004b60     0x109c
 *(EXCLUDE_FILE(*libm.a: *libc.a:*lib_a-mem*.o *libgcc.a:) .rodata*)
 .rodata.make_branch.str1.4
                0x10004b60       0x80 CMakeFiles/hw5.dir/C_/Users/hyunk/Documents/Pico-v1.5.1/pico-sdk/src/rp2_common/hardware_irq/irq.c.obj
 .rodata.insert_branch_and_link.str1.4
                0x10004be0       0x10 CMakeFiles/hw5.dir/C_/Users/hyunk/Documents/Pico-v1.5.1/pico-sdk/src/rp2_common/hardware_irq/irq.c.obj
 .rodata.irq_set_exclusive_handler.str1.4
                0x10004bf0       0x36 CMakeFiles/hw5.dir/C_/Users/hyunk/Documents/Pico-v1.5.1/pico-sdk/src/rp2_common/hardware_irq/irq.c.obj
 *fill*         0x10004c26        0x2 
 .rodata.irq_add_shared_handler.str1.4
                0x10004c28       0xd9 CMakeFiles/hw5.dir/C_/Users/hyunk/Documents/Pico-v1.5.1/pico-sdk/src/rp2_common/hardware_irq/irq.c.obj
 *fill*         0x10004d01        0x3 
 .rodata.irq_remove_handler.str1.4
                0x10004d04       0x3a CMakeFiles/hw5.dir/C_/Users/hyunk/Documents/Pico-v1.5.1/pico-sdk/src/rp2_common/hardware_irq/irq.c.obj
 *fill*         0x10004d3e        0x2 
 .rodata.irq_add_tail_to_free_list.str1.4
                0x10004d40       0x3a CMakeFiles/hw5.dir/C_/Users/hyunk/Documents/Pico-v1.5.1/pico-sdk/src/rp2_common/hardware_irq/irq.c.obj
 *fill*         0x10004d7a        0x2 
 .rodata.__func__.0
                0x10004d7c       0x1a CMakeFiles/hw5.dir/C_/Users/hyunk/Documents/Pico-v1.5.1/pico-sdk/src/rp2_common/hardware_irq/irq.c.obj
 *fill*         0x10004d96        0x2 
 .rodata.__func__.1
                0x10004d98       0x17 CMakeFiles/hw5.dir/C_/Users/hyunk/Documents/Pico-v1.5.1/pico-sdk/src/rp2_common/hardware_irq/irq.c.obj
 *fill*         0x10004daf        0x1 
 .rodata.__func__.2
                0x10004db0       0x13 CMakeFiles/hw5.dir/C_/Users/hyunk/Documents/Pico-v1.5.1/pico-sdk/src/rp2_common/hardware_irq/irq.c.obj
 *fill*         0x10004dc3        0x1 
 .rodata.__func__.3
                0x10004dc4        0xc CMakeFiles/hw5.dir/C_/Users/hyunk/Documents/Pico-v1.5.1/pico-sdk/src/rp2_common/hardware_irq/irq.c.obj
 .rodata.__func__.4
                0x10004dd0        0xf CMakeFiles/hw5.dir/C_/Users/hyunk/Documents/Pico-v1.5.1/pico-sdk/src/rp2_common/hardware_irq/irq.c.obj
 *fill*         0x10004ddf        0x1 
 .rodata.__func__.6
                0x10004de0       0x1a CMakeFiles/hw5.dir/C_/Users/hyunk/Documents/Pico-v1.5.1/pico-sdk/src/rp2_common/hardware_irq/irq.c.obj
 *fill*         0x10004dfa        0x2 
 .rodata.str1.4
                0x10004dfc      0x111 CMakeFiles/hw5.dir/C_/Users/hyunk/Documents/Pico-v1.5.1/pico-sdk/src/common/pico_sync/mutex.c.obj
 *fill*         0x10004f0d        0x3 
 .rodata.__func__.1
                0x10004f10        0xb CMakeFiles/hw5.dir/C_/Users/hyunk/Documents/Pico-v1.5.1/pico-sdk/src/common/pico_sync/mutex.c.obj
 *fill*         0x10004f1b        0x1 
 .rodata.__func__.3
                0x10004f1c       0x18 CMakeFiles/hw5.dir/C_/Users/hyunk/Documents/Pico-v1.5.1/pico-sdk/src/common/pico_sync/mutex.c.obj
 .rodata.repeating_timer_callback.str1.4
                0x10004f34       0x5e CMakeFiles/hw5.dir/C_/Users/hyunk/Documents/Pico-v1.5.1/pico-sdk/src/common/pico_time/time.c.obj
 *fill*         0x10004f92        0x2 
 .rodata.timer_pool_entry_comparator.str1.4
                0x10004f94       0x22 CMakeFiles/hw5.dir/C_/Users/hyunk/Documents/Pico-v1.5.1/pico-sdk/src/common/pico_time/time.c.obj
 *fill*         0x10004fb6        0x2 
 .rodata.ph_add_child_node.str1.4
                0x10004fb8       0xaa CMakeFiles/hw5.dir/C_/Users/hyunk/Documents/Pico-v1.5.1/pico-sdk/src/common/pico_time/time.c.obj
 *fill*         0x10005062        0x2 
 .rodata.add_alarm_under_lock.str1.4
                0x10005064       0x28 CMakeFiles/hw5.dir/C_/Users/hyunk/Documents/Pico-v1.5.1/pico-sdk/src/common/pico_time/time.c.obj
                                 0x2b (size before relaxing)
 .rodata.alarm_pool_alarm_callback.str1.4
                0x1000508c       0x98 CMakeFiles/hw5.dir/C_/Users/hyunk/Documents/Pico-v1.5.1/pico-sdk/src/common/pico_time/time.c.obj
                                0x10c (size before relaxing)
 .rodata.alarm_pool_get_default.str1.4
                0x10005124       0x21 CMakeFiles/hw5.dir/C_/Users/hyunk/Documents/Pico-v1.5.1/pico-sdk/src/common/pico_time/time.c.obj
 *fill*         0x10005145        0x3 
 .rodata.alarm_pool_cancel_alarm.str1.4
                0x10005148       0x27 CMakeFiles/hw5.dir/C_/Users/hyunk/Documents/Pico-v1.5.1/pico-sdk/src/common/pico_time/time.c.obj
 *fill*         0x1000516f        0x1 
 .rodata.sleep_until.str1.4
                0x10005170       0x4d CMakeFiles/hw5.dir/C_/Users/hyunk/Documents/Pico-v1.5.1/pico-sdk/src/common/pico_time/time.c.obj
 *fill*         0x100051bd        0x3 
 .rodata.__func__.1
                0x100051c0       0x18 CMakeFiles/hw5.dir/C_/Users/hyunk/Documents/Pico-v1.5.1/pico-sdk/src/common/pico_time/time.c.obj
 .rodata.__func__.10
                0x100051d8       0x15 CMakeFiles/hw5.dir/C_/Users/hyunk/Documents/Pico-v1.5.1/pico-sdk/src/common/pico_time/time.c.obj
 *fill*         0x100051ed        0x3 
 .rodata.__func__.11
                0x100051f0       0x1a CMakeFiles/hw5.dir/C_/Users/hyunk/Documents/Pico-v1.5.1/pico-sdk/src/common/pico_time/time.c.obj
 *fill*         0x1000520a        0x2 
 .rodata.__func__.12
                0x1000520c        0xa CMakeFiles/hw5.dir/C_/Users/hyunk/Documents/Pico-v1.5.1/pico-sdk/src/common/pico_time/time.c.obj
 *fill*         0x10005216        0x2 
 .rodata.__func__.3
                0x10005218       0x17 CMakeFiles/hw5.dir/C_/Users/hyunk/Documents/Pico-v1.5.1/pico-sdk/src/common/pico_time/time.c.obj
 *fill*         0x1000522f        0x1 
 .rodata.__func__.4
                0x10005230       0x12 CMakeFiles/hw5.dir/C_/Users/hyunk/Documents/Pico-v1.5.1/pico-sdk/src/common/pico_time/time.c.obj
 *fill*         0x10005242        0x2 
 .rodata.__func__.5
                0x10005244        0xd CMakeFiles/hw5.dir/C_/Users/hyunk/Documents/Pico-v1.5.1/pico-sdk/src/common/pico_time/time.c.obj
 *fill*         0x10005251        0x3 
 .rodata.__func__.6
                0x10005254       0x12 CMakeFiles/hw5.dir/C_/Users/hyunk/Documents/Pico-v1.5.1/pico-sdk/src/common/pico_time/time.c.obj
 *fill*         0x10005266        0x2 
 .rodata.__func__.7
                0x10005268        0xf CMakeFiles/hw5.dir/C_/Users/hyunk/Documents/Pico-v1.5.1/pico-sdk/src/common/pico_time/time.c.obj
 *fill*         0x10005277        0x1 
 .rodata.__func__.8
                0x10005278        0xc CMakeFiles/hw5.dir/C_/Users/hyunk/Documents/Pico-v1.5.1/pico-sdk/src/common/pico_time/time.c.obj
 .rodata.__func__.9
                0x10005284       0x15 CMakeFiles/hw5.dir/C_/Users/hyunk/Documents/Pico-v1.5.1/pico-sdk/src/common/pico_time/time.c.obj
 *fill*         0x10005299        0x3 
 .rodata.hardware_alarm_claim.str1.4
                0x1000529c       0x22 CMakeFiles/hw5.dir/C_/Users/hyunk/Documents/Pico-v1.5.1/pico-sdk/src/rp2_common/hardware_timer/timer.c.obj
 .rodata.busy_wait_us.str1.4
                0x100052be       0x74 CMakeFiles/hw5.dir/C_/Users/hyunk/Documents/Pico-v1.5.1/pico-sdk/src/rp2_common/hardware_timer/timer.c.obj
 *fill*         0x100052be        0x2 
 .rodata.hardware_alarm_set_target.str1.4
                0x100052c0       0x78 CMakeFiles/hw5.dir/C_/Users/hyunk/Documents/Pico-v1.5.1/pico-sdk/src/rp2_common/hardware_timer/timer.c.obj
 .rodata.__func__.0
                0x10005338       0x1a CMakeFiles/hw5.dir/C_/Users/hyunk/Documents/Pico-v1.5.1/pico-sdk/src/rp2_common/hardware_timer/timer.c.obj
 *fill*         0x10005352        0x2 
 .rodata.__func__.1
                0x10005354       0x15 CMakeFiles/hw5.dir/C_/Users/hyunk/Documents/Pico-v1.5.1/pico-sdk/src/rp2_common/hardware_timer/timer.c.obj
 .rodata.ph_add_child_node.str1.4
                0x10005369       0xaa CMakeFiles/hw5.dir/C_/Users/hyunk/Documents/Pico-v1.5.1/pico-sdk/src/common/pico_util/pheap.c.obj
 *fill*         0x10005369        0x3 
 .rodata.ph_remove_any_head.str1.4
                0x1000536c       0xa0 CMakeFiles/hw5.dir/C_/Users/hyunk/Documents/Pico-v1.5.1/pico-sdk/src/common/pico_util/pheap.c.obj
                                 0xb4 (size before relaxing)
 .rodata.ph_remove_and_free_node.str1.4
                0x1000540c       0x1e CMakeFiles/hw5.dir/C_/Users/hyunk/Documents/Pico-v1.5.1/pico-sdk/src/common/pico_util/pheap.c.obj
                                 0x26 (size before relaxing)
 *fill*         0x1000542a        0x2 
 .rodata.__func__.0
                0x1000542c       0x18 CMakeFiles/hw5.dir/C_/Users/hyunk/Documents/Pico-v1.5.1/pico-sdk/src/common/pico_util/pheap.c.obj
 .rodata.__func__.1
                0x10005444       0x13 CMakeFiles/hw5.dir/C_/Users/hyunk/Documents/Pico-v1.5.1/pico-sdk/src/common/pico_util/pheap.c.obj
 *fill*         0x10005457        0x1 
 .rodata.__func__.2
                0x10005458       0x12 CMakeFiles/hw5.dir/C_/Users/hyunk/Documents/Pico-v1.5.1/pico-sdk/src/common/pico_util/pheap.c.obj
 *fill*         0x1000546a        0x2 
 .rodata.__func__.3
                0x1000546c        0xc CMakeFiles/hw5.dir/C_/Users/hyunk/Documents/Pico-v1.5.1/pico-sdk/src/common/pico_util/pheap.c.obj
 .rodata.clock_configure.str1.4
                0x10005478       0x6a CMakeFiles/hw5.dir/C_/Users/hyunk/Documents/Pico-v1.5.1/pico-sdk/src/rp2_common/hardware_clocks/clocks.c.obj
 *fill*         0x100054e2        0x2 
 .rodata.__func__.1
                0x100054e4       0x10 CMakeFiles/hw5.dir/C_/Users/hyunk/Documents/Pico-v1.5.1/pico-sdk/src/rp2_common/hardware_clocks/clocks.c.obj
 .rodata.pll_init.str1.4
                0x100054f4      0x134 CMakeFiles/hw5.dir/C_/Users/hyunk/Documents/Pico-v1.5.1/pico-sdk/src/rp2_common/hardware_pll/pll.c.obj
 .rodata.__func__.0
                0x10005628        0x9 CMakeFiles/hw5.dir/C_/Users/hyunk/Documents/Pico-v1.5.1/pico-sdk/src/rp2_common/hardware_pll/pll.c.obj
 *fill*         0x10005631        0x3 
 .rodata.__assert_func.str1.4
                0x10005634       0x3f CMakeFiles/hw5.dir/C_/Users/hyunk/Documents/Pico-v1.5.1/pico-sdk/src/rp2_common/pico_runtime/runtime.c.obj
                                 0x43 (size before relaxing)
 *fill*         0x10005673        0x1 
 .rodata.runtime_init.str1.4
                0x10005674       0x74 CMakeFiles/hw5.dir/C_/Users/hyunk/Documents/Pico-v1.5.1/pico-sdk/src/rp2_common/pico_runtime/runtime.c.obj
 .rodata.panic.str1.4
                0x100056e8       0x12 CMakeFiles/hw5.dir/C_/Users/hyunk/Documents/Pico-v1.5.1/pico-sdk/src/rp2_common/pico_runtime/runtime.c.obj
 *fill*         0x100056fa        0x2 
 .rodata.__func__.2
                0x100056fc        0xd CMakeFiles/hw5.dir/C_/Users/hyunk/Documents/Pico-v1.5.1/pico-sdk/src/rp2_common/pico_runtime/runtime.c.obj
 *fill*         0x10005709        0x3 
 .rodata._ftoa.str1.4
                0x1000570c       0x15 CMakeFiles/hw5.dir/C_/Users/hyunk/Documents/Pico-v1.5.1/pico-sdk/src/rp2_common/pico_printf/printf.c.obj
 *fill*         0x10005721        0x3 
 .rodata._vsnprintf
                0x10005724      0x1e0 CMakeFiles/hw5.dir/C_/Users/hyunk/Documents/Pico-v1.5.1/pico-sdk/src/rp2_common/pico_printf/printf.c.obj
 *fill*         0x10005904        0x4 
 .rodata.pow10.0
                0x10005908       0x50 CMakeFiles/hw5.dir/C_/Users/hyunk/Documents/Pico-v1.5.1/pico-sdk/src/rp2_common/pico_printf/printf.c.obj
 .rodata.__aeabi_double_init.str1.4
                0x10005958       0xaf CMakeFiles/hw5.dir/C_/Users/hyunk/Documents/Pico-v1.5.1/pico-sdk/src/rp2_common/pico_double/double_init_rom.c.obj
 *fill*         0x10005a07        0x1 
 .rodata.__func__.0
                0x10005a08       0x14 CMakeFiles/hw5.dir/C_/Users/hyunk/Documents/Pico-v1.5.1/pico-sdk/src/rp2_common/pico_double/double_init_rom.c.obj
 .rodata.__aeabi_float_init.str1.4
                0x10005a1c       0x8d CMakeFiles/hw5.dir/C_/Users/hyunk/Documents/Pico-v1.5.1/pico-sdk/src/rp2_common/pico_float/float_init_rom.c.obj
                                 0x91 (size before relaxing)
 *fill*         0x10005aa9        0x3 
 .rodata.__func__.0
                0x10005aac       0x13 CMakeFiles/hw5.dir/C_/Users/hyunk/Documents/Pico-v1.5.1/pico-sdk/src/rp2_common/pico_float/float_init_rom.c.obj
 *fill*         0x10005abf        0x1 
 .rodata.str1.4
                0x10005ac0       0x38 CMakeFiles/hw5.dir/C_/Users/hyunk/Documents/Pico-v1.5.1/pico-sdk/src/rp2_common/pico_standard_link/binary_info.c.obj
 .rodata.__bi_44
                0x10005af8        0xc CMakeFiles/hw5.dir/C_/Users/hyunk/Documents/Pico-v1.5.1/pico-sdk/src/rp2_common/pico_standard_link/binary_info.c.obj
 .rodata.__bi_75
                0x10005b04        0xc CMakeFiles/hw5.dir/C_/Users/hyunk/Documents/Pico-v1.5.1/pico-sdk/src/rp2_common/pico_standard_link/binary_info.c.obj
 .rodata.__bi_81
                0x10005b10        0xc CMakeFiles/hw5.dir/C_/Users/hyunk/Documents/Pico-v1.5.1/pico-sdk/src/rp2_common/pico_standard_link/binary_info.c.obj
 .rodata.stdout_serialize_begin.str1.4
                0x10005b1c       0x74 CMakeFiles/hw5.dir/C_/Users/hyunk/Documents/Pico-v1.5.1/pico-sdk/src/rp2_common/pico_stdio/stdio.c.obj
 .rodata.__func__.3
                0x10005b1c       0x15 CMakeFiles/hw5.dir/C_/Users/hyunk/Documents/Pico-v1.5.1/pico-sdk/src/rp2_common/pico_stdio/stdio.c.obj
 *fill*         0x10005b31        0x3 
 .rodata.crlf_str.2
                0x10005b34        0x2 CMakeFiles/hw5.dir/C_/Users/hyunk/Documents/Pico-v1.5.1/pico-sdk/src/rp2_common/pico_stdio/stdio.c.obj
 *fill*         0x10005b36        0x2 
 .rodata.str1.4
                0x10005b38       0x2c CMakeFiles/hw5.dir/C_/Users/hyunk/Documents/Pico-v1.5.1/pico-sdk/src/rp2_common/pico_stdio_uart/stdio_uart.c.obj
 .rodata.__bi_33.4
                0x10005b64        0xc CMakeFiles/hw5.dir/C_/Users/hyunk/Documents/Pico-v1.5.1/pico-sdk/src/rp2_common/pico_stdio_uart/stdio_uart.c.obj
 .rodata.__bi_34.5
                0x10005b70        0x8 CMakeFiles/hw5.dir/C_/Users/hyunk/Documents/Pico-v1.5.1/pico-sdk/src/rp2_common/pico_stdio_uart/stdio_uart.c.obj
 .rodata.i2c_set_baudrate.str1.4
                0x10005b78       0x70 CMakeFiles/hw5.dir/C_/Users/hyunk/Documents/Pico-v1.5.1/pico-sdk/src/rp2_common/hardware_i2c/i2c.c.obj
 .rodata.__func__.0
                0x10005be8       0x11 CMakeFiles/hw5.dir/C_/Users/hyunk/Documents/Pico-v1.5.1/pico-sdk/src/rp2_common/hardware_i2c/i2c.c.obj
                0x10005bfc                . = ALIGN (0x4)
 *fill*         0x10005bf9        0x3 
 *(SORT_BY_ALIGNMENT(SORT_BY_NAME(.flashdata*)))
                0x10005bfc                . = ALIGN (0x4)

.ARM.extab
 *(.ARM.extab* .gnu.linkonce.armextab.*)
                0x10005bfc                __exidx_start = .

.ARM.exidx
 *(.ARM.exidx* .gnu.linkonce.armexidx.*)
                0x10005bfc                __exidx_end = .
                0x10005bfc                . = ALIGN (0x4)
                0x10005bfc                __binary_info_start = .

.binary_info    0x10005bfc       0x24
 *(.binary_info.keep.*)
 .binary_info.keep.__bi_ptr22
                0x10005bfc        0x4 CMakeFiles/hw5.dir/C_/Users/hyunk/Documents/Pico-v1.5.1/pico-sdk/src/rp2_common/pico_standard_link/binary_info.c.obj
 .binary_info.keep.__bi_ptr30
                0x10005c00        0x4 CMakeFiles/hw5.dir/C_/Users/hyunk/Documents/Pico-v1.5.1/pico-sdk/src/rp2_common/pico_standard_link/binary_info.c.obj
 .binary_info.keep.__bi_ptr38
                0x10005c04        0x4 CMakeFiles/hw5.dir/C_/Users/hyunk/Documents/Pico-v1.5.1/pico-sdk/src/rp2_common/pico_standard_link/binary_info.c.obj
 .binary_info.keep.__bi_ptr44
                0x10005c08        0x4 CMakeFiles/hw5.dir/C_/Users/hyunk/Documents/Pico-v1.5.1/pico-sdk/src/rp2_common/pico_standard_link/binary_info.c.obj
 .binary_info.keep.__bi_ptr50
                0x10005c0c        0x4 CMakeFiles/hw5.dir/C_/Users/hyunk/Documents/Pico-v1.5.1/pico-sdk/src/rp2_common/pico_standard_link/binary_info.c.obj
 .binary_info.keep.__bi_ptr75
                0x10005c10        0x4 CMakeFiles/hw5.dir/C_/Users/hyunk/Documents/Pico-v1.5.1/pico-sdk/src/rp2_common/pico_standard_link/binary_info.c.obj
 .binary_info.keep.__bi_ptr81
                0x10005c14        0x4 CMakeFiles/hw5.dir/C_/Users/hyunk/Documents/Pico-v1.5.1/pico-sdk/src/rp2_common/pico_standard_link/binary_info.c.obj
 *(.binary_info.*)
 .binary_info.__bi_ptr33
                0x10005c18        0x4 CMakeFiles/hw5.dir/C_/Users/hyunk/Documents/Pico-v1.5.1/pico-sdk/src/rp2_common/pico_stdio_uart/stdio_uart.c.obj
 .binary_info.__bi_ptr34
                0x10005c1c        0x4 CMakeFiles/hw5.dir/C_/Users/hyunk/Documents/Pico-v1.5.1/pico-sdk/src/rp2_common/pico_stdio_uart/stdio_uart.c.obj
                0x10005c20                __binary_info_end = .

.rel.dyn        0x10005c20        0x0
 .rel.iplt      0x10005c20        0x0 c:/program files/raspberry pi/pico sdk v1.5.1/gcc-arm-none-eabi/bin/../lib/gcc/arm-none-eabi/10.3.1/thumb/v6-m/nofp/crtbegin.o
                0x10005c20                . = ALIGN (0x4)

.ram_vector_table
                0x20000000       0xc0
 *(.ram_vector_table)
 .ram_vector_table
                0x20000000       0xc0 CMakeFiles/hw5.dir/C_/Users/hyunk/Documents/Pico-v1.5.1/pico-sdk/src/rp2_common/pico_runtime/runtime.c.obj
                0x20000000                ram_vector_table

.data           0x200000c0      0x24c load address 0x10005c20
                0x200000c0                __data_start__ = .
 *(vtable)
 *(.time_critical*)
 .time_critical.mutex_try_enter
                0x200000c0       0x46 CMakeFiles/hw5.dir/C_/Users/hyunk/Documents/Pico-v1.5.1/pico-sdk/src/common/pico_sync/mutex.c.obj
                0x200000c0                mutex_try_enter
 *fill*         0x20000106        0x2 
 .time_critical.mutex_enter_block_until
                0x20000108       0x8c CMakeFiles/hw5.dir/C_/Users/hyunk/Documents/Pico-v1.5.1/pico-sdk/src/common/pico_sync/mutex.c.obj
                0x20000108                mutex_enter_block_until
 .time_critical.mutex_try_enter_block_until
                0x20000194       0x34 CMakeFiles/hw5.dir/C_/Users/hyunk/Documents/Pico-v1.5.1/pico-sdk/src/common/pico_sync/mutex.c.obj
                0x20000194                mutex_try_enter_block_until
 .time_critical.mutex_exit
                0x200001c8       0x4c CMakeFiles/hw5.dir/C_/Users/hyunk/Documents/Pico-v1.5.1/pico-sdk/src/common/pico_sync/mutex.c.obj
                0x200001c8                mutex_exit
 *(.text*)
 .text          0x20000214        0x4 c:/program files/raspberry pi/pico sdk v1.5.1/gcc-arm-none-eabi/bin/../lib/gcc/arm-none-eabi/10.3.1/thumb/v6-m/nofp\libgcc.a(_dvmd_tls.o)
                0x20000214                __aeabi_idiv0
                0x20000214                __aeabi_ldiv0
 .text.__stub   0x20000218       0x20 linker stubs
                0x20000238                . = ALIGN (0x4)
 *(.rodata*)
                0x20000238                . = ALIGN (0x4)
 *(.data*)
 .data.striped_spin_lock_num
                0x20000238        0x1 CMakeFiles/hw5.dir/C_/Users/hyunk/Documents/Pico-v1.5.1/pico-sdk/src/rp2_common/hardware_sync/sync.c.obj
 *fill*         0x20000239        0x3 
 .data          0x2000023c       0x48 CMakeFiles/hw5.dir/C_/Users/hyunk/Documents/Pico-v1.5.1/pico-sdk/src/rp2_common/hardware_irq/irq_handler_chain.S.obj
                0x2000023c                irq_handler_chain_slots
                0x2000026c                irq_handler_chain_first_slot
                0x20000276                irq_handler_chain_remove_tail
 .data.default_alarm_pool
                0x20000284       0x18 CMakeFiles/hw5.dir/C_/Users/hyunk/Documents/Pico-v1.5.1/pico-sdk/src/common/pico_time/time.c.obj
 .data.default_alarm_pool_heap
                0x2000029c       0x10 CMakeFiles/hw5.dir/C_/Users/hyunk/Documents/Pico-v1.5.1/pico-sdk/src/common/pico_time/time.c.obj
 *fill*         0x200002ac        0x4 
 .data.aeabi_bits_funcs
                0x200002b0       0x10 CMakeFiles/hw5.dir/C_/Users/hyunk/Documents/Pico-v1.5.1/pico-sdk/src/rp2_common/pico_bit_ops/bit_ops_aeabi.S.obj
                0x200002b0                aeabi_bits_funcs
                0x200002c0                aeabi_bits_funcs_end
 .data.aeabi_mem_funcs
                0x200002c0       0x10 CMakeFiles/hw5.dir/C_/Users/hyunk/Documents/Pico-v1.5.1/pico-sdk/src/rp2_common/pico_mem_ops/mem_ops_aeabi.S.obj
                0x200002c0                aeabi_mem_funcs
                0x200002d0                aeabi_mem_funcs_end
 .data.stdio_uart
                0x200002d0       0x18 CMakeFiles/hw5.dir/C_/Users/hyunk/Documents/Pico-v1.5.1/pico-sdk/src/rp2_common/pico_stdio_uart/stdio_uart.c.obj
                0x200002d0                stdio_uart
 .data.i2c0_inst
                0x200002e8        0x8 CMakeFiles/hw5.dir/C_/Users/hyunk/Documents/Pico-v1.5.1/pico-sdk/src/rp2_common/hardware_i2c/i2c.c.obj
                0x200002e8                i2c0_inst
                0x200002f0                . = ALIGN (0x4)
 *(.after_data.*)
                0x200002f0                . = ALIGN (0x4)
                0x200002f0                PROVIDE (__mutex_array_start = .)
 *(SORT_BY_NAME(.mutex_array.*))
 *(.mutex_array)
 .mutex_array   0x200002f0        0x8 CMakeFiles/hw5.dir/C_/Users/hyunk/Documents/Pico-v1.5.1/pico-sdk/src/rp2_common/pico_stdio/stdio.c.obj
                0x200002f8                PROVIDE (__mutex_array_end = .)
                0x200002f8                . = ALIGN (0x4)
                0x200002f8                PROVIDE (__preinit_array_start = .)
 *(SORT_BY_NAME(.preinit_array.*))
 .preinit_array.00001
                0x200002f8        0x4 CMakeFiles/hw5.dir/C_/Users/hyunk/Documents/Pico-v1.5.1/pico-sdk/src/rp2_common/pico_mem_ops/mem_ops_aeabi.S.obj
 .preinit_array.00010
                0x200002fc        0x4 CMakeFiles/hw5.dir/C_/Users/hyunk/Documents/Pico-v1.5.1/pico-sdk/src/rp2_common/pico_bit_ops/bit_ops_aeabi.S.obj
 .preinit_array.00020
                0x20000300        0x4 CMakeFiles/hw5.dir/C_/Users/hyunk/Documents/Pico-v1.5.1/pico-sdk/src/rp2_common/pico_double/double_aeabi.S.obj
 .preinit_array.00020
                0x20000304        0x4 CMakeFiles/hw5.dir/C_/Users/hyunk/Documents/Pico-v1.5.1/pico-sdk/src/rp2_common/pico_float/float_aeabi.S.obj
 *(.preinit_array)
                0x20000308                PROVIDE (__preinit_array_end = .)
                0x20000308                . = ALIGN (0x4)
                0x20000308                PROVIDE (__init_array_start = .)
 *(SORT_BY_NAME(.init_array.*))
 *(.init_array)
 .init_array    0x20000308        0x4 c:/program files/raspberry pi/pico sdk v1.5.1/gcc-arm-none-eabi/bin/../lib/gcc/arm-none-eabi/10.3.1/thumb/v6-m/nofp/crtbegin.o
                0x2000030c                PROVIDE (__init_array_end = .)
                0x2000030c                . = ALIGN (0x4)
                [!provide]                PROVIDE (__fini_array_start = .)
 *(SORT_BY_NAME(.fini_array.*))
 *(.fini_array)
                [!provide]                PROVIDE (__fini_array_end = .)
 *(.jcr)
                0x2000030c                . = ALIGN (0x4)
                0x2000030c                __data_end__ = .
                0x10005c20                __etext = LOADADDR (.data)

.igot.plt       0x2000030c        0x0 load address 0x10005e6c
 .igot.plt      0x2000030c        0x0 c:/program files/raspberry pi/pico sdk v1.5.1/gcc-arm-none-eabi/bin/../lib/gcc/arm-none-eabi/10.3.1/thumb/v6-m/nofp/crtbegin.o

.uninitialized_data
                0x2000030c        0x0 load address 0x10005e6c
                0x2000030c                . = ALIGN (0x4)
 *(.uninitialized_data*)

.scratch_x      0x20040000        0x0 load address 0x10005e6c
                0x20040000                __scratch_x_start__ = .
 *(.scratch_x.*)
                0x20040000                . = ALIGN (0x4)
                0x20040000                __scratch_x_end__ = .
                0x10005e6c                __scratch_x_source__ = LOADADDR (.scratch_x)

.scratch_y      0x20041000        0x0 load address 0x10005e6c
                0x20041000                __scratch_y_start__ = .
 *(.scratch_y.*)
                0x20041000                . = ALIGN (0x4)
                0x20041000                __scratch_y_end__ = .
                0x10005e6c                __scratch_y_source__ = LOADADDR (.scratch_y)

.bss            0x20000310      0x3d8
                0x20000310                . = ALIGN (0x4)
                0x20000310                __bss_start__ = .
 *(SORT_BY_ALIGNMENT(SORT_BY_NAME(.bss*)))
 .bss.default_alarm_pool_entries
                0x20000310      0x100 CMakeFiles/hw5.dir/C_/Users/hyunk/Documents/Pico-v1.5.1/pico-sdk/src/common/pico_time/time.c.obj
 .bss           0x20000410       0x1c c:/program files/raspberry pi/pico sdk v1.5.1/gcc-arm-none-eabi/bin/../lib/gcc/arm-none-eabi/10.3.1/thumb/v6-m/nofp/crtbegin.o
 .bss.alarm_callbacks
                0x2000042c       0x10 CMakeFiles/hw5.dir/C_/Users/hyunk/Documents/Pico-v1.5.1/pico-sdk/src/rp2_common/hardware_timer/timer.c.obj
 .bss.chars_available_callback
                0x2000043c        0x4 CMakeFiles/hw5.dir/C_/Users/hyunk/Documents/Pico-v1.5.1/pico-sdk/src/rp2_common/pico_stdio_uart/stdio_uart.c.obj
 .bss.chars_available_param
                0x20000440        0x4 CMakeFiles/hw5.dir/C_/Users/hyunk/Documents/Pico-v1.5.1/pico-sdk/src/rp2_common/pico_stdio_uart/stdio_uart.c.obj
 .bss.configured_freq
                0x20000444       0x28 CMakeFiles/hw5.dir/C_/Users/hyunk/Documents/Pico-v1.5.1/pico-sdk/src/rp2_common/hardware_clocks/clocks.c.obj
 .bss.default_alarm_pool_entry_ids_high
                0x2000046c       0x10 CMakeFiles/hw5.dir/C_/Users/hyunk/Documents/Pico-v1.5.1/pico-sdk/src/common/pico_time/time.c.obj
 .bss.default_alarm_pool_heap_nodes
                0x2000047c       0x30 CMakeFiles/hw5.dir/C_/Users/hyunk/Documents/Pico-v1.5.1/pico-sdk/src/common/pico_time/time.c.obj
 .bss.drivers   0x200004ac        0x4 CMakeFiles/hw5.dir/C_/Users/hyunk/Documents/Pico-v1.5.1/pico-sdk/src/rp2_common/pico_stdio/stdio.c.obj
 .bss.filter    0x200004b0        0x4 CMakeFiles/hw5.dir/C_/Users/hyunk/Documents/Pico-v1.5.1/pico-sdk/src/rp2_common/pico_stdio/stdio.c.obj
 .bss.pools     0x200004b4       0x10 CMakeFiles/hw5.dir/C_/Users/hyunk/Documents/Pico-v1.5.1/pico-sdk/src/common/pico_time/time.c.obj
 .bss.sd_table  0x200004c4      0x100 CMakeFiles/hw5.dir/C_/Users/hyunk/Documents/Pico-v1.5.1/pico-sdk/src/rp2_common/pico_double/double_init_rom.c.obj
                0x200004c4                sd_table
 .bss.sf_clz_func
                0x200005c4        0x4 CMakeFiles/hw5.dir/C_/Users/hyunk/Documents/Pico-v1.5.1/pico-sdk/src/rp2_common/pico_double/double_init_rom.c.obj
                0x200005c4                sf_clz_func
 .bss.sf_table  0x200005c8      0x100 CMakeFiles/hw5.dir/C_/Users/hyunk/Documents/Pico-v1.5.1/pico-sdk/src/rp2_common/pico_float/float_init_rom.c.obj
                0x200005c8                sf_table
 .bss.sleep_notifier
                0x200006c8        0x4 CMakeFiles/hw5.dir/C_/Users/hyunk/Documents/Pico-v1.5.1/pico-sdk/src/common/pico_time/time.c.obj
 .bss.target_hi
                0x200006cc       0x10 CMakeFiles/hw5.dir/C_/Users/hyunk/Documents/Pico-v1.5.1/pico-sdk/src/rp2_common/hardware_timer/timer.c.obj
 .bss.uart_char_to_line_feed
                0x200006dc        0x4 CMakeFiles/hw5.dir/C_/Users/hyunk/Documents/Pico-v1.5.1/pico-sdk/src/rp2_common/hardware_uart/uart.c.obj
                0x200006dc                uart_char_to_line_feed
 .bss.uart_instance
                0x200006e0        0x4 CMakeFiles/hw5.dir/C_/Users/hyunk/Documents/Pico-v1.5.1/pico-sdk/src/rp2_common/pico_stdio_uart/stdio_uart.c.obj
 .bss.claimed   0x200006e4        0x1 CMakeFiles/hw5.dir/C_/Users/hyunk/Documents/Pico-v1.5.1/pico-sdk/src/rp2_common/hardware_timer/timer.c.obj
 .bss.irq_hander_chain_free_slot_head
                0x200006e5        0x1 CMakeFiles/hw5.dir/C_/Users/hyunk/Documents/Pico-v1.5.1/pico-sdk/src/rp2_common/hardware_irq/irq.c.obj
 .bss.timer_callbacks_pending
                0x200006e6        0x1 CMakeFiles/hw5.dir/C_/Users/hyunk/Documents/Pico-v1.5.1/pico-sdk/src/rp2_common/hardware_timer/timer.c.obj
 *(COMMON)
                0x200006e8                . = ALIGN (0x4)
 *fill*         0x200006e7        0x1 
                0x200006e8                __bss_end__ = .

.heap           0x200006e8      0x800
                0x200006e8                __end__ = .
                0x200006e8                end = __end__
 *(.heap*)
 .heap          0x200006e8      0x800 CMakeFiles/hw5.dir/C_/Users/hyunk/Documents/Pico-v1.5.1/pico-sdk/src/rp2_common/pico_standard_link/crt0.S.obj
                0x20000ee8                __HeapLimit = .

.stack1_dummy   0x20040000        0x0
 *(.stack1*)

.stack_dummy    0x20041000      0x800
 *(.stack*)
 .stack         0x20041000      0x800 CMakeFiles/hw5.dir/C_/Users/hyunk/Documents/Pico-v1.5.1/pico-sdk/src/rp2_common/pico_standard_link/crt0.S.obj

.flash_end      0x10005e6c        0x0
                0x10005e6c                PROVIDE (__flash_binary_end = .)
                0x20040000                __StackLimit = (ORIGIN (RAM) + LENGTH (RAM))
                0x20041000                __StackOneTop = (ORIGIN (SCRATCH_X) + LENGTH (SCRATCH_X))
                0x20042000                __StackTop = (ORIGIN (SCRATCH_Y) + LENGTH (SCRATCH_Y))
                0x20041000                __StackOneBottom = (__StackOneTop - SIZEOF (.stack1_dummy))
                0x20041800                __StackBottom = (__StackTop - SIZEOF (.stack_dummy))
                0x20042000                PROVIDE (__stack = __StackTop)
                0x00000001                ASSERT ((__StackLimit >= __HeapLimit), region RAM overflowed)
                0x00000001                ASSERT (((__binary_info_header_end - __logical_binary_start) <= 0x100), Binary info must be in first 256 bytes of the binary)
LOAD CMakeFiles/hw5.dir/hw5.c.obj
LOAD CMakeFiles/hw5.dir/C_/Users/hyunk/Documents/Pico-v1.5.1/pico-sdk/src/rp2_common/pico_stdlib/stdlib.c.obj
LOAD CMakeFiles/hw5.dir/C_/Users/hyunk/Documents/Pico-v1.5.1/pico-sdk/src/rp2_common/hardware_gpio/gpio.c.obj
LOAD CMakeFiles/hw5.dir/C_/Users/hyunk/Documents/Pico-v1.5.1/pico-sdk/src/rp2_common/pico_platform/platform.c.obj
LOAD CMakeFiles/hw5.dir/C_/Users/hyunk/Documents/Pico-v1.5.1/pico-sdk/src/rp2_common/hardware_claim/claim.c.obj
LOAD CMakeFiles/hw5.dir/C_/Users/hyunk/Documents/Pico-v1.5.1/pico-sdk/src/rp2_common/hardware_sync/sync.c.obj
LOAD CMakeFiles/hw5.dir/C_/Users/hyunk/Documents/Pico-v1.5.1/pico-sdk/src/rp2_common/hardware_irq/irq.c.obj
LOAD CMakeFiles/hw5.dir/C_/Users/hyunk/Documents/Pico-v1.5.1/pico-sdk/src/rp2_common/hardware_irq/irq_handler_chain.S.obj
LOAD CMakeFiles/hw5.dir/C_/Users/hyunk/Documents/Pico-v1.5.1/pico-sdk/src/common/pico_sync/sem.c.obj
LOAD CMakeFiles/hw5.dir/C_/Users/hyunk/Documents/Pico-v1.5.1/pico-sdk/src/common/pico_sync/lock_core.c.obj
LOAD CMakeFiles/hw5.dir/C_/Users/hyunk/Documents/Pico-v1.5.1/pico-sdk/src/common/pico_sync/mutex.c.obj
LOAD CMakeFiles/hw5.dir/C_/Users/hyunk/Documents/Pico-v1.5.1/pico-sdk/src/common/pico_sync/critical_section.c.obj
LOAD CMakeFiles/hw5.dir/C_/Users/hyunk/Documents/Pico-v1.5.1/pico-sdk/src/common/pico_time/time.c.obj
LOAD CMakeFiles/hw5.dir/C_/Users/hyunk/Documents/Pico-v1.5.1/pico-sdk/src/common/pico_time/timeout_helper.c.obj
LOAD CMakeFiles/hw5.dir/C_/Users/hyunk/Documents/Pico-v1.5.1/pico-sdk/src/rp2_common/hardware_timer/timer.c.obj
LOAD CMakeFiles/hw5.dir/C_/Users/hyunk/Documents/Pico-v1.5.1/pico-sdk/src/common/pico_util/datetime.c.obj
LOAD CMakeFiles/hw5.dir/C_/Users/hyunk/Documents/Pico-v1.5.1/pico-sdk/src/common/pico_util/pheap.c.obj
LOAD CMakeFiles/hw5.dir/C_/Users/hyunk/Documents/Pico-v1.5.1/pico-sdk/src/common/pico_util/queue.c.obj
LOAD CMakeFiles/hw5.dir/C_/Users/hyunk/Documents/Pico-v1.5.1/pico-sdk/src/rp2_common/hardware_uart/uart.c.obj
LOAD CMakeFiles/hw5.dir/C_/Users/hyunk/Documents/Pico-v1.5.1/pico-sdk/src/rp2_common/hardware_clocks/clocks.c.obj
LOAD CMakeFiles/hw5.dir/C_/Users/hyunk/Documents/Pico-v1.5.1/pico-sdk/src/rp2_common/hardware_pll/pll.c.obj
LOAD CMakeFiles/hw5.dir/C_/Users/hyunk/Documents/Pico-v1.5.1/pico-sdk/src/rp2_common/hardware_vreg/vreg.c.obj
LOAD CMakeFiles/hw5.dir/C_/Users/hyunk/Documents/Pico-v1.5.1/pico-sdk/src/rp2_common/hardware_watchdog/watchdog.c.obj
LOAD CMakeFiles/hw5.dir/C_/Users/hyunk/Documents/Pico-v1.5.1/pico-sdk/src/rp2_common/hardware_xosc/xosc.c.obj
LOAD CMakeFiles/hw5.dir/C_/Users/hyunk/Documents/Pico-v1.5.1/pico-sdk/src/rp2_common/hardware_divider/divider.S.obj
LOAD CMakeFiles/hw5.dir/C_/Users/hyunk/Documents/Pico-v1.5.1/pico-sdk/src/rp2_common/pico_runtime/runtime.c.obj
LOAD CMakeFiles/hw5.dir/C_/Users/hyunk/Documents/Pico-v1.5.1/pico-sdk/src/rp2_common/pico_printf/printf.c.obj
LOAD CMakeFiles/hw5.dir/C_/Users/hyunk/Documents/Pico-v1.5.1/pico-sdk/src/rp2_common/pico_bit_ops/bit_ops_aeabi.S.obj
LOAD CMakeFiles/hw5.dir/C_/Users/hyunk/Documents/Pico-v1.5.1/pico-sdk/src/rp2_common/pico_bootrom/bootrom.c.obj
LOAD CMakeFiles/hw5.dir/C_/Users/hyunk/Documents/Pico-v1.5.1/pico-sdk/src/rp2_common/pico_divider/divider.S.obj
LOAD CMakeFiles/hw5.dir/C_/Users/hyunk/Documents/Pico-v1.5.1/pico-sdk/src/rp2_common/pico_double/double_aeabi.S.obj
LOAD CMakeFiles/hw5.dir/C_/Users/hyunk/Documents/Pico-v1.5.1/pico-sdk/src/rp2_common/pico_double/double_init_rom.c.obj
LOAD CMakeFiles/hw5.dir/C_/Users/hyunk/Documents/Pico-v1.5.1/pico-sdk/src/rp2_common/pico_double/double_math.c.obj
LOAD CMakeFiles/hw5.dir/C_/Users/hyunk/Documents/Pico-v1.5.1/pico-sdk/src/rp2_common/pico_double/double_v1_rom_shim.S.obj
LOAD CMakeFiles/hw5.dir/C_/Users/hyunk/Documents/Pico-v1.5.1/pico-sdk/src/rp2_common/pico_int64_ops/pico_int64_ops_aeabi.S.obj
LOAD CMakeFiles/hw5.dir/C_/Users/hyunk/Documents/Pico-v1.5.1/pico-sdk/src/rp2_common/pico_float/float_aeabi.S.obj
LOAD CMakeFiles/hw5.dir/C_/Users/hyunk/Documents/Pico-v1.5.1/pico-sdk/src/rp2_common/pico_float/float_init_rom.c.obj
LOAD CMakeFiles/hw5.dir/C_/Users/hyunk/Documents/Pico-v1.5.1/pico-sdk/src/rp2_common/pico_float/float_math.c.obj
LOAD CMakeFiles/hw5.dir/C_/Users/hyunk/Documents/Pico-v1.5.1/pico-sdk/src/rp2_common/pico_float/float_v1_rom_shim.S.obj
LOAD CMakeFiles/hw5.dir/C_/Users/hyunk/Documents/Pico-v1.5.1/pico-sdk/src/rp2_common/pico_malloc/pico_malloc.c.obj
LOAD CMakeFiles/hw5.dir/C_/Users/hyunk/Documents/Pico-v1.5.1/pico-sdk/src/rp2_common/pico_mem_ops/mem_ops_aeabi.S.obj
LOAD CMakeFiles/hw5.dir/C_/Users/hyunk/Documents/Pico-v1.5.1/pico-sdk/src/rp2_common/pico_standard_link/crt0.S.obj
LOAD CMakeFiles/hw5.dir/C_/Users/hyunk/Documents/Pico-v1.5.1/pico-sdk/src/rp2_common/pico_standard_link/new_delete.cpp.obj
LOAD CMakeFiles/hw5.dir/C_/Users/hyunk/Documents/Pico-v1.5.1/pico-sdk/src/rp2_common/pico_standard_link/binary_info.c.obj
LOAD CMakeFiles/hw5.dir/C_/Users/hyunk/Documents/Pico-v1.5.1/pico-sdk/src/rp2_common/pico_stdio/stdio.c.obj
LOAD CMakeFiles/hw5.dir/C_/Users/hyunk/Documents/Pico-v1.5.1/pico-sdk/src/rp2_common/pico_stdio_uart/stdio_uart.c.obj
LOAD CMakeFiles/hw5.dir/C_/Users/hyunk/Documents/Pico-v1.5.1/pico-sdk/src/rp2_common/hardware_i2c/i2c.c.obj
LOAD C:\Users\hyunk\AppData\Local\Temp\ccs0Z8XN.o
LOAD c:/program files/raspberry pi/pico sdk v1.5.1/gcc-arm-none-eabi/bin/../lib/gcc/arm-none-eabi/10.3.1/../../../../arm-none-eabi/lib/thumb/v6-m/nofp\libstdc++.a
LOAD c:/program files/raspberry pi/pico sdk v1.5.1/gcc-arm-none-eabi/bin/../lib/gcc/arm-none-eabi/10.3.1/../../../../arm-none-eabi/lib/thumb/v6-m/nofp\libm.a
START GROUP
LOAD c:/program files/raspberry pi/pico sdk v1.5.1/gcc-arm-none-eabi/bin/../lib/gcc/arm-none-eabi/10.3.1/thumb/v6-m/nofp\libgcc.a
LOAD c:/program files/raspberry pi/pico sdk v1.5.1/gcc-arm-none-eabi/bin/../lib/gcc/arm-none-eabi/10.3.1/../../../../arm-none-eabi/lib/thumb/v6-m/nofp\libg.a
LOAD c:/program files/raspberry pi/pico sdk v1.5.1/gcc-arm-none-eabi/bin/../lib/gcc/arm-none-eabi/10.3.1/../../../../arm-none-eabi/lib/thumb/v6-m/nofp\libc.a
END GROUP
START GROUP
LOAD c:/program files/raspberry pi/pico sdk v1.5.1/gcc-arm-none-eabi/bin/../lib/gcc/arm-none-eabi/10.3.1/thumb/v6-m/nofp\libgcc.a
LOAD c:/program files/raspberry pi/pico sdk v1.5.1/gcc-arm-none-eabi/bin/../lib/gcc/arm-none-eabi/10.3.1/../../../../arm-none-eabi/lib/thumb/v6-m/nofp\libc.a
LOAD c:/program files/raspberry pi/pico sdk v1.5.1/gcc-arm-none-eabi/bin/../lib/gcc/arm-none-eabi/10.3.1/../../../../arm-none-eabi/lib/thumb/v6-m/nofp\libnosys.a
END GROUP
LOAD c:/program files/raspberry pi/pico sdk v1.5.1/gcc-arm-none-eabi/bin/../lib/gcc/arm-none-eabi/10.3.1/thumb/v6-m/nofp/crtend.o
LOAD c:/program files/raspberry pi/pico sdk v1.5.1/gcc-arm-none-eabi/bin/../lib/gcc/arm-none-eabi/10.3.1/thumb/v6-m/nofp/crtn.o
OUTPUT(hw5.elf elf32-littlearm)
LOAD linker stubs

.ARM.attributes
                0x00000000       0x28
 .ARM.attributes
                0x00000000       0x1e c:/program files/raspberry pi/pico sdk v1.5.1/gcc-arm-none-eabi/bin/../lib/gcc/arm-none-eabi/10.3.1/thumb/v6-m/nofp/crti.o
 .ARM.attributes
                0x0000001e       0x2c c:/program files/raspberry pi/pico sdk v1.5.1/gcc-arm-none-eabi/bin/../lib/gcc/arm-none-eabi/10.3.1/thumb/v6-m/nofp/crtbegin.o
 .ARM.attributes
                0x0000004a       0x2c CMakeFiles/hw5.dir/hw5.c.obj
 .ARM.attributes
                0x00000076       0x2c CMakeFiles/hw5.dir/C_/Users/hyunk/Documents/Pico-v1.5.1/pico-sdk/src/rp2_common/hardware_gpio/gpio.c.obj
 .ARM.attributes
                0x000000a2       0x2c CMakeFiles/hw5.dir/C_/Users/hyunk/Documents/Pico-v1.5.1/pico-sdk/src/rp2_common/pico_platform/platform.c.obj
 .ARM.attributes
                0x000000ce       0x2c CMakeFiles/hw5.dir/C_/Users/hyunk/Documents/Pico-v1.5.1/pico-sdk/src/rp2_common/hardware_claim/claim.c.obj
 .ARM.attributes
                0x000000fa       0x2c CMakeFiles/hw5.dir/C_/Users/hyunk/Documents/Pico-v1.5.1/pico-sdk/src/rp2_common/hardware_sync/sync.c.obj
 .ARM.attributes
                0x00000126       0x2c CMakeFiles/hw5.dir/C_/Users/hyunk/Documents/Pico-v1.5.1/pico-sdk/src/rp2_common/hardware_irq/irq.c.obj
 .ARM.attributes
                0x00000152       0x22 CMakeFiles/hw5.dir/C_/Users/hyunk/Documents/Pico-v1.5.1/pico-sdk/src/rp2_common/hardware_irq/irq_handler_chain.S.obj
 .ARM.attributes
                0x00000174       0x2c CMakeFiles/hw5.dir/C_/Users/hyunk/Documents/Pico-v1.5.1/pico-sdk/src/common/pico_sync/lock_core.c.obj
 .ARM.attributes
                0x000001a0       0x2c CMakeFiles/hw5.dir/C_/Users/hyunk/Documents/Pico-v1.5.1/pico-sdk/src/common/pico_sync/mutex.c.obj
 .ARM.attributes
                0x000001cc       0x2c CMakeFiles/hw5.dir/C_/Users/hyunk/Documents/Pico-v1.5.1/pico-sdk/src/common/pico_time/time.c.obj
 .ARM.attributes
                0x000001f8       0x2c CMakeFiles/hw5.dir/C_/Users/hyunk/Documents/Pico-v1.5.1/pico-sdk/src/rp2_common/hardware_timer/timer.c.obj
 .ARM.attributes
                0x00000224       0x2c CMakeFiles/hw5.dir/C_/Users/hyunk/Documents/Pico-v1.5.1/pico-sdk/src/common/pico_util/pheap.c.obj
 .ARM.attributes
                0x00000250       0x2c CMakeFiles/hw5.dir/C_/Users/hyunk/Documents/Pico-v1.5.1/pico-sdk/src/rp2_common/hardware_uart/uart.c.obj
 .ARM.attributes
                0x0000027c       0x2c CMakeFiles/hw5.dir/C_/Users/hyunk/Documents/Pico-v1.5.1/pico-sdk/src/rp2_common/hardware_clocks/clocks.c.obj
 .ARM.attributes
                0x000002a8       0x2c CMakeFiles/hw5.dir/C_/Users/hyunk/Documents/Pico-v1.5.1/pico-sdk/src/rp2_common/hardware_pll/pll.c.obj
 .ARM.attributes
                0x000002d4       0x2c CMakeFiles/hw5.dir/C_/Users/hyunk/Documents/Pico-v1.5.1/pico-sdk/src/rp2_common/hardware_watchdog/watchdog.c.obj
 .ARM.attributes
                0x00000300       0x2c CMakeFiles/hw5.dir/C_/Users/hyunk/Documents/Pico-v1.5.1/pico-sdk/src/rp2_common/hardware_xosc/xosc.c.obj
 .ARM.attributes
                0x0000032c       0x2c CMakeFiles/hw5.dir/C_/Users/hyunk/Documents/Pico-v1.5.1/pico-sdk/src/rp2_common/pico_runtime/runtime.c.obj
 .ARM.attributes
                0x00000358       0x2c CMakeFiles/hw5.dir/C_/Users/hyunk/Documents/Pico-v1.5.1/pico-sdk/src/rp2_common/pico_printf/printf.c.obj
 .ARM.attributes
                0x00000384       0x22 CMakeFiles/hw5.dir/C_/Users/hyunk/Documents/Pico-v1.5.1/pico-sdk/src/rp2_common/pico_bit_ops/bit_ops_aeabi.S.obj
 .ARM.attributes
                0x000003a6       0x2c CMakeFiles/hw5.dir/C_/Users/hyunk/Documents/Pico-v1.5.1/pico-sdk/src/rp2_common/pico_bootrom/bootrom.c.obj
 .ARM.attributes
                0x000003d2       0x22 CMakeFiles/hw5.dir/C_/Users/hyunk/Documents/Pico-v1.5.1/pico-sdk/src/rp2_common/pico_divider/divider.S.obj
 .ARM.attributes
                0x000003f4       0x22 CMakeFiles/hw5.dir/C_/Users/hyunk/Documents/Pico-v1.5.1/pico-sdk/src/rp2_common/pico_double/double_aeabi.S.obj
 .ARM.attributes
                0x00000416       0x2c CMakeFiles/hw5.dir/C_/Users/hyunk/Documents/Pico-v1.5.1/pico-sdk/src/rp2_common/pico_double/double_init_rom.c.obj
 .ARM.attributes
                0x00000442       0x22 CMakeFiles/hw5.dir/C_/Users/hyunk/Documents/Pico-v1.5.1/pico-sdk/src/rp2_common/pico_double/double_v1_rom_shim.S.obj
 .ARM.attributes
                0x00000464       0x22 CMakeFiles/hw5.dir/C_/Users/hyunk/Documents/Pico-v1.5.1/pico-sdk/src/rp2_common/pico_int64_ops/pico_int64_ops_aeabi.S.obj
 .ARM.attributes
                0x00000486       0x22 CMakeFiles/hw5.dir/C_/Users/hyunk/Documents/Pico-v1.5.1/pico-sdk/src/rp2_common/pico_float/float_aeabi.S.obj
 .ARM.attributes
                0x000004a8       0x2c CMakeFiles/hw5.dir/C_/Users/hyunk/Documents/Pico-v1.5.1/pico-sdk/src/rp2_common/pico_float/float_init_rom.c.obj
 .ARM.attributes
                0x000004d4       0x22 CMakeFiles/hw5.dir/C_/Users/hyunk/Documents/Pico-v1.5.1/pico-sdk/src/rp2_common/pico_float/float_v1_rom_shim.S.obj
 .ARM.attributes
                0x000004f6       0x22 CMakeFiles/hw5.dir/C_/Users/hyunk/Documents/Pico-v1.5.1/pico-sdk/src/rp2_common/pico_mem_ops/mem_ops_aeabi.S.obj
 .ARM.attributes
                0x00000518       0x22 CMakeFiles/hw5.dir/C_/Users/hyunk/Documents/Pico-v1.5.1/pico-sdk/src/rp2_common/pico_standard_link/crt0.S.obj
 .ARM.attributes
                0x0000053a       0x2c CMakeFiles/hw5.dir/C_/Users/hyunk/Documents/Pico-v1.5.1/pico-sdk/src/rp2_common/pico_standard_link/binary_info.c.obj
 .ARM.attributes
                0x00000566       0x2c CMakeFiles/hw5.dir/C_/Users/hyunk/Documents/Pico-v1.5.1/pico-sdk/src/rp2_common/pico_stdio/stdio.c.obj
 .ARM.attributes
                0x00000592       0x2c CMakeFiles/hw5.dir/C_/Users/hyunk/Documents/Pico-v1.5.1/pico-sdk/src/rp2_common/pico_stdio_uart/stdio_uart.c.obj
 .ARM.attributes
                0x000005be       0x2c CMakeFiles/hw5.dir/C_/Users/hyunk/Documents/Pico-v1.5.1/pico-sdk/src/rp2_common/hardware_i2c/i2c.c.obj
 .ARM.attributes
                0x000005ea       0x22 C:\Users\hyunk\AppData\Local\Temp\ccs0Z8XN.o
 .ARM.attributes
                0x0000060c       0x1e c:/program files/raspberry pi/pico sdk v1.5.1/gcc-arm-none-eabi/bin/../lib/gcc/arm-none-eabi/10.3.1/thumb/v6-m/nofp\libgcc.a(_dvmd_tls.o)
 .ARM.attributes
                0x0000062a       0x2c c:/program files/raspberry pi/pico sdk v1.5.1/gcc-arm-none-eabi/bin/../lib/gcc/arm-none-eabi/10.3.1/../../../../arm-none-eabi/lib/thumb/v6-m/nofp\libg.a(lib_a-strlen-stub.o)

.comment        0x00000000       0x49
 .comment       0x00000000       0x49 CMakeFiles/hw5.dir/hw5.c.obj
                                 0x4a (size before relaxing)
 .comment       0x00000049       0x4a CMakeFiles/hw5.dir/C_/Users/hyunk/Documents/Pico-v1.5.1/pico-sdk/src/rp2_common/hardware_gpio/gpio.c.obj
 .comment       0x00000049       0x4a CMakeFiles/hw5.dir/C_/Users/hyunk/Documents/Pico-v1.5.1/pico-sdk/src/rp2_common/pico_platform/platform.c.obj
 .comment       0x00000049       0x4a CMakeFiles/hw5.dir/C_/Users/hyunk/Documents/Pico-v1.5.1/pico-sdk/src/rp2_common/hardware_claim/claim.c.obj
 .comment       0x00000049       0x4a CMakeFiles/hw5.dir/C_/Users/hyunk/Documents/Pico-v1.5.1/pico-sdk/src/rp2_common/hardware_sync/sync.c.obj
 .comment       0x00000049       0x4a CMakeFiles/hw5.dir/C_/Users/hyunk/Documents/Pico-v1.5.1/pico-sdk/src/rp2_common/hardware_irq/irq.c.obj
 .comment       0x00000049       0x4a CMakeFiles/hw5.dir/C_/Users/hyunk/Documents/Pico-v1.5.1/pico-sdk/src/common/pico_sync/lock_core.c.obj
 .comment       0x00000049       0x4a CMakeFiles/hw5.dir/C_/Users/hyunk/Documents/Pico-v1.5.1/pico-sdk/src/common/pico_sync/mutex.c.obj
 .comment       0x00000049       0x4a CMakeFiles/hw5.dir/C_/Users/hyunk/Documents/Pico-v1.5.1/pico-sdk/src/common/pico_time/time.c.obj
 .comment       0x00000049       0x4a CMakeFiles/hw5.dir/C_/Users/hyunk/Documents/Pico-v1.5.1/pico-sdk/src/rp2_common/hardware_timer/timer.c.obj
 .comment       0x00000049       0x4a CMakeFiles/hw5.dir/C_/Users/hyunk/Documents/Pico-v1.5.1/pico-sdk/src/common/pico_util/pheap.c.obj
 .comment       0x00000049       0x4a CMakeFiles/hw5.dir/C_/Users/hyunk/Documents/Pico-v1.5.1/pico-sdk/src/rp2_common/hardware_uart/uart.c.obj
 .comment       0x00000049       0x4a CMakeFiles/hw5.dir/C_/Users/hyunk/Documents/Pico-v1.5.1/pico-sdk/src/rp2_common/hardware_clocks/clocks.c.obj
 .comment       0x00000049       0x4a CMakeFiles/hw5.dir/C_/Users/hyunk/Documents/Pico-v1.5.1/pico-sdk/src/rp2_common/hardware_pll/pll.c.obj
 .comment       0x00000049       0x4a CMakeFiles/hw5.dir/C_/Users/hyunk/Documents/Pico-v1.5.1/pico-sdk/src/rp2_common/hardware_watchdog/watchdog.c.obj
 .comment       0x00000049       0x4a CMakeFiles/hw5.dir/C_/Users/hyunk/Documents/Pico-v1.5.1/pico-sdk/src/rp2_common/hardware_xosc/xosc.c.obj
 .comment       0x00000049       0x4a CMakeFiles/hw5.dir/C_/Users/hyunk/Documents/Pico-v1.5.1/pico-sdk/src/rp2_common/pico_runtime/runtime.c.obj
 .comment       0x00000049       0x4a CMakeFiles/hw5.dir/C_/Users/hyunk/Documents/Pico-v1.5.1/pico-sdk/src/rp2_common/pico_printf/printf.c.obj
 .comment       0x00000049       0x4a CMakeFiles/hw5.dir/C_/Users/hyunk/Documents/Pico-v1.5.1/pico-sdk/src/rp2_common/pico_bootrom/bootrom.c.obj
 .comment       0x00000049       0x4a CMakeFiles/hw5.dir/C_/Users/hyunk/Documents/Pico-v1.5.1/pico-sdk/src/rp2_common/pico_double/double_init_rom.c.obj
 .comment       0x00000049       0x4a CMakeFiles/hw5.dir/C_/Users/hyunk/Documents/Pico-v1.5.1/pico-sdk/src/rp2_common/pico_float/float_init_rom.c.obj
 .comment       0x00000049       0x4a CMakeFiles/hw5.dir/C_/Users/hyunk/Documents/Pico-v1.5.1/pico-sdk/src/rp2_common/pico_standard_link/binary_info.c.obj
 .comment       0x00000049       0x4a CMakeFiles/hw5.dir/C_/Users/hyunk/Documents/Pico-v1.5.1/pico-sdk/src/rp2_common/pico_stdio/stdio.c.obj
 .comment       0x00000049       0x4a CMakeFiles/hw5.dir/C_/Users/hyunk/Documents/Pico-v1.5.1/pico-sdk/src/rp2_common/pico_stdio_uart/stdio_uart.c.obj
 .comment       0x00000049       0x4a CMakeFiles/hw5.dir/C_/Users/hyunk/Documents/Pico-v1.5.1/pico-sdk/src/rp2_common/hardware_i2c/i2c.c.obj

.debug_info     0x00000000    0x176ad
 .debug_info    0x00000000      0xb3d CMakeFiles/hw5.dir/hw5.c.obj
 .debug_info    0x00000b3d     0x187e CMakeFiles/hw5.dir/C_/Users/hyunk/Documents/Pico-v1.5.1/pico-sdk/src/rp2_common/hardware_gpio/gpio.c.obj
 .debug_info    0x000023bb      0x1e3 CMakeFiles/hw5.dir/C_/Users/hyunk/Documents/Pico-v1.5.1/pico-sdk/src/rp2_common/pico_platform/platform.c.obj
 .debug_info    0x0000259e      0x6be CMakeFiles/hw5.dir/C_/Users/hyunk/Documents/Pico-v1.5.1/pico-sdk/src/rp2_common/hardware_claim/claim.c.obj
 .debug_info    0x00002c5c      0x58e CMakeFiles/hw5.dir/C_/Users/hyunk/Documents/Pico-v1.5.1/pico-sdk/src/rp2_common/hardware_sync/sync.c.obj
 .debug_info    0x000031ea     0x1c9e CMakeFiles/hw5.dir/C_/Users/hyunk/Documents/Pico-v1.5.1/pico-sdk/src/rp2_common/hardware_irq/irq.c.obj
 .debug_info    0x00004e88      0x1a4 CMakeFiles/hw5.dir/C_/Users/hyunk/Documents/Pico-v1.5.1/pico-sdk/src/common/pico_sync/lock_core.c.obj
 .debug_info    0x0000502c     0x20d5 CMakeFiles/hw5.dir/C_/Users/hyunk/Documents/Pico-v1.5.1/pico-sdk/src/common/pico_sync/mutex.c.obj
 .debug_info    0x00007101     0x4068 CMakeFiles/hw5.dir/C_/Users/hyunk/Documents/Pico-v1.5.1/pico-sdk/src/common/pico_time/time.c.obj
 .debug_info    0x0000b169     0x13f0 CMakeFiles/hw5.dir/C_/Users/hyunk/Documents/Pico-v1.5.1/pico-sdk/src/rp2_common/hardware_timer/timer.c.obj
 .debug_info    0x0000c559     0x123b CMakeFiles/hw5.dir/C_/Users/hyunk/Documents/Pico-v1.5.1/pico-sdk/src/common/pico_util/pheap.c.obj
 .debug_info    0x0000d794      0xdd2 CMakeFiles/hw5.dir/C_/Users/hyunk/Documents/Pico-v1.5.1/pico-sdk/src/rp2_common/hardware_uart/uart.c.obj
 .debug_info    0x0000e566      0xfcf CMakeFiles/hw5.dir/C_/Users/hyunk/Documents/Pico-v1.5.1/pico-sdk/src/rp2_common/hardware_clocks/clocks.c.obj
 .debug_info    0x0000f535      0x51b CMakeFiles/hw5.dir/C_/Users/hyunk/Documents/Pico-v1.5.1/pico-sdk/src/rp2_common/hardware_pll/pll.c.obj
 .debug_info    0x0000fa50      0x4ee CMakeFiles/hw5.dir/C_/Users/hyunk/Documents/Pico-v1.5.1/pico-sdk/src/rp2_common/hardware_watchdog/watchdog.c.obj
 .debug_info    0x0000ff3e      0x1d8 CMakeFiles/hw5.dir/C_/Users/hyunk/Documents/Pico-v1.5.1/pico-sdk/src/rp2_common/hardware_xosc/xosc.c.obj
 .debug_info    0x00010116     0x1053 CMakeFiles/hw5.dir/C_/Users/hyunk/Documents/Pico-v1.5.1/pico-sdk/src/rp2_common/pico_runtime/runtime.c.obj
 .debug_info    0x00011169     0x1a5f CMakeFiles/hw5.dir/C_/Users/hyunk/Documents/Pico-v1.5.1/pico-sdk/src/rp2_common/pico_printf/printf.c.obj
 .debug_info    0x00012bc8       0x22 CMakeFiles/hw5.dir/C_/Users/hyunk/Documents/Pico-v1.5.1/pico-sdk/src/rp2_common/pico_bit_ops/bit_ops_aeabi.S.obj
 .debug_info    0x00012bea      0x27c CMakeFiles/hw5.dir/C_/Users/hyunk/Documents/Pico-v1.5.1/pico-sdk/src/rp2_common/pico_bootrom/bootrom.c.obj
 .debug_info    0x00012e66       0x22 CMakeFiles/hw5.dir/C_/Users/hyunk/Documents/Pico-v1.5.1/pico-sdk/src/rp2_common/pico_divider/divider.S.obj
 .debug_info    0x00012e88       0x22 CMakeFiles/hw5.dir/C_/Users/hyunk/Documents/Pico-v1.5.1/pico-sdk/src/rp2_common/pico_double/double_aeabi.S.obj
 .debug_info    0x00012eaa      0x2d1 CMakeFiles/hw5.dir/C_/Users/hyunk/Documents/Pico-v1.5.1/pico-sdk/src/rp2_common/pico_double/double_init_rom.c.obj
 .debug_info    0x0001317b       0x22 CMakeFiles/hw5.dir/C_/Users/hyunk/Documents/Pico-v1.5.1/pico-sdk/src/rp2_common/pico_double/double_v1_rom_shim.S.obj
 .debug_info    0x0001319d       0x26 CMakeFiles/hw5.dir/C_/Users/hyunk/Documents/Pico-v1.5.1/pico-sdk/src/rp2_common/pico_int64_ops/pico_int64_ops_aeabi.S.obj
 .debug_info    0x000131c3       0x22 CMakeFiles/hw5.dir/C_/Users/hyunk/Documents/Pico-v1.5.1/pico-sdk/src/rp2_common/pico_float/float_aeabi.S.obj
 .debug_info    0x000131e5      0x2eb CMakeFiles/hw5.dir/C_/Users/hyunk/Documents/Pico-v1.5.1/pico-sdk/src/rp2_common/pico_float/float_init_rom.c.obj
 .debug_info    0x000134d0       0x22 CMakeFiles/hw5.dir/C_/Users/hyunk/Documents/Pico-v1.5.1/pico-sdk/src/rp2_common/pico_float/float_v1_rom_shim.S.obj
 .debug_info    0x000134f2       0x22 CMakeFiles/hw5.dir/C_/Users/hyunk/Documents/Pico-v1.5.1/pico-sdk/src/rp2_common/pico_mem_ops/mem_ops_aeabi.S.obj
 .debug_info    0x00013514       0x22 CMakeFiles/hw5.dir/C_/Users/hyunk/Documents/Pico-v1.5.1/pico-sdk/src/rp2_common/pico_standard_link/crt0.S.obj
 .debug_info    0x00013536      0x2fb CMakeFiles/hw5.dir/C_/Users/hyunk/Documents/Pico-v1.5.1/pico-sdk/src/rp2_common/pico_standard_link/binary_info.c.obj
 .debug_info    0x00013831     0x1827 CMakeFiles/hw5.dir/C_/Users/hyunk/Documents/Pico-v1.5.1/pico-sdk/src/rp2_common/pico_stdio/stdio.c.obj
 .debug_info    0x00015058     0x104f CMakeFiles/hw5.dir/C_/Users/hyunk/Documents/Pico-v1.5.1/pico-sdk/src/rp2_common/pico_stdio_uart/stdio_uart.c.obj
 .debug_info    0x000160a7     0x1606 CMakeFiles/hw5.dir/C_/Users/hyunk/Documents/Pico-v1.5.1/pico-sdk/src/rp2_common/hardware_i2c/i2c.c.obj

.debug_abbrev   0x00000000     0x4784
 .debug_abbrev  0x00000000      0x267 CMakeFiles/hw5.dir/hw5.c.obj
 .debug_abbrev  0x00000267      0x379 CMakeFiles/hw5.dir/C_/Users/hyunk/Documents/Pico-v1.5.1/pico-sdk/src/rp2_common/hardware_gpio/gpio.c.obj
 .debug_abbrev  0x000005e0       0xeb CMakeFiles/hw5.dir/C_/Users/hyunk/Documents/Pico-v1.5.1/pico-sdk/src/rp2_common/pico_platform/platform.c.obj
 .debug_abbrev  0x000006cb      0x2e9 CMakeFiles/hw5.dir/C_/Users/hyunk/Documents/Pico-v1.5.1/pico-sdk/src/rp2_common/hardware_claim/claim.c.obj
 .debug_abbrev  0x000009b4      0x21b CMakeFiles/hw5.dir/C_/Users/hyunk/Documents/Pico-v1.5.1/pico-sdk/src/rp2_common/hardware_sync/sync.c.obj
 .debug_abbrev  0x00000bcf      0x4e7 CMakeFiles/hw5.dir/C_/Users/hyunk/Documents/Pico-v1.5.1/pico-sdk/src/rp2_common/hardware_irq/irq.c.obj
 .debug_abbrev  0x000010b6      0x116 CMakeFiles/hw5.dir/C_/Users/hyunk/Documents/Pico-v1.5.1/pico-sdk/src/common/pico_sync/lock_core.c.obj
 .debug_abbrev  0x000011cc      0x397 CMakeFiles/hw5.dir/C_/Users/hyunk/Documents/Pico-v1.5.1/pico-sdk/src/common/pico_sync/mutex.c.obj
 .debug_abbrev  0x00001563      0x571 CMakeFiles/hw5.dir/C_/Users/hyunk/Documents/Pico-v1.5.1/pico-sdk/src/common/pico_time/time.c.obj
 .debug_abbrev  0x00001ad4      0x3b8 CMakeFiles/hw5.dir/C_/Users/hyunk/Documents/Pico-v1.5.1/pico-sdk/src/rp2_common/hardware_timer/timer.c.obj
 .debug_abbrev  0x00001e8c      0x297 CMakeFiles/hw5.dir/C_/Users/hyunk/Documents/Pico-v1.5.1/pico-sdk/src/common/pico_util/pheap.c.obj
 .debug_abbrev  0x00002123      0x31c CMakeFiles/hw5.dir/C_/Users/hyunk/Documents/Pico-v1.5.1/pico-sdk/src/rp2_common/hardware_uart/uart.c.obj
 .debug_abbrev  0x0000243f      0x3c7 CMakeFiles/hw5.dir/C_/Users/hyunk/Documents/Pico-v1.5.1/pico-sdk/src/rp2_common/hardware_clocks/clocks.c.obj
 .debug_abbrev  0x00002806      0x1ea CMakeFiles/hw5.dir/C_/Users/hyunk/Documents/Pico-v1.5.1/pico-sdk/src/rp2_common/hardware_pll/pll.c.obj
 .debug_abbrev  0x000029f0      0x1a8 CMakeFiles/hw5.dir/C_/Users/hyunk/Documents/Pico-v1.5.1/pico-sdk/src/rp2_common/hardware_watchdog/watchdog.c.obj
 .debug_abbrev  0x00002b98      0x109 CMakeFiles/hw5.dir/C_/Users/hyunk/Documents/Pico-v1.5.1/pico-sdk/src/rp2_common/hardware_xosc/xosc.c.obj
 .debug_abbrev  0x00002ca1      0x4cb CMakeFiles/hw5.dir/C_/Users/hyunk/Documents/Pico-v1.5.1/pico-sdk/src/rp2_common/pico_runtime/runtime.c.obj
 .debug_abbrev  0x0000316c      0x384 CMakeFiles/hw5.dir/C_/Users/hyunk/Documents/Pico-v1.5.1/pico-sdk/src/rp2_common/pico_printf/printf.c.obj
 .debug_abbrev  0x000034f0       0x12 CMakeFiles/hw5.dir/C_/Users/hyunk/Documents/Pico-v1.5.1/pico-sdk/src/rp2_common/pico_bit_ops/bit_ops_aeabi.S.obj
 .debug_abbrev  0x00003502      0x13b CMakeFiles/hw5.dir/C_/Users/hyunk/Documents/Pico-v1.5.1/pico-sdk/src/rp2_common/pico_bootrom/bootrom.c.obj
 .debug_abbrev  0x0000363d       0x12 CMakeFiles/hw5.dir/C_/Users/hyunk/Documents/Pico-v1.5.1/pico-sdk/src/rp2_common/pico_divider/divider.S.obj
 .debug_abbrev  0x0000364f       0x12 CMakeFiles/hw5.dir/C_/Users/hyunk/Documents/Pico-v1.5.1/pico-sdk/src/rp2_common/pico_double/double_aeabi.S.obj
 .debug_abbrev  0x00003661      0x179 CMakeFiles/hw5.dir/C_/Users/hyunk/Documents/Pico-v1.5.1/pico-sdk/src/rp2_common/pico_double/double_init_rom.c.obj
 .debug_abbrev  0x000037da       0x12 CMakeFiles/hw5.dir/C_/Users/hyunk/Documents/Pico-v1.5.1/pico-sdk/src/rp2_common/pico_double/double_v1_rom_shim.S.obj
 .debug_abbrev  0x000037ec       0x14 CMakeFiles/hw5.dir/C_/Users/hyunk/Documents/Pico-v1.5.1/pico-sdk/src/rp2_common/pico_int64_ops/pico_int64_ops_aeabi.S.obj
 .debug_abbrev  0x00003800       0x12 CMakeFiles/hw5.dir/C_/Users/hyunk/Documents/Pico-v1.5.1/pico-sdk/src/rp2_common/pico_float/float_aeabi.S.obj
 .debug_abbrev  0x00003812      0x18c CMakeFiles/hw5.dir/C_/Users/hyunk/Documents/Pico-v1.5.1/pico-sdk/src/rp2_common/pico_float/float_init_rom.c.obj
 .debug_abbrev  0x0000399e       0x12 CMakeFiles/hw5.dir/C_/Users/hyunk/Documents/Pico-v1.5.1/pico-sdk/src/rp2_common/pico_float/float_v1_rom_shim.S.obj
 .debug_abbrev  0x000039b0       0x12 CMakeFiles/hw5.dir/C_/Users/hyunk/Documents/Pico-v1.5.1/pico-sdk/src/rp2_common/pico_mem_ops/mem_ops_aeabi.S.obj
 .debug_abbrev  0x000039c2       0x12 CMakeFiles/hw5.dir/C_/Users/hyunk/Documents/Pico-v1.5.1/pico-sdk/src/rp2_common/pico_standard_link/crt0.S.obj
 .debug_abbrev  0x000039d4       0xad CMakeFiles/hw5.dir/C_/Users/hyunk/Documents/Pico-v1.5.1/pico-sdk/src/rp2_common/pico_standard_link/binary_info.c.obj